03-30 15:06:06.559 W/art     ( 1997): Long monitor contention with owner ActivityManager (2038) at void com.android.server.am.ActivityManagerService$MainHandler.handleMessage(android.os.Message)(ActivityManagerService.java:1862) waiters=1 in int com.android.server.am.ActivityManagerService.getAppStartMode(int, java.lang.String) for 1.078s
03-30 15:06:06.613 I/Choreographer( 1997): Skipped 70 frames!  The application may be doing too much work on its main thread.
03-30 15:06:06.624 W/art     ( 1997): Long monitor contention with owner android.display (2068) at void com.android.server.wm.WindowManagerService$H.handleMessage(android.os.Message)(WindowManagerService.java:8549) waiters=0 in int com.android.server.wm.WindowManagerService.relayoutWindow(com.android.server.wm.Session, android.view.IWindow, int, android.view.WindowManager$LayoutParams, int, int, int, int, android.graphics.Rect, android.graphics.Rect, android.graphics.Rect, android.graphics.Rect, android.graphics.Rect, android.graphics.Rect, android.graphics.Rect, android.content.res.Configuration, android.view.Surface) for 510ms
03-30 15:06:07.208 I/Choreographer( 2506): Skipped 84 frames!  The application may be doing too much work on its main thread.
03-30 15:06:07.473 I/MediaPlayerService( 1338): MediaPlayerService::getOMX
03-30 15:06:07.485 I/OMXClient( 2685): MuxOMX ctor
03-30 15:06:07.493 I/OMXMaster( 1335): makeComponentInstance(OMX.google.vorbis.decoder) in mediacodec process
03-30 15:06:08.499 W/ActivityManager( 1997): Launch timeout has expired, giving up wake lock!
03-30 15:06:09.722 I/vol.Events( 2685): writeEvent collection_started
03-30 15:06:09.915 I/vol.Events( 2685): writeEvent external_ringer_mode_changed normal
03-30 15:06:09.929 I/vol.Events( 2685): writeEvent internal_ringer_mode_changed normal
03-30 15:06:10.207 I/MediaPlayerService( 1338): MediaPlayerService::getOMX
03-30 15:06:10.212 I/OMXClient( 2685): MuxOMX ctor
03-30 15:06:10.249 I/OMXMaster( 1335): makeComponentInstance(OMX.google.vorbis.decoder) in mediacodec process
03-30 15:06:10.556 W/art     ( 1997): Long monitor contention with owner Binder:1997_4 (2287) at int com.android.server.wm.WindowManagerService.relayoutWindow(com.android.server.wm.Session, android.view.IWindow, int, android.view.WindowManager$LayoutParams, int, int, int, int, android.graphics.Rect, android.graphics.Rect, android.graphics.Rect, android.graphics.Rect, android.graphics.Rect, android.graphics.Rect, android.graphics.Rect, android.content.res.Configuration, android.view.Surface)(WindowManagerService.java:2857) waiters=0 in void com.android.server.wm.WindowManagerService$H.handleMessage(android.os.Message) for 169ms
03-30 15:06:10.725 I/Choreographer( 2754): Skipped 38 frames!  The application may be doing too much work on its main thread.
03-30 15:06:10.946 D/gralloc_ranchu( 2754): Emulator without host-side GPU emulation detected. Loading gralloc.default.so from /vendor/lib64/hw/gralloc.goldfish.default.so...
03-30 15:06:10.960 D/gralloc_ranchu( 2754): gralloc.default.so not found in /vendor. Trying /system/lib64/hw/gralloc.goldfish.default.so...
03-30 15:06:11.281 I/Choreographer( 2754): Skipped 31 frames!  The application may be doing too much work on its main thread.
03-30 15:06:13.245 W/ifconfig( 2822): type=1400 audit(0.0:13): avc: denied { ioctl } for path="socket:[15428]" dev="sockfs" ino=15428 ioctlcmd=8927 scontext=u:r:shell:s0 tcontext=u:r:shell:s0 tclass=udp_socket permissive=0
03-30 15:06:13.285 W/ifconfig( 2822): type=1400 audit(0.0:14): avc: denied { ioctl } for path="socket:[15428]" dev="sockfs" ino=15428 ioctlcmd=891d scontext=u:r:shell:s0 tcontext=u:r:shell:s0 tclass=udp_socket permissive=0
03-30 15:06:13.285 W/ifconfig( 2822): type=1400 audit(0.0:15): avc: denied { ioctl } for path="socket:[15428]" dev="sockfs" ino=15428 ioctlcmd=8970 scontext=u:r:shell:s0 tcontext=u:r:shell:s0 tclass=udp_socket permissive=0
03-30 15:06:11.479 I/ActivityManager( 1997): Displayed com.android.launcher3/.Launcher: +11s725ms
03-30 15:06:12.316 V/GridSizeMigrationTask( 2754): Workspace migration completed in 781
03-30 15:06:12.325 D/Launcher.Model( 2754): loadWorkspace: loading default favorites
03-30 15:06:12.594 W/art     ( 1997): Long monitor contention with owner ActivityManager (2038) at void com.android.server.am.ActivityStackSupervisor$ActivityStackSupervisorHandler.handleMessage(android.os.Message)(ActivityStackSupervisor.java:3929) waiters=0 in int com.android.server.am.ActivityManagerService.bindService(android.app.IApplicationThread, android.os.IBinder, android.content.Intent, java.lang.String, android.app.IServiceConnection, int, java.lang.String, int) for 4.077s
03-30 15:06:12.874 W/ActivityManager( 1997): Slow operation: 210ms so far, now at startProcess: returned from zygote!
03-30 15:06:12.884 W/ActivityManager( 1997): Slow operation: 220ms so far, now at startProcess: done updating battery stats
03-30 15:06:12.885 W/ActivityManager( 1997): Slow operation: 221ms so far, now at startProcess: building log message
03-30 15:06:12.885 I/ActivityManager( 1997): Start proc 2824:com.android.keychain/1000 for service com.android.keychain/.KeyChainService
03-30 15:06:12.886 W/ActivityManager( 1997): Slow operation: 222ms so far, now at startProcess: starting to update pids map
03-30 15:06:12.886 W/ActivityManager( 1997): Slow operation: 222ms so far, now at startProcess: done updating pids map
03-30 15:06:12.886 W/ActivityManager( 1997): Slow operation: 248ms so far, now at startProcess: done starting proc!
03-30 15:06:12.889 W/art     ( 1997): Long monitor contention with owner AsyncTask #4 (2740) at int com.android.server.am.ActivityManagerService.bindService(android.app.IApplicationThread, android.os.IBinder, android.content.Intent, java.lang.String, android.app.IServiceConnection, int, java.lang.String, int)(ActivityManagerService.java:17301) waiters=0 in java.lang.String com.android.server.am.ActivityManagerService.checkContentProviderAccess(java.lang.String, int) for 176ms
03-30 15:06:12.990 W/art     ( 2824): Unexpected CPU variant for X86 using defaults: x86_64
03-30 15:06:13.691 W/System  ( 2824): ClassLoader referenced unknown path: /system/app/KeyChain/lib/x86_64
03-30 15:06:13.989 W/art     ( 1997): Long monitor contention with owner AsyncTask #4 (2740) at int com.android.server.am.ActivityManagerService.bindService(android.app.IApplicationThread, android.os.IBinder, android.content.Intent, java.lang.String, android.app.IServiceConnection, int, java.lang.String, int)(ActivityManagerService.java:17301) waiters=1 in android.content.Intent com.android.server.am.ActivityManagerService.registerReceiver(android.app.IApplicationThread, java.lang.String, android.content.IIntentReceiver, android.content.IntentFilter, java.lang.String, int) for 1.184s
03-30 15:06:14.011 W/art     ( 1997): Long monitor contention with owner backup (2704) at void com.android.server.AlarmManagerService.setImpl(int, long, long, long, android.app.PendingIntent, android.app.IAlarmListener, java.lang.String, int, android.os.WorkSource, android.app.AlarmManager$AlarmClockInfo, int, java.lang.String)(AlarmManagerService.java:1072) waiters=0 in void com.android.server.AlarmManagerService$UidObserver.onUidIdle(int) for 8.520s
03-30 15:06:14.095 I/vol.Events( 2685): writeEvent level_changed STREAM_ALARM 6
03-30 15:06:14.111 I/vol.Events( 2685): writeEvent level_changed STREAM_BLUETOOTH_SCO 7
03-30 15:06:14.129 W/art     ( 1997): Long monitor contention with owner backup (2704) at java.lang.Object java.util.ArrayList.get(int)(ArrayList.java:410) waiters=0 in boolean com.android.server.job.JobServiceContext.verifyCallingUid() for 832ms
03-30 15:06:14.177 I/vol.Events( 2685): writeEvent level_changed STREAM_MUSIC 11
03-30 15:06:14.277 I/vol.Events( 2685): writeEvent level_changed STREAM_RING 5
03-30 15:06:14.293 I/vol.Events( 2685): writeEvent level_changed STREAM_SYSTEM 5
03-30 15:06:14.352 I/vol.Events( 2685): writeEvent level_changed STREAM_VOICE_CALL 4
03-30 15:06:14.684 W/art     ( 1997): Long monitor contention with owner backup (2704) at boolean android.os.MessageQueue.enqueueMessage(android.os.Message, long)(MessageQueue.java:541) waiters=0 in android.os.Message android.os.MessageQueue.next() for 336ms
03-30 15:06:14.714 W/art     ( 1997): Long monitor contention with owner backup (2704) at boolean android.os.MessageQueue.enqueueMessage(android.os.Message, long)(MessageQueue.java:541) waiters=1 in boolean android.os.MessageQueue.enqueueMessage(android.os.Message, long) for 328ms
03-30 15:06:14.751 D/StorageNotification( 2685): Notifying about private volume: VolumeInfo{private}:
03-30 15:06:14.751 D/StorageNotification( 2685):     type=PRIVATE diskId=null partGuid=null mountFlags=0 mountUserId=-1 
03-30 15:06:14.751 D/StorageNotification( 2685):     state=MOUNTED 
03-30 15:06:14.751 D/StorageNotification( 2685):     fsType=null fsUuid=null fsLabel=null 
03-30 15:06:14.751 D/StorageNotification( 2685):     path=/data internalPath=null 
03-30 15:06:15.299 V/KeyguardServiceDelegate( 1997): *** Keyguard connected (yay!)
03-30 15:06:15.598 D/LockSettings( 1997): Removing dead StrongAuthTracker.
03-30 15:06:15.804 I/Choreographer( 2685): Skipped 79 frames!  The application may be doing too much work on its main thread.
03-30 15:06:16.475 I/StatusBarManagerService( 1997): registerStatusBar bar=com.android.internal.statusbar.IStatusBar$Stub$Proxy@2750888
03-30 15:06:18.101 W/art     ( 2754): Suspending all threads took: 38.492ms
03-30 15:06:18.169 I/art     ( 2754): Background sticky concurrent mark sweep GC freed 20029(1939KB) AllocSpace objects, 9(204KB) LOS objects, 23% free, 7MB/10MB, paused 51.774ms total 219.678ms
03-30 15:06:18.610 I/art     ( 2685): Background sticky concurrent mark sweep GC freed 13255(1928KB) AllocSpace objects, 2(40KB) LOS objects, 16% free, 11MB/13MB, paused 1.143ms total 131.468ms
03-30 15:06:18.655 I/AlarmClock( 2710): AlarmInitReceiver android.intent.action.TIME_SET
03-30 15:06:18.666 I/GnssLocationProvider( 1997): WakeLock released by handleMessage(13, 0, null)
03-30 15:06:18.668 E/GnssLocationProvider( 1997): no AGPS interface in set_agps_server
03-30 15:06:18.671 I/GnssLocationProvider( 1997): WakeLock released by handleMessage(2, 1, null)
03-30 15:06:19.065 I/SyncManager( 1997): Got SyncJobService instance.
03-30 15:06:19.068 I/FusedLocation( 1997): engine started (com.android.location.fused)
03-30 15:06:19.274 D/WIFI    ( 1997): Registering NetworkFactory
03-30 15:06:19.275 D/WIFI_UT ( 1997): Registering NetworkFactory
03-30 15:06:19.276 D/ConnectivityService( 1997): Got NetworkFactory Messenger for WIFI
03-30 15:06:19.277 D/ConnectivityService( 1997): Got NetworkFactory Messenger for WIFI_UT
03-30 15:06:19.282 I/AlarmClock( 2710): AlarmInitReceiver android.intent.action.LOCKED_BOOT_COMPLETED
03-30 15:06:19.307 D/WIFI    ( 1997): got request NetworkRequest [ REQUEST id=1, [ Capabilities: INTERNET&NOT_RESTRICTED&TRUSTED&NOT_VPN] ] with score 0
03-30 15:06:19.308 D/WIFI_UT ( 1997): got request NetworkRequest [ REQUEST id=1, [ Capabilities: INTERNET&NOT_RESTRICTED&TRUSTED&NOT_VPN] ] with score 0
03-30 15:06:19.330 V/AlarmClock( 2710): AlarmInitReceiver finished
03-30 15:06:19.528 D/AlarmClock/Events( 2710): [Stopwatch] [Reset] [Reboot]
03-30 15:06:19.668 V/AlarmClock( 2710): AlarmInitReceiver finished
03-30 15:06:19.750 W/ActivityManager( 1997): Slow operation: 103ms so far, now at startProcess: returned from zygote!
03-30 15:06:19.751 W/ActivityManager( 1997): Slow operation: 104ms so far, now at startProcess: done updating battery stats
03-30 15:06:19.751 W/ActivityManager( 1997): Slow operation: 104ms so far, now at startProcess: building log message
03-30 15:06:19.751 I/ActivityManager( 1997): Start proc 2852:android.process.media/u0a10 for broadcast com.android.providers.downloads/.DownloadReceiver
03-30 15:06:19.751 W/ActivityManager( 1997): Slow operation: 104ms so far, now at startProcess: starting to update pids map
03-30 15:06:19.753 W/ActivityManager( 1997): Slow operation: 106ms so far, now at startProcess: done updating pids map
03-30 15:06:19.753 W/ActivityManager( 1997): Slow operation: 108ms so far, now at startProcess: done starting proc!
03-30 15:06:19.784 W/art     ( 2852): Unexpected CPU variant for X86 using defaults: x86_64
03-30 15:06:19.815 I/BackupManagerService( 1997): Found stale backup journal, scheduling
03-30 15:06:19.830 W/System  ( 2685): ClassLoader referenced unknown path: 
03-30 15:06:19.831 W/System  ( 2685): ClassLoader referenced unknown path: /system/priv-app/Dialer/lib/x86_64
03-30 15:06:19.848 D/ApplicationLoaders( 2685): ignored Vulkan layer search path /system/priv-app/Dialer/lib/x86_64:/system/lib64:/vendor/lib64 for namespace 0x7a58d85ba0f0
03-30 15:06:20.052 W/System  ( 2852): ClassLoader referenced unknown path: /system/priv-app/DownloadProvider/lib/x86_64
03-30 15:06:20.219 E/BluetoothAdapter( 2685): Bluetooth binder is null
03-30 15:06:20.251 W/System  ( 2852): ClassLoader referenced unknown path: /system/priv-app/MediaProvider/lib/x86_64
03-30 15:06:20.339 I/CameraManagerGlobal( 2685): Connecting to camera service
03-30 15:06:20.387 V/EmulatedCamera_Camera( 1331): getCameraInfo
03-30 15:06:20.389 V/EmulatedCamera_BaseCamera( 1331): getCameraInfo
03-30 15:06:20.389 I/CameraService( 1331): getCameraCharacteristics: Switching to HAL1 shim implementation...
03-30 15:06:20.389 V/EmulatedCamera_Camera( 1331): getCameraInfo
03-30 15:06:20.389 V/EmulatedCamera_BaseCamera( 1331): getCameraInfo
03-30 15:06:20.427 V/EmulatedCamera_Camera( 1331): getCameraInfo
03-30 15:06:20.427 V/EmulatedCamera_BaseCamera( 1331): getCameraInfo
03-30 15:06:20.432 V/EmulatedCamera_Camera( 1331): getCameraInfo
03-30 15:06:20.432 V/EmulatedCamera_BaseCamera( 1331): getCameraInfo
03-30 15:06:20.565 I/StatusBar( 2685): isKeyguardShowing() called before startKeyguard(), returning true
03-30 15:06:20.568 W/StatusBar( 2685): isKeyguardSecure() called before startKeyguard(), returning false
03-30 15:06:20.568 W/StatusBar( 2685): java.lang.Throwable
03-30 15:06:20.568 W/StatusBar( 2685): 	at com.android.systemui.statusbar.BaseStatusBar.isKeyguardSecure(BaseStatusBar.java:2647)
03-30 15:06:20.568 W/StatusBar( 2685): 	at com.android.systemui.statusbar.BaseStatusBar.isCameraAllowedByAdmin(BaseStatusBar.java:2670)
03-30 15:06:20.568 W/StatusBar( 2685): 	at com.android.systemui.statusbar.phone.KeyguardBottomAreaView.updateCameraVisibility(KeyguardBottomAreaView.java:309)
03-30 15:06:20.568 W/StatusBar( 2685): 	at com.android.systemui.statusbar.phone.KeyguardBottomAreaView.setPhoneStatusBar(KeyguardBottomAreaView.java:272)
03-30 15:06:20.568 W/StatusBar( 2685): 	at com.android.systemui.statusbar.phone.PhoneStatusBar.makeStatusBarView(PhoneStatusBar.java:904)
03-30 15:06:20.568 W/StatusBar( 2685): 	at com.android.systemui.statusbar.phone.PhoneStatusBar.addStatusBarWindow(PhoneStatusBar.java:3432)
03-30 15:06:20.568 W/StatusBar( 2685): 	at com.android.systemui.statusbar.phone.PhoneStatusBar.createAndAddWindows(PhoneStatusBar.java:3428)
03-30 15:06:20.568 W/StatusBar( 2685): 	at com.android.systemui.statusbar.BaseStatusBar.start(BaseStatusBar.java:765)
03-30 15:06:20.568 W/StatusBar( 2685): 	at com.android.systemui.statusbar.phone.PhoneStatusBar.start(PhoneStatusBar.java:686)
03-30 15:06:20.568 W/StatusBar( 2685): 	at com.android.systemui.statusbar.SystemBars.createStatusBarFromConfig(SystemBars.java:106)
03-30 15:06:20.568 W/StatusBar( 2685): 	at com.android.systemui.statusbar.SystemBars.onNoService(SystemBars.java:58)
03-30 15:06:20.568 W/StatusBar( 2685): 	at com.android.systemui.statusbar.ServiceMonitor.startService(ServiceMonitor.java:230)
03-30 15:06:20.568 W/StatusBar( 2685): 	at com.android.systemui.statusbar.ServiceMonitor.-wrap5(ServiceMonitor.java)
03-30 15:06:20.568 W/StatusBar( 2685): 	at com.android.systemui.statusbar.ServiceMonitor$1.handleMessage(ServiceMonitor.java:73)
03-30 15:06:20.568 W/StatusBar( 2685): 	at android.os.Handler.dispatchMessage(Handler.java:102)
03-30 15:06:20.568 W/StatusBar( 2685): 	at android.os.Looper.loop(Looper.java:154)
03-30 15:06:20.568 W/StatusBar( 2685): 	at android.app.ActivityThread.main(ActivityThread.java:6119)
03-30 15:06:20.568 W/StatusBar( 2685): 	at java.lang.reflect.Method.invoke(Native Method)
03-30 15:06:20.568 W/StatusBar( 2685): 	at com.android.internal.os.ZygoteInit$MethodAndArgsCaller.run(ZygoteInit.java:886)
03-30 15:06:20.568 W/StatusBar( 2685): 	at com.android.internal.os.ZygoteInit.main(ZygoteInit.java:776)
03-30 15:06:20.584 I/StatusBar( 2685): isKeyguardShowing() called before startKeyguard(), returning true
03-30 15:06:20.587 W/StatusBar( 2685): isKeyguardSecure() called before startKeyguard(), returning false
03-30 15:06:20.587 W/StatusBar( 2685): java.lang.Throwable
03-30 15:06:20.587 W/StatusBar( 2685): 	at com.android.systemui.statusbar.BaseStatusBar.isKeyguardSecure(BaseStatusBar.java:2647)
03-30 15:06:20.587 W/StatusBar( 2685): 	at com.android.systemui.statusbar.BaseStatusBar.isCameraAllowedByAdmin(BaseStatusBar.java:2670)
03-30 15:06:20.587 W/StatusBar( 2685): 	at com.android.systemui.statusbar.phone.KeyguardBottomAreaView.updateCameraVisibility(KeyguardBottomAreaView.java:309)
03-30 15:06:20.587 W/StatusBar( 2685): 	at com.android.systemui.statusbar.phone.KeyguardBottomAreaView.setUserSetupComplete(KeyguardBottomAreaView.java:281)
03-30 15:06:20.587 W/StatusBar( 2685): 	at com.android.systemui.statusbar.phone.PhoneStatusBar.makeStatusBarView(PhoneStatusBar.java:905)
03-30 15:06:20.587 W/StatusBar( 2685): 	at com.android.systemui.statusbar.phone.PhoneStatusBar.addStatusBarWindow(PhoneStatusBar.java:3432)
03-30 15:06:20.587 W/StatusBar( 2685): 	at com.android.systemui.statusbar.phone.PhoneStatusBar.createAndAddWindows(PhoneStatusBar.java:3428)
03-30 15:06:20.587 W/StatusBar( 2685): 	at com.android.systemui.statusbar.BaseStatusBar.start(BaseStatusBar.java:765)
03-30 15:06:20.587 W/StatusBar( 2685): 	at com.android.systemui.statusbar.phone.PhoneStatusBar.start(PhoneStatusBar.java:686)
03-30 15:06:20.587 W/StatusBar( 2685): 	at com.android.systemui.statusbar.SystemBars.createStatusBarFromConfig(SystemBars.java:106)
03-30 15:06:20.587 W/StatusBar( 2685): 	at com.android.systemui.statusbar.SystemBars.onNoService(SystemBars.java:58)
03-30 15:06:20.587 W/StatusBar( 2685): 	at com.android.systemui.statusbar.ServiceMonitor.startService(ServiceMonitor.java:230)
03-30 15:06:20.587 W/StatusBar( 2685): 	at com.android.systemui.statusbar.ServiceMonitor.-wrap5(ServiceMonitor.java)
03-30 15:06:20.587 W/StatusBar( 2685): 	at com.android.systemui.statusbar.ServiceMonitor$1.handleMessage(ServiceMonitor.java:73)
03-30 15:06:20.587 W/StatusBar( 2685): 	at android.os.Handler.dispatchMessage(Handler.java:102)
03-30 15:06:20.587 W/StatusBar( 2685): 	at android.os.Looper.loop(Looper.java:154)
03-30 15:06:20.587 W/StatusBar( 2685): 	at android.app.ActivityThread.main(ActivityThread.java:6119)
03-30 15:06:20.587 W/StatusBar( 2685): 	at java.lang.reflect.Method.invoke(Native Method)
03-30 15:06:20.587 W/StatusBar( 2685): 	at com.android.internal.os.ZygoteInit$MethodAndArgsCaller.run(ZygoteInit.java:886)
03-30 15:06:20.587 W/StatusBar( 2685): 	at com.android.internal.os.ZygoteInit.main(ZygoteInit.java:776)
03-30 15:06:20.656 D/ApplicationLoaders( 2852): ignored Vulkan layer search path /system/priv-app/MediaProvider/lib/x86_64:/system/priv-app/MediaProvider/MediaProvider.apk!/lib/x86_64:/system/lib64:/vendor/lib64 for namespace 0x7a58d84570f0
03-30 15:06:20.956 V/EmulatedCamera_Camera( 1331): getCameraInfo
03-30 15:06:20.956 V/EmulatedCamera_BaseCamera( 1331): getCameraInfo
03-30 15:06:20.959 V/EmulatedCamera_Camera( 1331): getCameraInfo
03-30 15:06:20.959 V/EmulatedCamera_BaseCamera( 1331): getCameraInfo
03-30 15:06:20.990 E/NetdConnector( 1997): NDC Command {18 firewall disable_chain standby} took too long (765ms)
03-30 15:06:21.502 I/StatusBar( 2685): isKeyguardShowing() called before startKeyguard(), returning true
03-30 15:06:21.509 W/StatusBar( 2685): isKeyguardSecure() called before startKeyguard(), returning false
03-30 15:06:21.509 W/StatusBar( 2685): java.lang.Throwable
03-30 15:06:21.509 W/StatusBar( 2685): 	at com.android.systemui.statusbar.BaseStatusBar.isKeyguardSecure(BaseStatusBar.java:2647)
03-30 15:06:21.509 W/StatusBar( 2685): 	at com.android.systemui.statusbar.BaseStatusBar.isCameraAllowedByAdmin(BaseStatusBar.java:2670)
03-30 15:06:21.509 W/StatusBar( 2685): 	at com.android.systemui.statusbar.phone.KeyguardBottomAreaView.updateCameraVisibility(KeyguardBottomAreaView.java:309)
03-30 15:06:21.509 W/StatusBar( 2685): 	at com.android.systemui.statusbar.phone.KeyguardBottomAreaView.setUserSetupComplete(KeyguardBottomAreaView.java:281)
03-30 15:06:21.509 W/StatusBar( 2685): 	at com.android.systemui.statusbar.phone.PhoneStatusBar$1.onChange(PhoneStatusBar.java:441)
03-30 15:06:21.509 W/StatusBar( 2685): 	at com.android.systemui.statusbar.phone.PhoneStatusBar.resetUserSetupObserver(PhoneStatusBar.java:3676)
03-30 15:06:21.509 W/StatusBar( 2685): 	at com.android.systemui.statusbar.phone.PhoneStatusBar.makeStatusBarView(PhoneStatusBar.java:1008)
03-30 15:06:21.509 W/StatusBar( 2685): 	at com.android.systemui.statusbar.phone.PhoneStatusBar.addStatusBarWindow(PhoneStatusBar.java:3432)
03-30 15:06:21.509 W/StatusBar( 2685): 	at com.android.systemui.statusbar.phone.PhoneStatusBar.createAndAddWindows(PhoneStatusBar.java:3428)
03-30 15:06:21.509 W/StatusBar( 2685): 	at com.android.systemui.statusbar.BaseStatusBar.start(BaseStatusBar.java:765)
03-30 15:06:21.509 W/StatusBar( 2685): 	at com.android.systemui.statusbar.phone.PhoneStatusBar.start(PhoneStatusBar.java:686)
03-30 15:06:21.509 W/StatusBar( 2685): 	at com.android.systemui.statusbar.SystemBars.createStatusBarFromConfig(SystemBars.java:106)
03-30 15:06:21.509 W/StatusBar( 2685): 	at com.android.systemui.statusbar.SystemBars.onNoService(SystemBars.java:58)
03-30 15:06:21.509 W/StatusBar( 2685): 	at com.android.systemui.statusbar.ServiceMonitor.startService(ServiceMonitor.java:230)
03-30 15:06:21.509 W/StatusBar( 2685): 	at com.android.systemui.statusbar.ServiceMonitor.-wrap5(ServiceMonitor.java)
03-30 15:06:21.509 W/StatusBar( 2685): 	at com.android.systemui.statusbar.ServiceMonitor$1.handleMessage(ServiceMonitor.java:73)
03-30 15:06:21.509 W/StatusBar( 2685): 	at android.os.Handler.dispatchMessage(Handler.java:102)
03-30 15:06:21.509 W/StatusBar( 2685): 	at android.os.Looper.loop(Looper.java:154)
03-30 15:06:21.509 W/StatusBar( 2685): 	at android.app.ActivityThread.main(ActivityThread.java:6119)
03-30 15:06:21.509 W/StatusBar( 2685): 	at java.lang.reflect.Method.invoke(Native Method)
03-30 15:06:21.509 W/StatusBar( 2685): 	at com.android.internal.os.ZygoteInit$MethodAndArgsCaller.run(ZygoteInit.java:886)
03-30 15:06:21.509 W/StatusBar( 2685): 	at com.android.internal.os.ZygoteInit.main(ZygoteInit.java:776)
03-30 15:06:21.581 E/SurfaceFlinger( 1325): ro.sf.lcd_density must be defined as a build property
03-30 15:06:21.588 D/OpenGLRenderer( 2685): profile bars disabled
03-30 15:06:21.590 D/OpenGLRenderer( 2685): ambientRatio = 1.50
03-30 15:06:21.679 D/PhoneStatusBar( 2685): disable: < EXPAND* icons alerts system_info BACK* HOME* RECENT* clock SEARCH* quick_settings >
03-30 15:06:21.702 W/art     ( 2876): Unexpected CPU variant for X86 using defaults: x86_64
03-30 15:06:21.714 W/ActivityManager( 1997): Slow operation: 103ms so far, now at startProcess: returned from zygote!
03-30 15:06:21.714 W/ActivityManager( 1997): Slow operation: 103ms so far, now at startProcess: done updating battery stats
03-30 15:06:21.715 W/ActivityManager( 1997): Slow operation: 104ms so far, now at startProcess: building log message
03-30 15:06:21.715 I/ActivityManager( 1997): Start proc 2876:android.process.acore/u0a1 for content provider com.android.providers.contacts/.ContactsProvider2
03-30 15:06:21.715 W/ActivityManager( 1997): Slow operation: 104ms so far, now at startProcess: starting to update pids map
03-30 15:06:21.715 W/ActivityManager( 1997): Slow operation: 104ms so far, now at startProcess: done updating pids map
03-30 15:06:21.715 W/ActivityManager( 1997): Slow operation: 105ms so far, now at startProcess: done starting proc!
03-30 15:06:21.715 W/ActivityManager( 1997): Slow operation: 108ms so far, now at getContentProviderImpl: after start process
03-30 15:06:21.716 W/ActivityManager( 1997): Slow operation: 108ms so far, now at getContentProviderImpl: updating data structures
03-30 15:06:21.716 W/ActivityManager( 1997): Slow operation: 108ms so far, now at getContentProviderImpl: done!
03-30 15:06:21.854 W/ActivityManager( 1997): Slow operation: 74ms so far, now at startProcess: returned from zygote!
03-30 15:06:21.855 W/ActivityManager( 1997): Slow operation: 75ms so far, now at startProcess: done updating battery stats
03-30 15:06:21.855 W/ActivityManager( 1997): Slow operation: 75ms so far, now at startProcess: building log message
03-30 15:06:21.855 I/ActivityManager( 1997): Start proc 2890:com.android.printspooler/u0a51 for service com.android.printspooler/.model.PrintSpoolerService
03-30 15:06:21.855 W/ActivityManager( 1997): Slow operation: 75ms so far, now at startProcess: starting to update pids map
03-30 15:06:21.855 W/ActivityManager( 1997): Slow operation: 76ms so far, now at startProcess: done updating pids map
03-30 15:06:21.856 W/ActivityManager( 1997): Slow operation: 77ms so far, now at startProcess: done starting proc!
03-30 15:06:21.869 W/art     ( 2890): Unexpected CPU variant for X86 using defaults: x86_64
03-30 15:06:22.088 W/System  ( 2876): ClassLoader referenced unknown path: /system/priv-app/ContactsProvider/lib/x86_64
03-30 15:06:22.299 W/art     ( 1997): Suspending all threads took: 12.753ms
03-30 15:06:22.423 I/art     ( 1997): Background partial concurrent mark sweep GC freed 21128(1635KB) AllocSpace objects, 10(260KB) LOS objects, 29% free, 9MB/13MB, paused 23.202ms total 521.899ms
03-30 15:06:22.480 I/ContactsPerf( 2876): VoicemailContentProvider.onCreate start
03-30 15:06:22.499 I/ContactsPerf( 2876): VoicemailContentProvider.onCreate finish
03-30 15:06:22.519 W/System  ( 2876): ClassLoader referenced unknown path: /system/priv-app/BlockedNumberProvider/lib/x86_64
03-30 15:06:22.525 D/ApplicationLoaders( 2876): ignored Vulkan layer search path /system/priv-app/BlockedNumberProvider/lib/x86_64:/system/lib64:/vendor/lib64 for namespace 0x7a58d84570f0
03-30 15:06:22.657 W/System  ( 2876): ClassLoader referenced unknown path: /system/app/UserDictionaryProvider/lib/x86_64
03-30 15:06:22.661 D/ApplicationLoaders( 2876): ignored Vulkan layer search path /system/app/UserDictionaryProvider/lib/x86_64:/system/lib64:/vendor/lib64 for namespace 0x7a58d8457160
03-30 15:06:22.906 D/PhoneStatusBar( 2685): heads up is enabled
03-30 15:06:23.057 W/KeyguardUpdateMonitor( 2685): invalid subId in handleSimStateChange()
03-30 15:06:23.192 V/KeyguardServiceDelegate( 1997): **** SHOWN CALLED ****
03-30 15:06:23.257 I/Choreographer( 2685): Skipped 199 frames!  The application may be doing too much work on its main thread.
03-30 15:06:23.332 W/art     ( 1997): Long monitor contention with owner android.ui (2039) at int com.android.server.wm.WindowManagerService.relayoutWindow(com.android.server.wm.Session, android.view.IWindow, int, android.view.WindowManager$LayoutParams, int, int, int, int, android.graphics.Rect, android.graphics.Rect, android.graphics.Rect, android.graphics.Rect, android.graphics.Rect, android.graphics.Rect, android.graphics.Rect, android.content.res.Configuration, android.view.Surface)(WindowManagerService.java:2857) waiters=0 in void com.android.server.wm.WindowManagerService$H.handleMessage(android.os.Message) for 114ms
03-30 15:06:23.368 D/ViewRootImpl[StatusBar]( 2685): changeCanvasOpacity: opaque=true
03-30 15:06:23.855 W/art     ( 1997): Long monitor contention with owner android.bg (2036) at boolean android.os.MessageQueue.enqueueMessage(android.os.Message, long)(MessageQueue.java:541) waiters=0 in android.os.Message android.os.MessageQueue.next() for 692ms
03-30 15:06:23.856 W/art     ( 1997): Long monitor contention with owner android.bg (2036) at boolean android.os.MessageQueue.enqueueMessage(android.os.Message, long)(MessageQueue.java:541) waiters=1 in boolean android.os.MessageQueue.enqueueMessage(android.os.Message, long) for 628ms
03-30 15:06:23.859 W/art     ( 1997): Long monitor contention with owner android.bg (2036) at boolean android.os.MessageQueue.enqueueMessage(android.os.Message, long)(MessageQueue.java:541) waiters=2 in boolean android.os.MessageQueue.enqueueMessage(android.os.Message, long) for 338ms
03-30 15:06:24.616 W/art     ( 1997): Long monitor contention with owner android.display (2068) at void com.android.server.wm.WindowManagerService$H.handleMessage(android.os.Message)(WindowManagerService.java:8368) waiters=0 in void com.android.server.wm.WindowManagerService.getInitialDisplaySize(int, android.graphics.Point) for 380ms
03-30 15:06:25.152 W/art     ( 1997): Long monitor contention with owner android.display (2068) at void com.android.server.wm.WindowManagerService$H.handleMessage(android.os.Message)(WindowManagerService.java:8368) waiters=0 in void com.android.server.wm.WindowManagerService.getInitialDisplaySize(int, android.graphics.Point) for 523ms
03-30 15:06:25.316 W/art     ( 2852): Suspending all threads took: 15.179ms
03-30 15:06:26.003 W/art     ( 2685): Suspending all threads took: 13.762ms
03-30 15:06:26.094 I/art     ( 2685): Background sticky concurrent mark sweep GC freed 9580(546KB) AllocSpace objects, 0(0B) LOS objects, 3% free, 13MB/13MB, paused 16.197ms total 494.241ms
03-30 15:06:27.042 D/MediaScannerReceiver( 2852): action: android.intent.action.MEDIA_MOUNTED path: /storage/emulated/0
03-30 15:06:27.407 W/art     ( 1997): Long monitor contention with owner Binder:1997_4 (2287) at int com.android.server.wm.WindowManagerService.relayoutWindow(com.android.server.wm.Session, android.view.IWindow, int, android.view.WindowManager$LayoutParams, int, int, int, int, android.graphics.Rect, android.graphics.Rect, android.graphics.Rect, android.graphics.Rect, android.graphics.Rect, android.graphics.Rect, android.graphics.Rect, android.content.res.Configuration, android.view.Surface)(WindowManagerService.java:2857) waiters=0 in void com.android.server.wm.WindowManagerService$H.handleMessage(android.os.Message) for 937ms
03-30 15:06:27.411 W/art     ( 1997): Long monitor contention with owner Binder:1997_4 (2287) at int com.android.server.wm.WindowManagerService.relayoutWindow(com.android.server.wm.Session, android.view.IWindow, int, android.view.WindowManager$LayoutParams, int, int, int, int, android.graphics.Rect, android.graphics.Rect, android.graphics.Rect, android.graphics.Rect, android.graphics.Rect, android.graphics.Rect, android.graphics.Rect, android.content.res.Configuration, android.view.Surface)(WindowManagerService.java:2857) waiters=1 in void com.android.server.wm.WindowManagerService.getInitialDisplaySize(int, android.graphics.Point) for 856ms
03-30 15:06:28.505 W/art     ( 1997): Long monitor contention with owner Binder:1997_4 (2287) at int com.android.server.wm.WindowManagerService.relayoutWindow(com.android.server.wm.Session, android.view.IWindow, int, android.view.WindowManager$LayoutParams, int, int, int, int, android.graphics.Rect, android.graphics.Rect, android.graphics.Rect, android.graphics.Rect, android.graphics.Rect, android.graphics.Rect, android.graphics.Rect, android.content.res.Configuration, android.view.Surface)(WindowManagerService.java:2857) waiters=0 in void com.android.server.wm.WindowManagerService$H.handleMessage(android.os.Message) for 589ms
03-30 15:06:29.132 D/WifiService( 1997): New client listening to asynchronous messages
03-30 15:06:29.388 I/Choreographer( 2685): Skipped 367 frames!  The application may be doing too much work on its main thread.
03-30 15:06:29.689 D/gralloc_ranchu( 2685): Emulator without host-side GPU emulation detected. Loading gralloc.default.so from /vendor/lib64/hw/gralloc.goldfish.default.so...
03-30 15:06:29.703 D/gralloc_ranchu( 2685): gralloc.default.so not found in /vendor. Trying /system/lib64/hw/gralloc.goldfish.default.so...
03-30 15:06:30.082 I/ContactLocale( 2876): AddressBook Labels [[en_US]]: […, A, B, C, D, E, F, G, H, I, J, K, L, M, N, O, P, Q, R, S, T, U, V, W, X, Y, Z, Α, Β, Γ, Δ, Ε, Ζ, Η, Θ, Ι, Κ, Λ, Μ, Ν, Ξ, Ο, Π, Ρ, Σ, Τ, Υ, Φ, Χ, Ψ, Ω, …, А, Б, В, Г, Д, Ђ, Е, Є, Ж, З, И, І, Й, Ј, К, Л, Љ, М, Н, Њ, О, П, Р, С, Т, Ћ, У, Ф, Х, Ц, Ч, Џ, Ш, Щ, Ю, Я, …, א, ב, ג, ד, ה, ו, ז, ח, ט, י, כ, ל, מ, נ, ס, ע, פ, צ, ק, ר, ש, ת, …, ا, ب, ت, ث, ج, ح, خ, د, ذ, ر, ز, س, ش, ص, ض, ط, ظ, ع, غ, ف, ق, ك, ل, م, ن, ه, و, ي, …, ก, ข, ฃ, ค, ฅ, ฆ, ง, จ, ฉ, ช, ซ, ฌ, ญ, ฎ, ฏ, ฐ, ฑ, ฒ, ณ, ด, ต, ถ, ท, ธ, น, บ, ป, ผ, ฝ, พ, ฟ, ภ, ม, ย, ร, ฤ, ล, ฦ, ว, ศ, ษ, ส, ห, ฬ, อ, ฮ, …, ㄱ, ㄴ, ㄷ, ㄹ, ㅁ, ㅂ, ㅅ, ㅇ, ㅈ, ㅊ, ㅋ, ㅌ, ㅍ, ㅎ, …, あ, か, さ, た, な, は, ま, や, ら, わ, #, …]
03-30 15:06:30.232 W/art     ( 1997): Long monitor contention with owner android.display (2068) at void com.android.server.wm.WindowManagerService$H.handleMessage(android.os.Message)(WindowManagerService.java:8368) waiters=0 in void com.android.server.wm.WindowManagerService.finishDrawingWindow(com.android.server.wm.Session, android.view.IWindow) for 361ms
03-30 15:06:30.660 W/art     ( 1997): Long monitor contention with owner android.display (2068) at void com.android.server.wm.WindowManagerService$H.handleMessage(android.os.Message)(WindowManagerService.java:8368) waiters=0 in void com.android.server.wm.WindowManagerService.finishDrawingWindow(com.android.server.wm.Session, android.view.IWindow) for 390ms
03-30 15:06:31.082 W/art     ( 1997): Long monitor contention with owner android.display (2068) at void com.android.server.wm.WindowManagerService$H.handleMessage(android.os.Message)(WindowManagerService.java:8368) waiters=0 in int com.android.server.wm.WindowManagerService.relayoutWindow(com.android.server.wm.Session, android.view.IWindow, int, android.view.WindowManager$LayoutParams, int, int, int, int, android.graphics.Rect, android.graphics.Rect, android.graphics.Rect, android.graphics.Rect, android.graphics.Rect, android.graphics.Rect, android.graphics.Rect, android.content.res.Configuration, android.view.Surface) for 381ms
03-30 15:06:31.291 V/MediaScanner( 2852): pruneDeadThumbnailFiles... android.content.ContentProviderClient$CursorWrapperInner@eede246
03-30 15:06:31.324 V/MediaScanner( 2852): /pruneDeadThumbnailFiles... android.content.ContentProviderClient$CursorWrapperInner@eede246
03-30 15:06:31.450 W/art     ( 1997): Long monitor contention with owner android.display (2068) at void com.android.server.wm.WindowManagerService$H.handleMessage(android.os.Message)(WindowManagerService.java:8368) waiters=0 in int com.android.server.wm.WindowManagerService.relayoutWindow(com.android.server.wm.Session, android.view.IWindow, int, android.view.WindowManager$LayoutParams, int, int, int, int, android.graphics.Rect, android.graphics.Rect, android.graphics.Rect, android.graphics.Rect, android.graphics.Rect, android.graphics.Rect, android.graphics.Rect, android.content.res.Configuration, android.view.Surface) for 337ms
03-30 15:06:31.854 W/art     ( 1997): Long monitor contention with owner Binder:1997_1 (2012) at int com.android.server.wm.WindowManagerService.relayoutWindow(com.android.server.wm.Session, android.view.IWindow, int, android.view.WindowManager$LayoutParams, int, int, int, int, android.graphics.Rect, android.graphics.Rect, android.graphics.Rect, android.graphics.Rect, android.graphics.Rect, android.graphics.Rect, android.graphics.Rect, android.content.res.Configuration, android.view.Surface)(WindowManagerService.java:2857) waiters=0 in void com.android.server.wm.WindowManagerService$H.handleMessage(android.os.Message) for 401ms
03-30 15:06:31.880 D/PhoneStatusBar( 2685): disable: < expand* icons alerts system_info back* home* recent* clock search* quick_settings >
03-30 15:06:32.288 W/art     ( 1997): Long monitor contention with owner android.display (2068) at void com.android.server.wm.WindowManagerService$H.handleMessage(android.os.Message)(WindowManagerService.java:8368) waiters=0 in void com.android.server.wm.WindowManagerService.statusBarVisibilityChanged(int) for 380ms
03-30 15:06:33.120 W/art     ( 1997): Long monitor contention with owner Binder:1997_1 (2012) at int com.android.server.wm.WindowManagerService.relayoutWindow(com.android.server.wm.Session, android.view.IWindow, int, android.view.WindowManager$LayoutParams, int, int, int, int, android.graphics.Rect, android.graphics.Rect, android.graphics.Rect, android.graphics.Rect, android.graphics.Rect, android.graphics.Rect, android.graphics.Rect, android.content.res.Configuration, android.view.Surface)(WindowManagerService.java:2857) waiters=0 in void com.android.server.wm.WindowManagerService$H.handleMessage(android.os.Message) for 819ms
03-30 15:06:33.122 I/Choreographer( 1997): Skipped 48 frames!  The application may be doing too much work on its main thread.
03-30 15:06:33.342 I/RecoverySystem( 1997): No recovery log file
03-30 15:06:33.557 I/BootReceiver( 1997): Copying audit failures to DropBox
03-30 15:06:33.557 I/BootReceiver( 1997): Checking for fsck errors
03-30 15:06:33.564 W/ActivityManager( 1997): Slow operation: 342ms so far, now at startProcess: returned from zygote!
03-30 15:06:33.565 W/ActivityManager( 1997): Slow operation: 343ms so far, now at startProcess: done updating battery stats
03-30 15:06:33.566 W/ActivityManager( 1997): Slow operation: 344ms so far, now at startProcess: building log message
03-30 15:06:33.566 I/ActivityManager( 1997): Start proc 2926:com.android.dialer/u0a8 for broadcast com.android.dialer/.calllog.CallLogReceiver
03-30 15:06:33.566 W/ActivityManager( 1997): Slow operation: 344ms so far, now at startProcess: starting to update pids map
03-30 15:06:33.566 W/ActivityManager( 1997): Slow operation: 345ms so far, now at startProcess: done updating pids map
03-30 15:06:33.567 W/ActivityManager( 1997): Slow operation: 347ms so far, now at startProcess: done starting proc!
03-30 15:06:33.567 W/art     ( 1997): Long monitor contention with owner main (1997) at void com.android.server.am.BroadcastQueue.processNextBroadcast(boolean)(BroadcastQueue.java:760) waiters=0 in void com.android.server.am.ActivityManagerService.dispatchUidsChanged() for 345ms
03-30 15:06:33.583 W/art     ( 1997): Long monitor contention with owner main (1997) at void com.android.server.am.BroadcastQueue.processNextBroadcast(boolean)(BroadcastQueue.java:760) waiters=1 in void com.android.server.am.ActivityManagerService.trimApplications() for 342ms
03-30 15:06:33.688 W/art     ( 2926): Unexpected CPU variant for X86 using defaults: x86_64
03-30 15:06:34.393 W/art     ( 2685): Suspending all threads took: 16.090ms
03-30 15:06:34.594 I/art     ( 2685): Background partial concurrent mark sweep GC freed 6205(456KB) AllocSpace objects, 5(4MB) LOS objects, 23% free, 13MB/17MB, paused 17.974ms total 289.612ms
03-30 15:06:34.597 E/NetdConnector( 1997): NDC Command {19 bandwidth addniceapps 10010} took too long (874ms)
03-30 15:06:34.830 W/System  ( 2926): ClassLoader referenced unknown path: /system/priv-app/Dialer/lib/x86_64
03-30 15:06:35.122 I/Choreographer( 2685): Skipped 343 frames!  The application may be doing too much work on its main thread.
03-30 15:06:35.624 W/art     ( 1997): Long monitor contention with owner Binder:1997_1 (2012) at int com.android.server.wm.WindowManagerService.relayoutWindow(com.android.server.wm.Session, android.view.IWindow, int, android.view.WindowManager$LayoutParams, int, int, int, int, android.graphics.Rect, android.graphics.Rect, android.graphics.Rect, android.graphics.Rect, android.graphics.Rect, android.graphics.Rect, android.graphics.Rect, android.content.res.Configuration, android.view.Surface)(WindowManagerService.java:2857) waiters=0 in void com.android.server.wm.WindowManagerService$H.handleMessage(android.os.Message) for 135ms
03-30 15:06:36.080 W/art     ( 1997): Long monitor contention with owner Binder:1997_7 (2580) at int com.android.server.wm.WindowManagerService.relayoutWindow(com.android.server.wm.Session, android.view.IWindow, int, android.view.WindowManager$LayoutParams, int, int, int, int, android.graphics.Rect, android.graphics.Rect, android.graphics.Rect, android.graphics.Rect, android.graphics.Rect, android.graphics.Rect, android.graphics.Rect, android.content.res.Configuration, android.view.Surface)(WindowManagerService.java:2857) waiters=0 in void com.android.server.wm.WindowAnimator$1.doFrame(long) for 445ms
03-30 15:06:36.089 I/Choreographer( 2685): Skipped 56 frames!  The application may be doing too much work on its main thread.
03-30 15:06:36.694 D/ExtensionsFactory( 2926): No custom extensions.
03-30 15:06:36.740 D/BlockedNumbersAuto( 2926): Not attempting auto-migrate: already checked once.
03-30 15:06:36.951 D/CarrierConfigLoader( 2474): mHandler: 13 phoneId: 0
03-30 15:06:36.952 D/CarrierConfigLoader( 2474): mHandler: 7 phoneId: 0
03-30 15:06:36.969 E/CarrierConfigLoader( 2474): Cannot restore config with null packageName or iccid.
03-30 15:06:36.970 D/CarrierConfigLoader( 2474): Binding to com.android.carrierconfig for phone 0
03-30 15:06:37.040 W/ActivityManager( 1997): Slow operation: 57ms so far, now at startProcess: returned from zygote!
03-30 15:06:37.040 W/ActivityManager( 1997): Slow operation: 57ms so far, now at startProcess: done updating battery stats
03-30 15:06:37.041 W/ActivityManager( 1997): Slow operation: 58ms so far, now at startProcess: building log message
03-30 15:06:37.041 I/ActivityManager( 1997): Start proc 2945:com.android.calendar/u0a26 for broadcast com.android.calendar/.alerts.AlertReceiver
03-30 15:06:37.041 W/ActivityManager( 1997): Slow operation: 58ms so far, now at startProcess: starting to update pids map
03-30 15:06:37.041 W/ActivityManager( 1997): Slow operation: 58ms so far, now at startProcess: done updating pids map
03-30 15:06:37.041 W/ActivityManager( 1997): Slow operation: 75ms so far, now at startProcess: done starting proc!
03-30 15:06:37.128 W/art     ( 2945): Unexpected CPU variant for X86 using defaults: x86_64
03-30 15:06:37.174 W/ActivityManager( 1997): Slow operation: 118ms so far, now at startProcess: returned from zygote!
03-30 15:06:37.174 W/ActivityManager( 1997): Slow operation: 119ms so far, now at startProcess: done updating battery stats
03-30 15:06:37.175 W/ActivityManager( 1997): Slow operation: 119ms so far, now at startProcess: building log message
03-30 15:06:37.175 I/ActivityManager( 1997): Start proc 2951:com.android.carrierconfig/u0a3 for service com.android.carrierconfig/.DefaultCarrierConfigService
03-30 15:06:37.175 W/ActivityManager( 1997): Slow operation: 119ms so far, now at startProcess: starting to update pids map
03-30 15:06:37.175 W/ActivityManager( 1997): Slow operation: 119ms so far, now at startProcess: done updating pids map
03-30 15:06:37.175 W/ActivityManager( 1997): Slow operation: 119ms so far, now at startProcess: done starting proc!
03-30 15:06:37.229 W/art     ( 2951): Unexpected CPU variant for X86 using defaults: x86_64
03-30 15:06:37.394 W/CountryDetector( 2926): No location permissions, not registering for location updates.
03-30 15:06:37.559 W/System  ( 2951): ClassLoader referenced unknown path: /system/priv-app/CarrierConfig/lib/x86_64
03-30 15:06:37.619 W/System  ( 2945): ClassLoader referenced unknown path: /system/app/Calendar/lib/x86_64
03-30 15:06:37.690 D/DefaultCarrierConfigService( 2951): Service created
03-30 15:06:37.710 D/CarrierConfigLoader( 2474): Connected to config app: com.android.carrierconfig/com.android.carrierconfig.DefaultCarrierConfigService
03-30 15:06:37.710 D/CarrierConfigLoader( 2474): mHandler: 3 phoneId: 0
03-30 15:06:37.721 D/DefaultCarrierConfigService( 2951): Config being fetched
03-30 15:06:37.730 D/DefaultCarrierConfigService( 2951): java.io.FileNotFoundException: carrier_config_.xml
03-30 15:06:37.738 E/CarrierConfigLoader( 2474): Cannot save config with null packageName or iccid.
03-30 15:06:37.747 D/CarrierConfigLoader( 2474): mHandler: 5 phoneId: 0
03-30 15:06:37.752 E/PhoneInterfaceManager( 2474): [PhoneIntfMgr] getCarrierPackageNamesForIntent: No UICC
03-30 15:06:37.819 I/Telecom ( 1997): PhoneAccountRegistrar: SimCallManager queried, returning: null: TSI.gSCMFU@AAc
03-30 15:06:38.064 D/ExtensionsFactory( 2945): No custom extensions.
03-30 15:06:38.084 D/AlertReceiver( 2945): onReceive: a=android.intent.action.BOOT_COMPLETED Intent { act=android.intent.action.BOOT_COMPLETED flg=0x9000010 cmp=com.android.calendar/.alerts.AlertReceiver (has extras) }
03-30 15:06:38.131 I/AlarmClock( 2710): AlarmInitReceiver android.intent.action.BOOT_COMPLETED
03-30 15:06:38.202 D/AlertUtils( 2945): Flushing old alerts from shared prefs table
03-30 15:06:38.218 D/AlertService( 2945): 0 Action = android.intent.action.BOOT_COMPLETED
03-30 15:06:38.263 D/AlertService( 2945): Scheduling next alarm with AlarmScheduler. sEventReminderReceived: null
03-30 15:06:38.327 W/ActivityManager( 1997): Slow operation: 52ms so far, now at startProcess: returned from zygote!
03-30 15:06:38.328 W/ActivityManager( 1997): Slow operation: 53ms so far, now at startProcess: done updating battery stats
03-30 15:06:38.328 W/ActivityManager( 1997): Slow operation: 53ms so far, now at startProcess: building log message
03-30 15:06:38.328 I/ActivityManager( 1997): Start proc 2984:com.android.providers.calendar/u0a2 for content provider com.android.providers.calendar/.CalendarProvider2
03-30 15:06:38.328 W/ActivityManager( 1997): Slow operation: 54ms so far, now at startProcess: starting to update pids map
03-30 15:06:38.329 W/ActivityManager( 1997): Slow operation: 54ms so far, now at startProcess: done updating pids map
03-30 15:06:38.329 W/ActivityManager( 1997): Slow operation: 54ms so far, now at startProcess: done starting proc!
03-30 15:06:38.329 W/ActivityManager( 1997): Slow operation: 57ms so far, now at getContentProviderImpl: after start process
03-30 15:06:38.329 W/ActivityManager( 1997): Slow operation: 57ms so far, now at getContentProviderImpl: updating data structures
03-30 15:06:38.330 W/ActivityManager( 1997): Slow operation: 58ms so far, now at getContentProviderImpl: done!
03-30 15:06:38.368 W/art     ( 2984): Unexpected CPU variant for X86 using defaults: x86_64
03-30 15:06:38.465 V/AlarmClock( 2710): AlarmInitReceiver finished
03-30 15:06:38.483 W/ActivityManager( 1997): Slow operation: 78ms so far, now at startProcess: returned from zygote!
03-30 15:06:38.484 W/ActivityManager( 1997): Slow operation: 79ms so far, now at startProcess: done updating battery stats
03-30 15:06:38.484 W/ActivityManager( 1997): Slow operation: 79ms so far, now at startProcess: building log message
03-30 15:06:38.484 I/ActivityManager( 1997): Start proc 2998:com.android.email/u0a34 for broadcast com.android.email/.service.EmailBroadcastReceiver
03-30 15:06:38.484 W/ActivityManager( 1997): Slow operation: 79ms so far, now at startProcess: starting to update pids map
03-30 15:06:38.485 W/ActivityManager( 1997): Slow operation: 80ms so far, now at startProcess: done updating pids map
03-30 15:06:38.485 W/ActivityManager( 1997): Slow operation: 80ms so far, now at startProcess: done starting proc!
03-30 15:06:38.509 W/art     ( 2998): Unexpected CPU variant for X86 using defaults: x86_64
03-30 15:06:38.647 W/System  ( 2984): ClassLoader referenced unknown path: /system/priv-app/CalendarProvider/lib/x86_64
03-30 15:06:38.711 W/System  ( 2998): ClassLoader referenced unknown path: /system/app/Email/lib/x86_64
03-30 15:06:39.275 I/CalendarProvider2( 2984): Created com.android.providers.calendar.CalendarAlarmManager@2b175b3(com.android.providers.calendar.CalendarProvider2@2ddd770)
03-30 15:06:39.500 D/AlarmScheduler( 2945): No events found starting within 1 week.
03-30 15:06:40.212 W/ActivityManager( 1997): Unable to start service Intent { act=com.android.email.EXCHANGE_INTENT pkg=com.android.exchange } U=0: not found
03-30 15:06:40.263 D/ActivityThread( 2998): Loading provider com.android.email.provider;com.android.email.notifier: com.android.email.provider.EmailProvider
03-30 15:06:40.276 D/ActivityThread( 2998): Loading provider com.android.email.provider;com.android.email.notifier: com.android.email.provider.EmailProvider
03-30 15:06:40.385 I/CalendarProvider2( 2984): Sending notification intent: Intent { act=android.intent.action.PROVIDER_CHANGED dat=content://com.android.calendar flg=0x20000000 }
03-30 15:06:40.386 W/ContentResolver( 2984): Failed to get type for: content://com.android.calendar (Unknown URL content://com.android.calendar)
03-30 15:06:40.410 W/ActivityManager( 1997): Unable to start service Intent { act=com.android.email.EXCHANGE_INTENT pkg=com.android.exchange } U=0: not found
03-30 15:06:40.415 W/ActivityManager( 1997): Unable to start service Intent { act=com.android.email.EXCHANGE_INTENT pkg=com.android.exchange } U=0: not found
03-30 15:06:40.555 I/SystemBroadcastReceiver( 2253): Boot has been completed
03-30 15:06:40.555 I/SystemBroadcastReceiver( 2253): toggleAppIcon() : FLAG_SYSTEM = true
03-30 15:06:40.734 W/art     ( 3021): Unexpected CPU variant for X86 using defaults: x86_64
03-30 15:06:40.753 W/ActivityManager( 1997): Slow operation: 74ms so far, now at startProcess: returned from zygote!
03-30 15:06:40.754 W/ActivityManager( 1997): Slow operation: 75ms so far, now at startProcess: done updating battery stats
03-30 15:06:40.754 W/ActivityManager( 1997): Slow operation: 75ms so far, now at startProcess: building log message
03-30 15:06:40.754 I/ActivityManager( 1997): Start proc 3021:com.android.managedprovisioning/u0a14 for broadcast com.android.managedprovisioning/.BootReminder
03-30 15:06:40.754 W/ActivityManager( 1997): Slow operation: 75ms so far, now at startProcess: starting to update pids map
