03-30 15:03:22.541 E/Hyphenator( 1329): 	at libcore.io.IoBridge.open(IoBridge.java:455)
03-30 15:03:22.541 E/Hyphenator( 1329): 	at java.io.RandomAccessFile.<init>(RandomAccessFile.java:247)
03-30 15:03:22.541 E/Hyphenator( 1329): 	at android.text.Hyphenator.loadHyphenator(Hyphenator.java:118)
03-30 15:03:22.541 E/Hyphenator( 1329): 	at android.text.Hyphenator.init(Hyphenator.java:224)
03-30 15:03:22.541 E/Hyphenator( 1329): 	at com.android.internal.os.ZygoteInit.preloadTextResources(ZygoteInit.java:252)
03-30 15:03:22.541 E/Hyphenator( 1329): 	at com.android.internal.os.ZygoteInit.preload(ZygoteInit.java:206)
03-30 15:03:22.541 E/Hyphenator( 1329): 	at com.android.internal.os.ZygoteInit.main(ZygoteInit.java:743)
03-30 15:03:22.541 E/Hyphenator( 1329): Caused by: android.system.ErrnoException: open failed: ENOENT (No such file or directory)
03-30 15:03:22.541 E/Hyphenator( 1329): 	at libcore.io.Posix.open(Native Method)
03-30 15:03:22.541 E/Hyphenator( 1329): 	at libcore.io.BlockGuardOs.open(BlockGuardOs.java:187)
03-30 15:03:22.541 E/Hyphenator( 1329): 	at libcore.io.IoBridge.open(IoBridge.java:441)
03-30 15:03:22.541 E/Hyphenator( 1329): 	... 6 more
03-30 15:03:22.543 E/Hyphenator( 1329): error loading hyphenation /system/usr/hyphen-data/hyph-hy.hyb
03-30 15:03:22.543 E/Hyphenator( 1329): java.io.FileNotFoundException: /system/usr/hyphen-data/hyph-hy.hyb: open failed: ENOENT (No such file or directory)
03-30 15:03:22.543 E/Hyphenator( 1329): 	at libcore.io.IoBridge.open(IoBridge.java:455)
03-30 15:03:22.543 E/Hyphenator( 1329): 	at java.io.RandomAccessFile.<init>(RandomAccessFile.java:247)
03-30 15:03:22.543 E/Hyphenator( 1329): 	at android.text.Hyphenator.loadHyphenator(Hyphenator.java:118)
03-30 15:03:22.543 E/Hyphenator( 1329): 	at android.text.Hyphenator.init(Hyphenator.java:224)
03-30 15:03:22.543 E/Hyphenator( 1329): 	at com.android.internal.os.ZygoteInit.preloadTextResources(ZygoteInit.java:252)
03-30 15:03:22.543 E/Hyphenator( 1329): 	at com.android.internal.os.ZygoteInit.preload(ZygoteInit.java:206)
03-30 15:03:22.543 E/Hyphenator( 1329): 	at com.android.internal.os.ZygoteInit.main(ZygoteInit.java:743)
03-30 15:03:22.543 E/Hyphenator( 1329): Caused by: android.system.ErrnoException: open failed: ENOENT (No such file or directory)
03-30 15:03:22.543 E/Hyphenator( 1329): 	at libcore.io.Posix.open(Native Method)
03-30 15:03:22.543 E/Hyphenator( 1329): 	at libcore.io.BlockGuardOs.open(BlockGuardOs.java:187)
03-30 15:03:22.543 E/Hyphenator( 1329): 	at libcore.io.IoBridge.open(IoBridge.java:441)
03-30 15:03:22.543 E/Hyphenator( 1329): 	... 6 more
03-30 15:03:22.545 E/Hyphenator( 1329): error loading hyphenation /system/usr/hyphen-data/hyph-kn.hyb
03-30 15:03:22.545 E/Hyphenator( 1329): java.io.FileNotFoundException: /system/usr/hyphen-data/hyph-kn.hyb: open failed: ENOENT (No such file or directory)
03-30 15:03:22.545 E/Hyphenator( 1329): 	at libcore.io.IoBridge.open(IoBridge.java:455)
03-30 15:03:22.545 E/Hyphenator( 1329): 	at java.io.RandomAccessFile.<init>(RandomAccessFile.java:247)
03-30 15:03:22.545 E/Hyphenator( 1329): 	at android.text.Hyphenator.loadHyphenator(Hyphenator.java:118)
03-30 15:03:22.545 E/Hyphenator( 1329): 	at android.text.Hyphenator.init(Hyphenator.java:224)
03-30 15:03:22.545 E/Hyphenator( 1329): 	at com.android.internal.os.ZygoteInit.preloadTextResources(ZygoteInit.java:252)
03-30 15:03:22.545 E/Hyphenator( 1329): 	at com.android.internal.os.ZygoteInit.preload(ZygoteInit.java:206)
03-30 15:03:22.545 E/Hyphenator( 1329): 	at com.android.internal.os.ZygoteInit.main(ZygoteInit.java:743)
03-30 15:03:22.545 E/Hyphenator( 1329): Caused by: android.system.ErrnoException: open failed: ENOENT (No such file or directory)
03-30 15:03:22.545 E/Hyphenator( 1329): 	at libcore.io.Posix.open(Native Method)
03-30 15:03:22.545 E/Hyphenator( 1329): 	at libcore.io.BlockGuardOs.open(BlockGuardOs.java:187)
03-30 15:03:22.545 E/Hyphenator( 1329): 	at libcore.io.IoBridge.open(IoBridge.java:441)
03-30 15:03:22.545 E/Hyphenator( 1329): 	... 6 more
03-30 15:03:22.547 E/Hyphenator( 1329): error loading hyphenation /system/usr/hyphen-data/hyph-ml.hyb
03-30 15:03:22.547 E/Hyphenator( 1329): java.io.FileNotFoundException: /system/usr/hyphen-data/hyph-ml.hyb: open failed: ENOENT (No such file or directory)
03-30 15:03:22.547 E/Hyphenator( 1329): 	at libcore.io.IoBridge.open(IoBridge.java:455)
03-30 15:03:22.547 E/Hyphenator( 1329): 	at java.io.RandomAccessFile.<init>(RandomAccessFile.java:247)
03-30 15:03:22.547 E/Hyphenator( 1329): 	at android.text.Hyphenator.loadHyphenator(Hyphenator.java:118)
03-30 15:03:22.547 E/Hyphenator( 1329): 	at android.text.Hyphenator.init(Hyphenator.java:224)
03-30 15:03:22.547 E/Hyphenator( 1329): 	at com.android.internal.os.ZygoteInit.preloadTextResources(ZygoteInit.java:252)
03-30 15:03:22.547 E/Hyphenator( 1329): 	at com.android.internal.os.ZygoteInit.preload(ZygoteInit.java:206)
03-30 15:03:22.547 E/Hyphenator( 1329): 	at com.android.internal.os.ZygoteInit.main(ZygoteInit.java:743)
03-30 15:03:22.547 E/Hyphenator( 1329): Caused by: android.system.ErrnoException: open failed: ENOENT (No such file or directory)
03-30 15:03:22.547 E/Hyphenator( 1329): 	at libcore.io.Posix.open(Native Method)
03-30 15:03:22.547 E/Hyphenator( 1329): 	at libcore.io.BlockGuardOs.open(BlockGuardOs.java:187)
03-30 15:03:22.547 E/Hyphenator( 1329): 	at libcore.io.IoBridge.open(IoBridge.java:441)
03-30 15:03:22.547 E/Hyphenator( 1329): 	... 6 more
03-30 15:03:22.549 E/Hyphenator( 1329): error loading hyphenation /system/usr/hyphen-data/hyph-mn-cyrl.hyb
03-30 15:03:22.549 E/Hyphenator( 1329): java.io.FileNotFoundException: /system/usr/hyphen-data/hyph-mn-cyrl.hyb: open failed: ENOENT (No such file or directory)
03-30 15:03:22.549 E/Hyphenator( 1329): 	at libcore.io.IoBridge.open(IoBridge.java:455)
03-30 15:03:22.549 E/Hyphenator( 1329): 	at java.io.RandomAccessFile.<init>(RandomAccessFile.java:247)
03-30 15:03:22.549 E/Hyphenator( 1329): 	at android.text.Hyphenator.loadHyphenator(Hyphenator.java:118)
03-30 15:03:22.549 E/Hyphenator( 1329): 	at android.text.Hyphenator.init(Hyphenator.java:224)
03-30 15:03:22.549 E/Hyphenator( 1329): 	at com.android.internal.os.ZygoteInit.preloadTextResources(ZygoteInit.java:252)
03-30 15:03:22.549 E/Hyphenator( 1329): 	at com.android.internal.os.ZygoteInit.preload(ZygoteInit.java:206)
03-30 15:03:22.549 E/Hyphenator( 1329): 	at com.android.internal.os.ZygoteInit.main(ZygoteInit.java:743)
03-30 15:03:22.549 E/Hyphenator( 1329): Caused by: android.system.ErrnoException: open failed: ENOENT (No such file or directory)
03-30 15:03:22.549 E/Hyphenator( 1329): 	at libcore.io.Posix.open(Native Method)
03-30 15:03:22.549 E/Hyphenator( 1329): 	at libcore.io.BlockGuardOs.open(BlockGuardOs.java:187)
03-30 15:03:22.549 E/Hyphenator( 1329): 	at libcore.io.IoBridge.open(IoBridge.java:441)
03-30 15:03:22.549 E/Hyphenator( 1329): 	... 6 more
03-30 15:03:22.594 E/Hyphenator( 1329): error loading hyphenation /system/usr/hyphen-data/hyph-mr.hyb
03-30 15:03:22.594 E/Hyphenator( 1329): java.io.FileNotFoundException: /system/usr/hyphen-data/hyph-mr.hyb: open failed: ENOENT (No such file or directory)
03-30 15:03:22.594 E/Hyphenator( 1329): 	at libcore.io.IoBridge.open(IoBridge.java:455)
03-30 15:03:22.594 E/Hyphenator( 1329): 	at java.io.RandomAccessFile.<init>(RandomAccessFile.java:247)
03-30 15:03:22.594 E/Hyphenator( 1329): 	at android.text.Hyphenator.loadHyphenator(Hyphenator.java:118)
03-30 15:03:22.594 E/Hyphenator( 1329): 	at android.text.Hyphenator.init(Hyphenator.java:224)
03-30 15:03:22.594 E/Hyphenator( 1329): 	at com.android.internal.os.ZygoteInit.preloadTextResources(ZygoteInit.java:252)
03-30 15:03:22.594 E/Hyphenator( 1329): 	at com.android.internal.os.ZygoteInit.preload(ZygoteInit.java:206)
03-30 15:03:22.594 E/Hyphenator( 1329): 	at com.android.internal.os.ZygoteInit.main(ZygoteInit.java:743)
03-30 15:03:22.594 E/Hyphenator( 1329): Caused by: android.system.ErrnoException: open failed: ENOENT (No such file or directory)
03-30 15:03:22.594 E/Hyphenator( 1329): 	at libcore.io.Posix.open(Native Method)
03-30 15:03:22.594 E/Hyphenator( 1329): 	at libcore.io.BlockGuardOs.open(BlockGuardOs.java:187)
03-30 15:03:22.594 E/Hyphenator( 1329): 	at libcore.io.IoBridge.open(IoBridge.java:441)
03-30 15:03:22.594 E/Hyphenator( 1329): 	... 6 more
03-30 15:03:22.597 E/Hyphenator( 1329): error loading hyphenation /system/usr/hyphen-data/hyph-nb.hyb
03-30 15:03:22.597 E/Hyphenator( 1329): java.io.FileNotFoundException: /system/usr/hyphen-data/hyph-nb.hyb: open failed: ENOENT (No such file or directory)
03-30 15:03:22.597 E/Hyphenator( 1329): 	at libcore.io.IoBridge.open(IoBridge.java:455)
03-30 15:03:22.597 E/Hyphenator( 1329): 	at java.io.RandomAccessFile.<init>(RandomAccessFile.java:247)
03-30 15:03:22.597 E/Hyphenator( 1329): 	at android.text.Hyphenator.loadHyphenator(Hyphenator.java:118)
03-30 15:03:22.597 E/Hyphenator( 1329): 	at android.text.Hyphenator.init(Hyphenator.java:224)
03-30 15:03:22.597 E/Hyphenator( 1329): 	at com.android.internal.os.ZygoteInit.preloadTextResources(ZygoteInit.java:252)
03-30 15:03:22.597 E/Hyphenator( 1329): 	at com.android.internal.os.ZygoteInit.preload(ZygoteInit.java:206)
03-30 15:03:22.597 E/Hyphenator( 1329): 	at com.android.internal.os.ZygoteInit.main(ZygoteInit.java:743)
03-30 15:03:22.597 E/Hyphenator( 1329): Caused by: android.system.ErrnoException: open failed: ENOENT (No such file or directory)
03-30 15:03:22.597 E/Hyphenator( 1329): 	at libcore.io.Posix.open(Native Method)
03-30 15:03:22.597 E/Hyphenator( 1329): 	at libcore.io.BlockGuardOs.open(BlockGuardOs.java:187)
03-30 15:03:22.597 E/Hyphenator( 1329): 	at libcore.io.IoBridge.open(IoBridge.java:441)
03-30 15:03:22.597 E/Hyphenator( 1329): 	... 6 more
03-30 15:03:22.599 E/Hyphenator( 1329): error loading hyphenation /system/usr/hyphen-data/hyph-nn.hyb
03-30 15:03:22.599 E/Hyphenator( 1329): java.io.FileNotFoundException: /system/usr/hyphen-data/hyph-nn.hyb: open failed: ENOENT (No such file or directory)
03-30 15:03:22.599 E/Hyphenator( 1329): 	at libcore.io.IoBridge.open(IoBridge.java:455)
03-30 15:03:22.599 E/Hyphenator( 1329): 	at java.io.RandomAccessFile.<init>(RandomAccessFile.java:247)
03-30 15:03:22.599 E/Hyphenator( 1329): 	at android.text.Hyphenator.loadHyphenator(Hyphenator.java:118)
03-30 15:03:22.599 E/Hyphenator( 1329): 	at android.text.Hyphenator.init(Hyphenator.java:224)
03-30 15:03:22.599 E/Hyphenator( 1329): 	at com.android.internal.os.ZygoteInit.preloadTextResources(ZygoteInit.java:252)
03-30 15:03:22.599 E/Hyphenator( 1329): 	at com.android.internal.os.ZygoteInit.preload(ZygoteInit.java:206)
03-30 15:03:22.599 E/Hyphenator( 1329): 	at com.android.internal.os.ZygoteInit.main(ZygoteInit.java:743)
03-30 15:03:22.599 E/Hyphenator( 1329): Caused by: android.system.ErrnoException: open failed: ENOENT (No such file or directory)
03-30 15:03:22.599 E/Hyphenator( 1329): 	at libcore.io.Posix.open(Native Method)
03-30 15:03:22.599 E/Hyphenator( 1329): 	at libcore.io.BlockGuardOs.open(BlockGuardOs.java:187)
03-30 15:03:22.599 E/Hyphenator( 1329): 	at libcore.io.IoBridge.open(IoBridge.java:441)
03-30 15:03:22.599 E/Hyphenator( 1329): 	... 6 more
03-30 15:03:22.694 W/art     ( 1329): Suspending all threads took: 78.449ms
03-30 15:03:22.714 E/Hyphenator( 1329): error loading hyphenation /system/usr/hyphen-data/hyph-or.hyb
03-30 15:03:22.714 E/Hyphenator( 1329): java.io.FileNotFoundException: /system/usr/hyphen-data/hyph-or.hyb: open failed: ENOENT (No such file or directory)
03-30 15:03:22.714 E/Hyphenator( 1329): 	at libcore.io.IoBridge.open(IoBridge.java:455)
03-30 15:03:22.714 E/Hyphenator( 1329): 	at java.io.RandomAccessFile.<init>(RandomAccessFile.java:247)
03-30 15:03:22.714 E/Hyphenator( 1329): 	at android.text.Hyphenator.loadHyphenator(Hyphenator.java:118)
03-30 15:03:22.714 E/Hyphenator( 1329): 	at android.text.Hyphenator.init(Hyphenator.java:224)
03-30 15:03:22.714 E/Hyphenator( 1329): 	at com.android.internal.os.ZygoteInit.preloadTextResources(ZygoteInit.java:252)
03-30 15:03:22.714 E/Hyphenator( 1329): 	at com.android.internal.os.ZygoteInit.preload(ZygoteInit.java:206)
03-30 15:03:22.714 E/Hyphenator( 1329): 	at com.android.internal.os.ZygoteInit.main(ZygoteInit.java:743)
03-30 15:03:22.714 E/Hyphenator( 1329): Caused by: android.system.ErrnoException: open failed: ENOENT (No such file or directory)
03-30 15:03:22.714 E/Hyphenator( 1329): 	at libcore.io.Posix.open(Native Method)
03-30 15:03:22.714 E/Hyphenator( 1329): 	at libcore.io.BlockGuardOs.open(BlockGuardOs.java:187)
03-30 15:03:22.714 E/Hyphenator( 1329): 	at libcore.io.IoBridge.open(IoBridge.java:441)
03-30 15:03:22.714 E/Hyphenator( 1329): 	... 6 more
03-30 15:03:22.716 E/Hyphenator( 1329): error loading hyphenation /system/usr/hyphen-data/hyph-pa.hyb
03-30 15:03:22.716 E/Hyphenator( 1329): java.io.FileNotFoundException: /system/usr/hyphen-data/hyph-pa.hyb: open failed: ENOENT (No such file or directory)
03-30 15:03:22.716 E/Hyphenator( 1329): 	at libcore.io.IoBridge.open(IoBridge.java:455)
03-30 15:03:22.716 E/Hyphenator( 1329): 	at java.io.RandomAccessFile.<init>(RandomAccessFile.java:247)
03-30 15:03:22.716 E/Hyphenator( 1329): 	at android.text.Hyphenator.loadHyphenator(Hyphenator.java:118)
03-30 15:03:22.716 E/Hyphenator( 1329): 	at android.text.Hyphenator.init(Hyphenator.java:224)
03-30 15:03:22.716 E/Hyphenator( 1329): 	at com.android.internal.os.ZygoteInit.preloadTextResources(ZygoteInit.java:252)
03-30 15:03:22.716 E/Hyphenator( 1329): 	at com.android.internal.os.ZygoteInit.preload(ZygoteInit.java:206)
03-30 15:03:22.716 E/Hyphenator( 1329): 	at com.android.internal.os.ZygoteInit.main(ZygoteInit.java:743)
03-30 15:03:22.716 E/Hyphenator( 1329): Caused by: android.system.ErrnoException: open failed: ENOENT (No such file or directory)
03-30 15:03:22.716 E/Hyphenator( 1329): 	at libcore.io.Posix.open(Native Method)
03-30 15:03:22.716 E/Hyphenator( 1329): 	at libcore.io.BlockGuardOs.open(BlockGuardOs.java:187)
03-30 15:03:22.716 E/Hyphenator( 1329): 	at libcore.io.IoBridge.open(IoBridge.java:441)
03-30 15:03:22.716 E/Hyphenator( 1329): 	... 6 more
03-30 15:03:22.718 E/Hyphenator( 1329): error loading hyphenation /system/usr/hyphen-data/hyph-pt.hyb
03-30 15:03:22.718 E/Hyphenator( 1329): java.io.FileNotFoundException: /system/usr/hyphen-data/hyph-pt.hyb: open failed: ENOENT (No such file or directory)
03-30 15:03:22.718 E/Hyphenator( 1329): 	at libcore.io.IoBridge.open(IoBridge.java:455)
03-30 15:03:22.718 E/Hyphenator( 1329): 	at java.io.RandomAccessFile.<init>(RandomAccessFile.java:247)
03-30 15:03:22.718 E/Hyphenator( 1329): 	at android.text.Hyphenator.loadHyphenator(Hyphenator.java:118)
03-30 15:03:22.718 E/Hyphenator( 1329): 	at android.text.Hyphenator.init(Hyphenator.java:224)
03-30 15:03:22.718 E/Hyphenator( 1329): 	at com.android.internal.os.ZygoteInit.preloadTextResources(ZygoteInit.java:252)
03-30 15:03:22.718 E/Hyphenator( 1329): 	at com.android.internal.os.ZygoteInit.preload(ZygoteInit.java:206)
03-30 15:03:22.718 E/Hyphenator( 1329): 	at com.android.internal.os.ZygoteInit.main(ZygoteInit.java:743)
03-30 15:03:22.718 E/Hyphenator( 1329): Caused by: android.system.ErrnoException: open failed: ENOENT (No such file or directory)
03-30 15:03:22.718 E/Hyphenator( 1329): 	at libcore.io.Posix.open(Native Method)
03-30 15:03:22.718 E/Hyphenator( 1329): 	at libcore.io.BlockGuardOs.open(BlockGuardOs.java:187)
03-30 15:03:22.718 E/Hyphenator( 1329): 	at libcore.io.IoBridge.open(IoBridge.java:441)
03-30 15:03:22.718 E/Hyphenator( 1329): 	... 6 more
03-30 15:03:22.791 E/Hyphenator( 1329): error loading hyphenation /system/usr/hyphen-data/hyph-sl.hyb
03-30 15:03:22.791 E/Hyphenator( 1329): java.io.FileNotFoundException: /system/usr/hyphen-data/hyph-sl.hyb: open failed: ENOENT (No such file or directory)
03-30 15:03:22.791 E/Hyphenator( 1329): 	at libcore.io.IoBridge.open(IoBridge.java:455)
03-30 15:03:22.791 E/Hyphenator( 1329): 	at java.io.RandomAccessFile.<init>(RandomAccessFile.java:247)
03-30 15:03:22.791 E/Hyphenator( 1329): 	at android.text.Hyphenator.loadHyphenator(Hyphenator.java:118)
03-30 15:03:22.791 E/Hyphenator( 1329): 	at android.text.Hyphenator.init(Hyphenator.java:224)
03-30 15:03:22.791 E/Hyphenator( 1329): 	at com.android.internal.os.ZygoteInit.preloadTextResources(ZygoteInit.java:252)
03-30 15:03:22.791 E/Hyphenator( 1329): 	at com.android.internal.os.ZygoteInit.preload(ZygoteInit.java:206)
03-30 15:03:22.791 E/Hyphenator( 1329): 	at com.android.internal.os.ZygoteInit.main(ZygoteInit.java:743)
03-30 15:03:22.791 E/Hyphenator( 1329): Caused by: android.system.ErrnoException: open failed: ENOENT (No such file or directory)
03-30 15:03:22.791 E/Hyphenator( 1329): 	at libcore.io.Posix.open(Native Method)
03-30 15:03:22.791 E/Hyphenator( 1329): 	at libcore.io.BlockGuardOs.open(BlockGuardOs.java:187)
03-30 15:03:22.791 E/Hyphenator( 1329): 	at libcore.io.IoBridge.open(IoBridge.java:441)
03-30 15:03:22.791 E/Hyphenator( 1329): 	... 6 more
03-30 15:03:22.793 E/Hyphenator( 1329): error loading hyphenation /system/usr/hyphen-data/hyph-ta.hyb
03-30 15:03:22.793 E/Hyphenator( 1329): java.io.FileNotFoundException: /system/usr/hyphen-data/hyph-ta.hyb: open failed: ENOENT (No such file or directory)
03-30 15:03:22.793 E/Hyphenator( 1329): 	at libcore.io.IoBridge.open(IoBridge.java:455)
03-30 15:03:22.793 E/Hyphenator( 1329): 	at java.io.RandomAccessFile.<init>(RandomAccessFile.java:247)
03-30 15:03:22.793 E/Hyphenator( 1329): 	at android.text.Hyphenator.loadHyphenator(Hyphenator.java:118)
03-30 15:03:22.793 E/Hyphenator( 1329): 	at android.text.Hyphenator.init(Hyphenator.java:224)
03-30 15:03:22.793 E/Hyphenator( 1329): 	at com.android.internal.os.ZygoteInit.preloadTextResources(ZygoteInit.java:252)
03-30 15:03:22.793 E/Hyphenator( 1329): 	at com.android.internal.os.ZygoteInit.preload(ZygoteInit.java:206)
03-30 15:03:22.793 E/Hyphenator( 1329): 	at com.android.internal.os.ZygoteInit.main(ZygoteInit.java:743)
03-30 15:03:22.793 E/Hyphenator( 1329): Caused by: android.system.ErrnoException: open failed: ENOENT (No such file or directory)
03-30 15:03:22.793 E/Hyphenator( 1329): 	at libcore.io.Posix.open(Native Method)
03-30 15:03:22.793 E/Hyphenator( 1329): 	at libcore.io.BlockGuardOs.open(BlockGuardOs.java:187)
03-30 15:03:22.793 E/Hyphenator( 1329): 	at libcore.io.IoBridge.open(IoBridge.java:441)
03-30 15:03:22.793 E/Hyphenator( 1329): 	... 6 more
03-30 15:03:22.795 E/Hyphenator( 1329): error loading hyphenation /system/usr/hyphen-data/hyph-te.hyb
03-30 15:03:22.795 E/Hyphenator( 1329): java.io.FileNotFoundException: /system/usr/hyphen-data/hyph-te.hyb: open failed: ENOENT (No such file or directory)
03-30 15:03:22.795 E/Hyphenator( 1329): 	at libcore.io.IoBridge.open(IoBridge.java:455)
03-30 15:03:22.795 E/Hyphenator( 1329): 	at java.io.RandomAccessFile.<init>(RandomAccessFile.java:247)
03-30 15:03:22.795 E/Hyphenator( 1329): 	at android.text.Hyphenator.loadHyphenator(Hyphenator.java:118)
03-30 15:03:22.795 E/Hyphenator( 1329): 	at android.text.Hyphenator.init(Hyphenator.java:224)
03-30 15:03:22.795 E/Hyphenator( 1329): 	at com.android.internal.os.ZygoteInit.preloadTextResources(ZygoteInit.java:252)
03-30 15:03:22.795 E/Hyphenator( 1329): 	at com.android.internal.os.ZygoteInit.preload(ZygoteInit.java:206)
03-30 15:03:22.795 E/Hyphenator( 1329): 	at com.android.internal.os.ZygoteInit.main(ZygoteInit.java:743)
03-30 15:03:22.795 E/Hyphenator( 1329): Caused by: android.system.ErrnoException: open failed: ENOENT (No such file or directory)
03-30 15:03:22.795 E/Hyphenator( 1329): 	at libcore.io.Posix.open(Native Method)
03-30 15:03:22.795 E/Hyphenator( 1329): 	at libcore.io.BlockGuardOs.open(BlockGuardOs.java:187)
03-30 15:03:22.795 E/Hyphenator( 1329): 	at libcore.io.IoBridge.open(IoBridge.java:441)
03-30 15:03:22.795 E/Hyphenator( 1329): 	... 6 more
03-30 15:03:22.797 E/Hyphenator( 1329): error loading hyphenation /system/usr/hyphen-data/hyph-tk.hyb
03-30 15:03:22.797 E/Hyphenator( 1329): java.io.FileNotFoundException: /system/usr/hyphen-data/hyph-tk.hyb: open failed: ENOENT (No such file or directory)
03-30 15:03:22.797 E/Hyphenator( 1329): 	at libcore.io.IoBridge.open(IoBridge.java:455)
03-30 15:03:22.797 E/Hyphenator( 1329): 	at java.io.RandomAccessFile.<init>(RandomAccessFile.java:247)
03-30 15:03:22.797 E/Hyphenator( 1329): 	at android.text.Hyphenator.loadHyphenator(Hyphenator.java:118)
03-30 15:03:22.797 E/Hyphenator( 1329): 	at android.text.Hyphenator.init(Hyphenator.java:224)
03-30 15:03:22.797 E/Hyphenator( 1329): 	at com.android.internal.os.ZygoteInit.preloadTextResources(ZygoteInit.java:252)
03-30 15:03:22.797 E/Hyphenator( 1329): 	at com.android.internal.os.ZygoteInit.preload(ZygoteInit.java:206)
03-30 15:03:22.797 E/Hyphenator( 1329): 	at com.android.internal.os.ZygoteInit.main(ZygoteInit.java:743)
03-30 15:03:22.797 E/Hyphenator( 1329): Caused by: android.system.ErrnoException: open failed: ENOENT (No such file or directory)
03-30 15:03:22.797 E/Hyphenator( 1329): 	at libcore.io.Posix.open(Native Method)
03-30 15:03:22.797 E/Hyphenator( 1329): 	at libcore.io.BlockGuardOs.open(BlockGuardOs.java:187)
03-30 15:03:22.797 E/Hyphenator( 1329): 	at libcore.io.IoBridge.open(IoBridge.java:441)
03-30 15:03:22.797 E/Hyphenator( 1329): 	... 6 more
03-30 15:03:22.799 E/Hyphenator( 1329): error loading hyphenation /system/usr/hyphen-data/hyph-und-ethi.hyb
03-30 15:03:22.799 E/Hyphenator( 1329): java.io.FileNotFoundException: /system/usr/hyphen-data/hyph-und-ethi.hyb: open failed: ENOENT (No such file or directory)
03-30 15:03:22.799 E/Hyphenator( 1329): 	at libcore.io.IoBridge.open(IoBridge.java:455)
03-30 15:03:22.799 E/Hyphenator( 1329): 	at java.io.RandomAccessFile.<init>(RandomAccessFile.java:247)
03-30 15:03:22.799 E/Hyphenator( 1329): 	at android.text.Hyphenator.loadHyphenator(Hyphenator.java:118)
03-30 15:03:22.799 E/Hyphenator( 1329): 	at android.text.Hyphenator.init(Hyphenator.java:224)
03-30 15:03:22.799 E/Hyphenator( 1329): 	at com.android.internal.os.ZygoteInit.preloadTextResources(ZygoteInit.java:252)
03-30 15:03:22.799 E/Hyphenator( 1329): 	at com.android.internal.os.ZygoteInit.preload(ZygoteInit.java:206)
03-30 15:03:22.799 E/Hyphenator( 1329): 	at com.android.internal.os.ZygoteInit.main(ZygoteInit.java:743)
03-30 15:03:22.799 E/Hyphenator( 1329): Caused by: android.system.ErrnoException: open failed: ENOENT (No such file or directory)
03-30 15:03:22.799 E/Hyphenator( 1329): 	at libcore.io.Posix.open(Native Method)
03-30 15:03:22.799 E/Hyphenator( 1329): 	at libcore.io.BlockGuardOs.open(BlockGuardOs.java:187)
03-30 15:03:22.799 E/Hyphenator( 1329): 	at libcore.io.IoBridge.open(IoBridge.java:441)
03-30 15:03:22.799 E/Hyphenator( 1329): 	... 6 more
03-30 15:03:22.876 I/Zygote  ( 1328): Uninstalled ICU cache reference pinning...
03-30 15:03:22.936 I/art     ( 1329): Background sticky concurrent mark sweep GC freed 8290(686KB) AllocSpace objects, 3(120KB) LOS objects, 10% free, 6MB/7MB, paused 83.938ms total 521.434ms
03-30 15:03:22.992 I/Zygote  ( 1328): Installed AndroidKeyStoreProvider in 114ms.
03-30 15:03:23.901 I/Zygote  ( 1329): Uninstalled ICU cache reference pinning...
03-30 15:03:24.001 I/Zygote  ( 1329): Installed AndroidKeyStoreProvider in 99ms.
03-30 15:03:24.040 I/Zygote  ( 1328): Warmed up JCA providers in 1048ms.
03-30 15:03:24.040 D/Zygote  ( 1328): end preload
03-30 15:03:24.043 I/art     ( 1328): Starting a blocking GC Explicit
03-30 15:03:24.444 I/art     ( 1328): Explicit concurrent mark sweep GC freed 15519(1185KB) AllocSpace objects, 0(0B) LOS objects, 39% free, 6MB/10MB, paused 1.710ms total 354.698ms
03-30 15:03:24.537 I/art     ( 1328): Starting a blocking GC Explicit
03-30 15:03:24.792 I/art     ( 1328): Explicit concurrent mark sweep GC freed 1405(53KB) AllocSpace objects, 3(132KB) LOS objects, 39% free, 6MB/10MB, paused 290us total 235.042ms
03-30 15:03:24.837 I/Zygote  ( 1329): Warmed up JCA providers in 834ms.
03-30 15:03:24.837 D/Zygote  ( 1329): end preload
03-30 15:03:24.838 I/art     ( 1329): Starting a blocking GC Explicit
03-30 15:03:24.875 I/art     ( 1328): Starting a blocking GC HeapTrim
03-30 15:03:24.963 I/art     ( 1328): Starting a blocking GC Background
03-30 15:03:25.068 I/art     ( 1328): Background concurrent mark sweep GC freed 189(7KB) AllocSpace objects, 0(0B) LOS objects, 39% free, 6MB/10MB, paused 225us total 104.349ms
03-30 15:03:25.305 I/art     ( 1329): Explicit concurrent mark sweep GC freed 9493(588KB) AllocSpace objects, 4(164KB) LOS objects, 39% free, 6MB/10MB, paused 507us total 463.033ms
03-30 15:03:25.351 I/art     ( 1329): Starting a blocking GC Explicit
03-30 15:03:25.622 I/art     ( 1329): Explicit concurrent mark sweep GC freed 106(3KB) AllocSpace objects, 0(0B) LOS objects, 39% free, 6MB/10MB, paused 439us total 254.552ms
03-30 15:03:25.627 I/Zygote  ( 1329): Accepting command socket connections
03-30 15:03:25.753 I/Zygote  ( 1328): System server process 1997 has been created
03-30 15:03:25.797 I/Zygote  ( 1328): Accepting command socket connections
03-30 15:03:26.253 I/Zygote  ( 1997): Process: zygote socket opened, supported ABIS: x86
03-30 15:03:26.259 I/InstallerConnection( 1997): connecting...
03-30 15:03:26.304 I/        ( 1333): new connection
03-30 15:03:26.771 I/InstallerConnection( 1997): disconnecting...
03-30 15:03:26.786 E/        ( 1333): eof
03-30 15:03:26.787 E/        ( 1333): failed to read size
03-30 15:03:26.787 I/        ( 1333): closing connection
03-30 15:03:28.271 I/SystemServer( 1997): Entered the Android system server!
03-30 15:03:30.946 I/SystemServiceManager( 1997): Starting com.android.server.pm.Installer
03-30 15:03:31.081 I/Installer( 1997): Waiting for installd to be ready.
03-30 15:03:31.081 I/InstallerConnection( 1997): connecting...
03-30 15:03:31.082 I/        ( 1333): new connection
03-30 15:03:31.085 I/SystemServiceManager( 1997): Starting com.android.server.am.ActivityManagerService$Lifecycle
03-30 15:03:31.462 I/ActivityManager( 1997): Memory class: 256
03-30 15:03:31.541 I/ServiceThread( 1997): Enabled StrictMode logging for ActivityManager looper.
03-30 15:03:31.592 I/ServiceThread( 1997): Enabled StrictMode logging for android.ui looper.
03-30 15:03:31.974 D/BatteryStatsImpl( 1997): Reading daily items from /data/system/batterystats-daily.xml
03-30 15:03:34.525 V/NatController( 1342): runCmd(/system/bin/iptables -w -F natctrl_FORWARD) res=0
03-30 15:03:35.004 V/NatController( 1342): runCmd(/system/bin/ip6tables -w -F natctrl_FORWARD) res=0
03-30 15:03:35.241 V/NatController( 1342): runCmd(/system/bin/iptables -w -A natctrl_FORWARD -j DROP) res=0
03-30 15:03:35.431 V/NatController( 1342): runCmd(/system/bin/iptables -w -t nat -F natctrl_nat_POSTROUTING) res=0
03-30 15:03:35.703 V/NatController( 1342): runCmd(/system/bin/ip6tables -w -t raw -F natctrl_raw_PREROUTING) res=0
03-30 15:03:35.883 V/NatController( 1342): runCmd(/system/bin/iptables -w -F natctrl_tether_counters) res=1
03-30 15:03:36.451 V/NatController( 1342): runCmd(/system/bin/ip6tables -w -F natctrl_tether_counters) res=1
03-30 15:03:36.704 V/NatController( 1342): runCmd(/system/bin/iptables -w -X natctrl_tether_counters) res=1
03-30 15:03:37.082 W/ProcessCpuTracker( 1997): Skipping unknown process pid 2056
03-30 15:03:37.183 V/NatController( 1342): runCmd(/system/bin/ip6tables -w -X natctrl_tether_counters) res=1
03-30 15:03:37.386 I/IntentFirewall( 1997): Read new rules (A:0 B:0 S:0)
03-30 15:03:37.495 V/NatController( 1342): runCmd(/system/bin/iptables -w -N natctrl_tether_counters) res=0
03-30 15:03:37.602 I/ServiceThread( 1997): Enabled StrictMode logging for android.display looper.
03-30 15:03:37.811 D/AppOps  ( 1997): AppOpsService published
03-30 15:03:37.821 V/NatController( 1342): runCmd(/system/bin/ip6tables -w -N natctrl_tether_counters) res=0
03-30 15:03:37.823 I/SystemServiceManager( 1997): Starting com.android.server.power.PowerManagerService
03-30 15:03:37.980 I/ServiceThread( 1997): Enabled StrictMode logging for PowerManagerService looper.
03-30 15:03:37.987 E/PowerManagerService-JNI( 1997): Couldn't load power module (No such file or directory)
03-30 15:03:37.988 W/libsuspend( 1997): Error writing 'on' to /sys/power/state: Invalid argument
03-30 15:03:37.989 I/libsuspend( 1997): Selected wakeup count
03-30 15:03:38.001 V/NatController( 1342): runCmd(/system/bin/iptables -w -t mangle -A natctrl_mangle_FORWARD -p tcp --tcp-flags SYN SYN -j TCPMSS --clamp-mss-to-pmtu) res=0
03-30 15:03:38.117 I/SystemServiceManager( 1997): Starting com.android.server.lights.LightsService
03-30 15:03:38.290 I/SystemServiceManager( 1997): Starting com.android.server.display.DisplayManagerService
03-30 15:03:38.433 I/SystemServiceManager( 1997): Starting phase 100
03-30 15:03:38.455 E/SurfaceFlinger( 1325): ro.sf.lcd_density must be defined as a build property
03-30 15:03:38.532 I/DisplayManagerService( 1997): Display device added: DisplayDeviceInfo{"Built-in Screen": uniqueId="local:0", 1080 x 1920, modeId 1, defaultModeId 1, supportedModes [{id=1, width=1080, height=1920, fps=60.000004}], colorMode 0, supportedColorModes [0], HdrCapabilities android.view.Display$HdrCapabilities@a69d6308, density 480, 480.0 x 480.0 dpi, appVsyncOff 1000000, presDeadline 16666666, touch INTERNAL, rotation 0, type BUILT_IN, state UNKNOWN, FLAG_DEFAULT_DISPLAY, FLAG_ROTATES_WITH_CONTENT, FLAG_SECURE, FLAG_SUPPORTS_PROTECTED_BUFFERS}
03-30 15:03:38.541 D/SurfaceFlinger( 1325): Set power mode=2, type=0 flinger=0x768820647000
03-30 15:03:38.541 D/SurfaceFlinger( 1325): Screen type=0 is already mode=2
03-30 15:03:38.554 I/DisplayManagerService( 1997): Display device changed state: "Built-in Screen", ON
03-30 15:03:38.561 I/SystemServer( 1997): StartPackageManagerService
03-30 15:03:39.250 W/SystemConfig( 1997): No directory /system/etc/sysconfig, skipping
03-30 15:03:39.771 D/SELinuxMMAC( 1997): Using policy file /system/etc/security/mac_permissions.xml
03-30 15:03:42.663 E/art     ( 1997): DexFile_getDexOptNeeded file '/system/framework/org.apache.http.legacy.jar' does not exist
03-30 15:03:42.665 W/PackageManager( 1997): Library not found: /system/framework/org.apache.http.legacy.jar
03-30 15:03:42.798 E/Netd    ( 1342): cannot find interface dummy0
03-30 15:03:42.874 D/MDnsDS  ( 1342): MDnsSdListener::Hander starting up
03-30 15:03:42.892 D/MDnsDS  ( 1342): MDnsSdListener starting to monitor
03-30 15:03:42.892 D/MDnsDS  ( 1342): Going to poll with pollCount 1
03-30 15:03:43.065 E/art     ( 1997): DexFile_getDexOptNeeded file '/system/framework/org.apache.http.legacy.jar' does not exist
03-30 15:03:43.066 W/PackageManager( 1997): Library not found: /system/framework/org.apache.http.legacy.jar
03-30 15:03:43.161 D/PackageManager( 1997): No files in app dir /vendor/overlay
03-30 15:03:44.163 W/PackageManager( 1997): Failed to parse /system/framework/oat: Missing base APK in /system/framework/oat
03-30 15:03:44.168 W/PackageManager( 1997): Failed to parse /system/framework/x86: Missing base APK in /system/framework/x86
03-30 15:03:44.182 W/PackageManager( 1997): Failed to parse /system/framework/x86_64: Missing base APK in /system/framework/x86_64
03-30 15:03:45.823 W/PackageParser( 1997): No actions in intent filter at /system/priv-app/Contacts/Contacts.apk Binary XML file line #409
03-30 15:03:46.890 W/PackageParser( 1997): No actions in intent filter at /system/priv-app/Dialer/Dialer.apk Binary XML file line #186
03-30 15:03:47.536 W/PackageManager( 1997): Permission android.permission.DOWNLOAD_WITHOUT_NOTIFICATION from package com.android.providers.downloads in an unknown group android.permission-group.NETWORK
03-30 15:03:51.545 W/PackageParser( 1997): Ignoring duplicate uses-permissions/uses-permissions-sdk-m: android.permission.USE_CREDENTIALS in package: com.android.settings at: Binary XML file line #53
03-30 15:03:51.547 W/PackageParser( 1997): Ignoring duplicate uses-permissions/uses-permissions-sdk-m: android.permission.READ_SYNC_SETTINGS in package: com.android.settings at: Binary XML file line #58
03-30 15:03:51.547 W/PackageParser( 1997): Ignoring duplicate uses-permissions/uses-permissions-sdk-m: android.permission.WRITE_SYNC_SETTINGS in package: com.android.settings at: Binary XML file line #59
03-30 15:03:52.724 I/art     ( 1997): Background sticky concurrent mark sweep GC freed 31284(2MB) AllocSpace objects, 24(520KB) LOS objects, 31% free, 6MB/10MB, paused 3.379ms total 227.877ms
03-30 15:03:52.976 W/PackageParser( 1997): Ignoring duplicate uses-permissions/uses-permissions-sdk-m: android.permission.INSTALL_GRANT_RUNTIME_PERMISSIONS in package: com.android.shell at: Binary XML file line #102
03-30 15:03:54.371 W/PackageParser( 1997): Ignoring duplicate uses-permissions/uses-permissions-sdk-m: android.permission.CONFIGURE_WIFI_DISPLAY in package: com.android.systemui at: Binary XML file line #123
03-30 15:03:56.838 W/PackageManager( 1997): Non-privileged app; cap priority to 0; package: com.android.calendar activity: com.android.calendar.GoogleCalendarUriIntentFilter origPrio: 50
03-30 15:03:57.232 W/PackageManager( 1997): Non-privileged app; cap priority to 0; package: com.android.cts.ctsshim activity: com.android.cts.ctsshim.InstallPriority origPrio: 100
03-30 15:03:57.233 W/PackageManager( 1997): Non-privileged app; cap priority to 0; package: com.android.cts.ctsshim activity: com.android.cts.ctsshim.InstallPriority origPrio: 100
03-30 15:03:57.233 W/PackageManager( 1997): Non-privileged app; cap priority to 0; package: com.android.cts.ctsshim activity: com.android.cts.ctsshim.InstallPriority origPrio: 100
03-30 15:03:57.233 W/PackageManager( 1997): Non-privileged app; cap priority to 0; package: com.android.cts.ctsshim activity: com.android.cts.ctsshim.InstallPriority origPrio: 100
03-30 15:03:57.233 W/PackageManager( 1997): Non-privileged app; cap priority to 0; package: com.android.cts.ctsshim activity: com.android.cts.ctsshim.InstallPriority origPrio: 100
03-30 15:03:58.915 W/PackageParser( 1997): Ignoring duplicate uses-permissions/uses-permissions-sdk-m: android.permission.WRITE_CONTACTS in package: com.android.email at: Binary XML file line #40
03-30 15:03:59.878 W/PackageParser( 1997): Unknown element under <application>: permission at /system/app/Gallery2/Gallery2.apk Binary XML file line #238
03-30 15:03:59.878 W/PackageParser( 1997): Unknown element under <application>: permission at /system/app/Gallery2/Gallery2.apk Binary XML file line #241
03-30 15:04:01.419 W/PackageManager( 1997): Permission com.android.launcher3.permission.READ_SETTINGS from package com.android.launcher3 in an unknown group android.permission-group.SYSTEM_TOOLS
03-30 15:04:01.419 W/PackageManager( 1997): Permission com.android.launcher3.permission.WRITE_SETTINGS from package com.android.launcher3 in an unknown group android.permission-group.SYSTEM_TOOLS
03-30 15:04:01.419 W/PackageManager( 1997): Permission com.android.launcher.permission.INSTALL_SHORTCUT from package com.android.launcher3 in an unknown group android.permission-group.SYSTEM_TOOLS
03-30 15:04:05.274 D/PackageManager( 1997): No files in app dir /system/vendor/app
03-30 15:04:05.275 D/PackageManager( 1997): No files in app dir /oem/app
03-30 15:04:06.839 W/PackageParser( 1997): No actions in intent filter at /data/app/ApiDemos/ApiDemos.apk Binary XML file line #3145
03-30 15:04:06.839 W/PackageParser( 1997): No actions in intent filter at /data/app/ApiDemos/ApiDemos.apk Binary XML file line #3151
03-30 15:04:06.893 W/PackageManager( 1997): Package com.example.android.apis desires unavailable shared library com.example.will.never.exist; ignoring!
03-30 15:04:07.032 I/SELinux ( 1997): SELinux: Loaded file_contexts contexts from /file_contexts.bin.
03-30 15:04:07.716 D/PackageManager( 1997): No files in app dir /data/app-private
03-30 15:04:07.740 D/PackageManager( 1997): No files in app dir /data/app-ephemeral
03-30 15:04:07.765 E/PackageManager( 1997): There should probably be exactly one setup wizard; found 0: matches=[]
03-30 15:04:07.765 W/PackageManager( 1997): Protected action; cap priority to 0; package: com.android.cts.priv.ctsshim activity: com.android.cts.priv.ctsshim.InstallPriority origPrio: 100
03-30 15:04:07.766 W/PackageManager( 1997): Protected action; cap priority to 0; package: com.android.cts.priv.ctsshim activity: com.android.cts.priv.ctsshim.InstallPriority origPrio: 100
03-30 15:04:07.766 W/PackageManager( 1997): Protected action; cap priority to 0; package: com.android.cts.priv.ctsshim activity: com.android.cts.priv.ctsshim.InstallPriority origPrio: 100
03-30 15:04:07.766 W/PackageManager( 1997): Protected action; cap priority to 0; package: com.android.cts.priv.ctsshim activity: com.android.cts.priv.ctsshim.InstallPriority origPrio: 100
03-30 15:04:07.766 W/PackageManager( 1997): Protected action; cap priority to 0; package: com.android.packageinstaller activity: com.android.packageinstaller.PackageInstallerActivity origPrio: 1
03-30 15:04:07.766 W/PackageManager( 1997): Package com.android.camera desires unavailable shared library com.google.android.media.effects; ignoring!
03-30 15:04:07.767 W/PackageManager( 1997): Package com.android.gallery3d desires unavailable shared library com.google.android.media.effects; ignoring!
03-30 15:04:07.767 W/PackageManager( 1997): Package com.android.gallery3d desires unavailable shared library com.google.android.media.effects; ignoring!
03-30 15:04:07.767 W/PackageManager( 1997): Package com.example.android.apis desires unavailable shared library com.example.will.never.exist; ignoring!
03-30 15:04:07.768 I/PackageManager( 1997): Adjusting ABI for com.android.providers.downloads.ui to x86_64 (requirer=com.android.mtp, scannedPackage=null)
03-30 15:04:07.866 I/PackageManager( 1997): Adjusting ABI for com.android.providers.media to x86_64 (requirer=com.android.mtp, scannedPackage=null)
03-30 15:04:07.869 I/PackageManager( 1997): Adjusting ABI for com.android.providers.downloads to x86_64 (requirer=com.android.mtp, scannedPackage=null)
03-30 15:04:07.935 I/PackageManager( 1997): Adjusting ABI for com.android.location.fused to x86_64 (requirer=android, scannedPackage=null)
03-30 15:04:07.937 I/PackageManager( 1997): Adjusting ABI for com.android.settings to x86_64 (requirer=android, scannedPackage=null)
03-30 15:04:07.939 I/PackageManager( 1997): Adjusting ABI for com.android.wallpaperbackup to x86_64 (requirer=android, scannedPackage=null)
03-30 15:04:07.951 I/PackageManager( 1997): Adjusting ABI for com.android.providers.settings to x86_64 (requirer=android, scannedPackage=null)
03-30 15:04:07.954 I/PackageManager( 1997): Adjusting ABI for com.android.keychain to x86_64 (requirer=android, scannedPackage=null)
03-30 15:04:07.956 I/PackageManager( 1997): Adjusting ABI for com.android.server.telecom to x86_64 (requirer=android, scannedPackage=null)
03-30 15:04:07.958 I/PackageManager( 1997): Adjusting ABI for com.android.inputdevices to x86_64 (requirer=android, scannedPackage=null)
03-30 15:04:07.983 I/PackageManager( 1997): Time to scan packages: 25.838 seconds
03-30 15:04:07.987 W/PackageManager( 1997): Unknown permission com.google.android.googleapps.permission.GOOGLE_AUTH in package com.android.providers.calendar
03-30 15:04:07.987 W/PackageManager( 1997): Unknown permission com.google.android.googleapps.permission.GOOGLE_AUTH.cl in package com.android.providers.calendar
03-30 15:04:07.989 W/PackageManager( 1997): Not granting permission android.permission.GLOBAL_SEARCH to package com.android.quicksearchbox (protectionLevel=18 flags=0x3808be45)
03-30 15:04:08.010 W/PackageManager( 1997): Not granting permission android.permission.WRITE_EXTERNAL_STORAGE to package gov.nasa.arc.astrobee.android.gs.manager because it was previously installed without
03-30 15:04:08.011 W/PackageManager( 1997): Not granting permission android.permission.READ_EXTERNAL_STORAGE to package gov.nasa.arc.astrobee.android.gs.manager because it was previously installed without
03-30 15:04:08.011 W/PackageManager( 1997): Unknown permission com.android.launcher.permission.READ_SETTINGS in package com.android.launcher3
03-30 15:04:08.011 W/PackageManager( 1997): Unknown permission com.android.launcher.permission.WRITE_SETTINGS in package com.android.launcher3
03-30 15:04:08.012 W/PackageManager( 1997): Not granting permission android.permission.BIND_APPWIDGET to package com.android.launcher3 (protectionLevel=18 flags=0x3c4bbe45)
03-30 15:04:08.012 W/PackageManager( 1997): Unknown permission com.google.android.googleapps.permission.GOOGLE_AUTH.mail in package com.android.calendar
03-30 15:04:08.012 W/PackageManager( 1997): Unknown permission com.google.android.providers.settings.permission.WRITE_GSETTINGS in package com.android.sdksetup
03-30 15:04:08.014 W/PackageManager( 1997): Unknown permission com.google.android.permission.INSTALL_WEARABLE_PACKAGES in package com.android.packageinstaller
03-30 15:04:08.014 W/PackageManager( 1997): Not granting permission android.permission.DELETE_PACKAGES to package com.svox.pico (protectionLevel=18 flags=0x3808be45)
03-30 15:04:08.014 W/PackageManager( 1997): Not granting permission android.permission.READ_CONTACTS to package com.example.android.apis because it was previously installed without
03-30 15:04:08.014 W/PackageManager( 1997): Not granting permission android.permission.WRITE_CONTACTS to package com.example.android.apis because it was previously installed without
03-30 15:04:08.014 W/PackageManager( 1997): Not granting permission android.permission.ACCESS_COARSE_LOCATION to package com.example.android.apis because it was previously installed without
03-30 15:04:08.014 W/PackageManager( 1997): Not granting permission android.permission.WRITE_EXTERNAL_STORAGE to package com.example.android.apis because it was previously installed without
03-30 15:04:08.014 W/PackageManager( 1997): Not granting permission android.permission.SEND_SMS to package com.example.android.apis because it was previously installed without
03-30 15:04:08.014 W/PackageManager( 1997): Not granting permission android.permission.RECEIVE_SMS to package com.example.android.apis because it was previously installed without
03-30 15:04:08.014 W/PackageManager( 1997): Not granting permission android.permission.RECEIVE_MMS to package com.example.android.apis because it was previously installed without
03-30 15:04:08.015 W/PackageManager( 1997): Not granting permission android.permission.READ_SMS to package com.example.android.apis because it was previously installed without
03-30 15:04:08.015 W/PackageManager( 1997): Not granting permission android.permission.READ_PHONE_STATE to package com.example.android.apis because it was previously installed without
03-30 15:04:08.015 W/PackageManager( 1997): Not granting permission android.permission.RECORD_AUDIO to package com.example.android.apis because it was previously installed without
03-30 15:04:08.015 W/PackageManager( 1997): Not granting permission android.permission.CAMERA to package com.example.android.apis because it was previously installed without
03-30 15:04:08.015 W/PackageManager( 1997): Not granting permission android.permission.READ_EXTERNAL_STORAGE to package com.example.android.apis because it was previously installed without
03-30 15:04:08.015 W/PackageManager( 1997): Unknown permission android.permission.RUN_INSTRUMENTATION in package org.chromium.webview_shell
03-30 15:04:08.016 W/PackageManager( 1997): Unknown permission com.google.android.googleapps.permission.GOOGLE_AUTH in package com.android.settings
03-30 15:04:08.016 W/PackageManager( 1997): Unknown permission com.android.launcher.permission.READ_SETTINGS in package com.android.settings
03-30 15:04:08.016 W/PackageManager( 1997): Unknown permission com.android.launcher.permission.WRITE_SETTINGS in package com.android.settings
03-30 15:04:08.017 W/PackageManager( 1997): Unknown permission com.android.smspush.WAPPUSH_MANAGER_BIND in package com.android.phone
03-30 15:04:08.019 W/PackageManager( 1997): Unknown permission com.google.android.googleapps.permission.ACCESS_GOOGLE_PASSWORD in package com.android.development
03-30 15:04:08.019 W/PackageManager( 1997): Unknown permission com.google.android.googleapps.permission.GOOGLE_AUTH in package com.android.development
03-30 15:04:08.019 W/PackageManager( 1997): Unknown permission com.google.android.googleapps.permission.GOOGLE_AUTH.ALL_SERVICES in package com.android.development
03-30 15:04:08.019 W/PackageManager( 1997): Unknown permission com.google.android.googleapps.permission.GOOGLE_AUTH.YouTubeUser in package com.android.development
03-30 15:04:08.030 W/PackageManager( 1997): Not granting permission android.permission.BIND_APPWIDGET to package com.android.widgetpreview (protectionLevel=18 flags=0x3808be44)
03-30 15:04:08.032 V/PackageManager( 1997): reconcileAppsData for null u0 0x3
03-30 15:04:08.079 I/SELinux ( 1333): SELinux: Loaded file_contexts contexts from /file_contexts.bin.
03-30 15:04:13.367 V/PackageManager( 1997): reconcileAppsData finished 81 packages
03-30 15:04:13.819 E/PackageManager( 1997): There should probably be a verifier, but, none were found
03-30 15:04:14.000 D/PackageManager( 1997): Ephemeral resolver NOT found; no matching intent filters
03-30 15:04:14.002 I/PackageManager( 1997): Ephemeral deactivated; missing resolver and installer
03-30 15:04:14.005 I/art     ( 1997): Waiting for a blocking GC Explicit
03-30 15:04:14.007 W/art     ( 1997): Long monitor contention with owner main (1997) at int android.net.LocalSocketImpl.readba_native(byte[], int, int, java.io.FileDescriptor)(LocalSocketImpl.java:-2) waiters=0 in void com.android.server.pm.Settings$RuntimePermissionPersistence.writePermissionsSync(int) for 5.661s
03-30 15:04:14.010 I/art     ( 1997): Background partial concurrent mark sweep GC freed 39339(2MB) AllocSpace objects, 2(40KB) LOS objects, 33% free, 7MB/11MB, paused 1.169ms total 327.922ms
03-30 15:04:14.010 I/art     ( 1997): WaitForGcToComplete blocked for 5.864ms for cause Explicit
03-30 15:04:14.011 I/art     ( 1997): Starting a blocking GC Explicit
03-30 15:04:14.252 I/art     ( 1997): Explicit concurrent mark sweep GC freed 5801(391KB) AllocSpace objects, 2(40KB) LOS objects, 33% free, 7MB/10MB, paused 893us total 239.991ms
03-30 15:04:14.303 I/SystemServer( 1997): StartOtaDexOptService
03-30 15:04:14.448 I/SystemServer( 1997): StartUserManagerService
03-30 15:04:14.449 I/SystemServiceManager( 1997): Starting com.android.server.pm.UserManagerService$LifeCycle
03-30 15:04:14.643 I/lowmemorykiller( 1323): ActivityManager connected
03-30 15:04:14.695 D/SensorService( 1997): nuSensorService starting...
03-30 15:04:14.874 D/SensorService( 1997): nuSensorService thread starting...
03-30 15:04:14.884 I/SystemServiceManager( 1997): Starting com.android.server.BatteryService
03-30 15:04:14.888 D/SensorService( 1997): new thread SensorEventAckReceiver
03-30 15:04:15.091 I/SystemServiceManager( 1997): Starting com.android.server.usage.UsageStatsService
03-30 15:04:15.461 I/SystemServiceManager( 1997): Starting com.android.server.webkit.WebViewUpdateService
03-30 15:04:15.515 I/SystemServer( 1997): Reading configuration...
03-30 15:04:15.515 I/SystemServer( 1997): StartSchedulingPolicyService
03-30 15:04:15.582 I/SystemServiceManager( 1997): Starting com.android.server.telecom.TelecomLoaderService
03-30 15:04:15.584 I/SystemServer( 1997): StartTelephonyRegistry
03-30 15:04:15.636 I/SystemServer( 1997): StartEntropyMixer
03-30 15:04:15.672 I/EntropyMixer( 1997): Writing entropy...
03-30 15:04:15.741 I/SystemServer( 1997): Camera Service
03-30 15:04:15.751 I/SystemServiceManager( 1997): Starting com.android.server.camera.CameraService
03-30 15:04:15.782 I/ServiceThread( 1997): Enabled StrictMode logging for CameraService_proxy looper.
03-30 15:04:15.789 I/SystemServer( 1997): StartAccountManagerService
03-30 15:04:15.811 I/SystemServiceManager( 1997): Starting com.android.server.accounts.AccountManagerService$Lifecycle
03-30 15:04:15.897 I/SystemServer( 1997): StartContentService
03-30 15:04:15.900 I/SystemServiceManager( 1997): Starting com.android.server.content.ContentService$Lifecycle
03-30 15:04:15.916 I/SystemServer( 1997): InstallSystemProviders
03-30 15:04:15.959 W/System  ( 1997): ClassLoader referenced unknown path: /system/priv-app/SettingsProvider/lib/x86_64
03-30 15:04:17.044 I/SystemServer( 1997): StartVibratorService
03-30 15:04:17.095 E/VibratorService( 1997): Couldn't load vibrator module (No such file or directory)
03-30 15:04:17.095 W/VibratorService( 1997): Tried to stop vibrating but there is no vibrator device.
03-30 15:04:17.179 I/SystemServer( 1997): StartConsumerIrService
03-30 15:04:17.192 E/ConsumerIrService( 1997): Can't open consumer IR HW Module, error: -2
03-30 15:04:17.235 I/SystemServer( 1997): StartAlarmManagerService
03-30 15:04:17.236 I/SystemServiceManager( 1997): Starting com.android.server.AlarmManagerService
03-30 15:04:17.322 W/AlarmManagerService( 1997): no wall clock RTC found
03-30 15:04:17.326 D/AlarmManagerService( 1997): Kernel timezone updated to 0 minutes west of GMT
03-30 15:04:17.482 I/SystemServer( 1997): InitWatchdog
03-30 15:04:17.485 I/SystemServer( 1997): StartInputManagerService
03-30 15:04:17.493 I/InputManager( 1997): Initializing input manager, mUseDevInputEventForAudioJack=true
03-30 15:04:17.547 I/SystemServer( 1997): StartWindowManagerService
03-30 15:04:18.036 I/WindowManager( 1997): No existing display settings /data/system/display_settings.xml; starting empty
03-30 15:04:18.578 I/SystemServer( 1997): StartVrManagerService
03-30 15:04:18.578 I/SystemServiceManager( 1997): Starting com.android.server.vr.VrManagerService
03-30 15:04:18.603 W/VrManagerService( 1997): init_native: Could not open VR hardware module, error No such file or directory (-2).
03-30 15:04:18.641 I/InputManager( 1997): Starting input manager
03-30 15:04:18.672 I/SystemServer( 1997): No Bluetooth Service (emulator)
03-30 15:04:18.672 I/SystemServer( 1997): ConnectivityMetricsLoggerService
