03-30 15:05:33.766 W/art     ( 1997): Long monitor contention with owner Binder:1997_4 (2287) at void com.android.server.am.ActivityManagerService.attachApplication(android.app.IApplicationThread)(ActivityManagerService.java:6669) waiters=1 in java.lang.String com.android.server.am.ActivityManagerService.checkContentProviderAccess(java.lang.String, int) for 821ms
03-30 15:05:33.879 D/ConnectivityService( 1997): Got NetworkFactory Messenger for TelephonyNetworkFactory[0]
03-30 15:05:35.873 D/CarrierConfigLoader( 2474): CarrierConfigLoader has started
03-30 15:05:35.891 E/BluetoothAdapter( 2474): Bluetooth binder is null
03-30 15:05:36.150 E/BluetoothAdapter( 2261): Bluetooth binder is null
03-30 15:05:36.371 W/ActivityManager( 1997): Timeout executing service: ServiceRecord{1007b16 u0 com.android.systemui/.keyguard.KeyguardService}
03-30 15:05:36.775 I/CameraManagerGlobal( 2261): Connecting to camera service
03-30 15:05:37.098 V/EmulatedCamera_Camera( 1331): getCameraInfo
03-30 15:05:37.153 I/Telephony( 2474): TtyManager: updateUiTtyMode -1 -> 0
03-30 15:05:37.159 V/EmulatedCamera_BaseCamera( 1331): getCameraInfo
03-30 15:05:37.159 I/CameraService( 1331): getCameraCharacteristics: Switching to HAL1 shim implementation...
03-30 15:05:37.174 V/EmulatedCamera_Camera( 1331): getCameraInfo
03-30 15:05:37.174 V/EmulatedCamera_BaseCamera( 1331): getCameraInfo
03-30 15:05:37.177 I/CameraService( 1331): CameraService::connect call (PID -1 "cameraserver", camera ID 0) for HAL version default and Camera API version 1
03-30 15:05:37.186 E/CameraService( 1331): getCameraPriorityFromProcState: Received invalid process state -1 from ActivityManagerService!
03-30 15:05:37.187 V/EmulatedCamera_Camera( 1331): getCameraInfo
03-30 15:05:37.187 V/EmulatedCamera_BaseCamera( 1331): getCameraInfo
03-30 15:05:37.511 I/Process ( 1997): Sending signal. PID: 2261 SIG: 3
03-30 15:05:37.513 I/art     ( 2261): Thread[3,tid=2271,WaitingInMainSignalCatcherLoop,Thread*=0x7a58d3c96400,peer=0x12c005e0,"Signal Catcher"]: reacting to signal 3
03-30 15:05:37.513 I/art     ( 2261): 
03-30 15:05:38.235 E/WVMExtractor( 1338): Failed to open libwvm.so: dlopen failed: library "libwvm.so" not found
03-30 15:05:38.372 W/art     ( 1997): Long monitor contention with owner BackgroundDexOptService_PostBootUpdate (2618) at void com.android.server.power.PowerManagerService.releaseWakeLockInternal(android.os.IBinder, int)(PowerManagerService.java:937) waiters=0 in void com.android.server.power.PowerManagerService.handleSandman() for 122ms
03-30 15:05:39.080 E/ActivityManager( 1997): ANR in com.android.systemui
03-30 15:05:39.080 E/ActivityManager( 1997): PID: 2261
03-30 15:05:39.080 E/ActivityManager( 1997): Reason: executing service com.android.systemui/.keyguard.KeyguardService
03-30 15:05:39.080 E/ActivityManager( 1997): Load: 0.0 / 0.0 / 0.0
03-30 15:05:39.080 E/ActivityManager( 1997): CPU usage from 22345ms to 0ms ago (2020-03-30 15:05:14.196 to 2020-03-30 15:05:36.375):
03-30 15:05:39.080 E/ActivityManager( 1997):   90% 1325/surfaceflinger: 31% user + 59% kernel / faults: 10 minor
03-30 15:05:39.080 E/ActivityManager( 1997):   28% 1997/system_server: 6.2% user + 22% kernel / faults: 4127 minor 27 major
03-30 15:05:39.080 E/ActivityManager( 1997):   21% 1615/bootanimation: 2.9% user + 18% kernel
03-30 15:05:39.080 E/ActivityManager( 1997):   19% 2506/com.android.settings: 7% user + 12% kernel / faults: 4398 minor 12 major
03-30 15:05:39.080 E/ActivityManager( 1997):   11% 2261/com.android.systemui: 2.1% user + 9.7% kernel / faults: 3372 minor 24 major
03-30 15:05:39.080 E/ActivityManager( 1997):   5.9% 2474/com.android.phone: 0.9% user + 5% kernel / faults: 2696 minor 42 major
03-30 15:05:39.080 E/ActivityManager( 1997):   2.3% 1327/adbd: 0% user + 2.3% kernel / faults: 831 minor
03-30 15:05:39.080 E/ActivityManager( 1997):   1% 8/rcu_preempt: 0% user + 1% kernel
03-30 15:05:39.080 E/ActivityManager( 1997):   0.8% 1324/servicemanager: 0% user + 0.8% kernel
03-30 15:05:39.080 E/ActivityManager( 1997):   0.1% 1//init: 0% user + 0% kernel / faults: 1 minor
03-30 15:05:39.080 E/ActivityManager( 1997):   0.2% 673/kworker/1:1: 0% user + 0.2% kernel
03-30 15:05:39.080 E/ActivityManager( 1997):   0.2% 1328/zygote64: 0% user + 0.2% kernel / faults: 159 minor
03-30 15:05:39.080 E/ActivityManager( 1997):   0.2% 1258/kworker/0:1H: 0% user + 0.2% kernel
03-30 15:05:39.080 E/ActivityManager( 1997):   0.2% 1270/logd: 0% user + 0.1% kernel / faults: 8 minor
03-30 15:05:39.080 E/ActivityManager( 1997):   0.1% 3/ksoftirqd/0: 0% user + 0.1% kernel
03-30 15:05:39.080 E/ActivityManager( 1997):   0.1% 2253/com.android.inputmethod.latin: 0% user + 0.1% kernel / faults: 63 minor
03-30 15:05:39.080 E/ActivityManager( 1997):   0.1% 1330/audioserver: 0% user + 0% kernel
03-30 15:05:39.080 E/ActivityManager( 1997):   0% 1343/rild: 0% user + 0% kernel / faults: 5 minor
03-30 15:05:39.080 E/ActivityManager( 1997):   0% 4/kworker/0:0: 0% user + 0% kernel
03-30 15:05:39.080 E/ActivityManager( 1997):   0% 12/ksoftirqd/1: 0% user + 0% kernel
03-30 15:05:39.080 E/ActivityManager( 1997):   0% 17/kworker/u4:1: 0% user + 0% kernel
03-30 15:05:39.080 E/ActivityManager( 1997):   0% 1268/jbd2/vdc-8: 0% user + 0% kernel
03-30 15:05:39.080 E/ActivityManager( 1997):   0% 1323/lmkd: 0% user + 0% kernel
03-30 15:05:39.080 E/ActivityManager( 1997):   0% 1334/keystore: 0% user + 0% kernel
03-30 15:05:39.080 E/ActivityManager( 1997):   0% 1759/hostapd: 0% user + 0% kernel
03-30 15:05:39.080 E/ActivityManager( 1997):  +0% 2596/com.android.cellbroadcastreceiver: 0% user + 0% kernel
03-30 15:05:39.080 E/ActivityManager( 1997):  +0% 2624/getprop: 0% user + 0% kernel
03-30 15:05:39.080 E/ActivityManager( 1997): 100% TOTAL: 29% user + 69% kernel + 1.4% softirq
03-30 15:05:39.080 E/ActivityManager( 1997): CPU usage from 231375ms to 231375ms ago (1970-01-01 00:00:00.000 to 1970-01-01 00:00:00.000) with 0% awake:
03-30 15:05:39.080 E/ActivityManager( 1997): 0% TOTAL: 0% user + 0% kernel
03-30 15:05:39.298 D/AlarmManagerService( 1997): Kernel timezone updated to 0 minutes west of GMT
03-30 15:05:39.303 I/ActivityManager( 1997): Killing 2261:com.android.systemui/u0a21 (adj -800): bg anr
03-30 15:05:39.398 W/BroadcastQueue( 1997): Timeout of broadcast BroadcastRecord{ad197b2 u-1 android.intent.action.TIME_TICK} - receiver=android.os.BinderProxy@b51359c, started 12796ms ago
03-30 15:05:39.399 W/BroadcastQueue( 1997): Receiver during timeout: BroadcastFilter{722eb7a u0 ReceiverList{2918ba5 2261 com.android.systemui/10021/u0 remote:b51359c}}
03-30 15:05:39.706 I/ActivityManager( 1997): Skipping duplicate ANR: ProcessRecord{c78ada0 2261:com.android.systemui/u0a21} Broadcast of Intent { act=android.intent.action.TIME_TICK flg=0x50000014 (has extras) }
03-30 15:05:39.931 D/AlarmManagerService( 1997): Setting time of day to sec=1585580740
03-30 15:05:40.615 W/AlarmManagerService( 1997): Unable to set rtc to 1585580740: No such device
03-30 15:05:40.761 D/ConditionProviders.SCP( 1997): onReceive android.intent.action.TIME_SET
03-30 15:05:40.817 D/ConditionProviders.SCP( 1997): notifyCondition condition://android/schedule?days=6.7&start=23.30&end=10.0&exitAtAlarm=false STATE_FALSE reason=!meetsSchedule
03-30 15:05:40.819 D/ConditionProviders.SCP( 1997): notifyCondition condition://android/schedule?days=1.2.3.4.5&start=22.0&end=7.0&exitAtAlarm=false STATE_FALSE reason=!meetsSchedule
03-30 15:05:40.838 D/ConditionProviders.SCP( 1997): Scheduling evaluate for Mon Mar 30 22:00:00 UTC 2020 (1585605600000), in +6h54m19s239ms, now=Mon Mar 30 15:05:40 UTC 2020 (1585580740761)
03-30 15:05:41.430 D/NuPlayerDriver( 1338): notifyListener_l(0xeaa28cc0), (1, 0, 0), loop setting(0, 0)
03-30 15:05:41.829 D/NuPlayerDriver( 1338): notifyListener_l(0xe9212480), (1, 0, 0), loop setting(0, 0)
03-30 15:05:42.330 D/NuPlayerDriver( 1338): notifyListener_l(0xe9212780), (1, 0, 0), loop setting(0, 0)
03-30 15:05:42.376 I/CameraFlashlight( 1331): Opening camera 0
03-30 15:05:42.376 V/EmulatedCamera_Camera( 1331): getCameraInfo
03-30 15:05:42.377 V/EmulatedCamera_BaseCamera( 1331): getCameraInfo
03-30 15:05:42.377 V/EmulatedCamera_Camera( 1331): connectCamera
03-30 15:05:42.377 V/EmulatedCamera_FakeDevice( 1331): connectDevice
03-30 15:05:42.377 V/EmulatedCamera_CallbackNotifier( 1331): setCallbacks: 0xf4fb7e80, 0xf4fb7ed0, 0xf4fb7ff0, 0xf4fb8110 (0xf40101e0)
03-30 15:05:42.385 V/EmulatedCamera_CallbackNotifier( 1331): enableMessage: msg_type = 0xc0d
03-30 15:05:42.386 V/EmulatedCamera_CallbackNotifier( 1331):     CAMERA_MSG_ERROR
03-30 15:05:42.386 V/EmulatedCamera_CallbackNotifier( 1331):     CAMERA_MSG_FOCUS
03-30 15:05:42.386 V/EmulatedCamera_CallbackNotifier( 1331):     CAMERA_MSG_ZOOM
03-30 15:05:42.386 V/EmulatedCamera_CallbackNotifier( 1331):     CAMERA_MSG_PREVIEW_METADATA
03-30 15:05:42.386 V/EmulatedCamera_CallbackNotifier( 1331): **** Currently enabled messages:
03-30 15:05:42.386 V/EmulatedCamera_CallbackNotifier( 1331):     CAMERA_MSG_ERROR
03-30 15:05:42.386 V/EmulatedCamera_CallbackNotifier( 1331):     CAMERA_MSG_FOCUS
03-30 15:05:42.386 V/EmulatedCamera_CallbackNotifier( 1331):     CAMERA_MSG_ZOOM
03-30 15:05:42.386 V/EmulatedCamera_CallbackNotifier( 1331):     CAMERA_MSG_PREVIEW_METADATA
03-30 15:05:42.391 V/EmulatedCamera_CallbackNotifier( 1331): disableMessage: msg_type = 0xffff
03-30 15:05:42.391 V/EmulatedCamera_CallbackNotifier( 1331):     CAMERA_MSG_ERROR
03-30 15:05:42.391 V/EmulatedCamera_CallbackNotifier( 1331):     CAMERA_MSG_SHUTTER
03-30 15:05:42.391 V/EmulatedCamera_CallbackNotifier( 1331):     CAMERA_MSG_FOCUS
03-30 15:05:42.392 V/EmulatedCamera_CallbackNotifier( 1331):     CAMERA_MSG_ZOOM
03-30 15:05:42.392 V/EmulatedCamera_CallbackNotifier( 1331):     CAMERA_MSG_PREVIEW_FRAME
03-30 15:05:42.392 V/EmulatedCamera_CallbackNotifier( 1331):     CAMERA_MSG_VIDEO_FRAME
03-30 15:05:42.392 V/EmulatedCamera_CallbackNotifier( 1331):     CAMERA_MSG_POSTVIEW_FRAME
03-30 15:05:42.392 V/EmulatedCamera_CallbackNotifier( 1331):     CAMERA_MSG_RAW_IMAGE
03-30 15:05:42.392 V/EmulatedCamera_CallbackNotifier( 1331):     CAMERA_MSG_COMPRESSED_IMAGE
03-30 15:05:42.392 V/EmulatedCamera_CallbackNotifier( 1331):     CAMERA_MSG_RAW_IMAGE_NOTIFY
03-30 15:05:42.392 V/EmulatedCamera_CallbackNotifier( 1331):     CAMERA_MSG_PREVIEW_METADATA
03-30 15:05:42.392 V/EmulatedCamera_CallbackNotifier( 1331): **** Currently enabled messages:
03-30 15:05:42.392 V/EmulatedCamera_Preview( 1331): setPreviewWindow: current: 0x0 -> new: 0x0
03-30 15:05:42.392 V/EmulatedCamera_Camera( 1331): doStopPreview
03-30 15:05:42.399 V/EmulatedCamera_Camera( 1331): cancelPicture
03-30 15:05:42.399 V/EmulatedCamera_Camera( 1331): releaseCamera
03-30 15:05:42.399 V/EmulatedCamera_Camera( 1331): doStopPreview
03-30 15:05:42.399 V/EmulatedCamera_FakeDevice( 1331): disconnectDevice
03-30 15:05:42.399 W/EmulatedCamera_Device( 1331): Initialize: Emulated camera device is already initialized: mState = 1
03-30 15:05:42.400 D/EmulatedCamera_FakeCamera( 1331): Initialize: Fake camera is facing back
03-30 15:05:42.402 V/EmulatedCamera_Device( 1331): initializeWhiteBalanceModes with auto, 1.000000, 1.000000
03-30 15:05:42.402 V/EmulatedCamera_Device( 1331): initializeWhiteBalanceModes with incandescent, 1.380000, 0.600000
03-30 15:05:42.538 V/EmulatedCamera_Device( 1331): initializeWhiteBalanceModes with daylight, 1.090000, 0.920000
03-30 15:05:42.539 V/EmulatedCamera_Device( 1331): initializeWhiteBalanceModes with twilight, 0.920000, 1.220000
03-30 15:05:42.539 V/EmulatedCamera_Device( 1331): setWhiteBalanceMode with white balance auto
03-30 15:05:42.539 I/CameraFlashlight( 1331): Destroying camera 0
03-30 15:05:42.540 V/EmulatedCamera_Camera( 1331): closeCamera
03-30 15:05:42.540 V/EmulatedCamera_Camera( 1331): doStopPreview
03-30 15:05:42.540 W/EmulatedCamera_Device( 1331): Initialize: Emulated camera device is already initialized: mState = 1
03-30 15:05:42.540 D/EmulatedCamera_FakeCamera( 1331): Initialize: Fake camera is facing back
03-30 15:05:42.540 V/EmulatedCamera_Device( 1331): initializeWhiteBalanceModes with auto, 1.000000, 1.000000
03-30 15:05:42.541 V/EmulatedCamera_Device( 1331): initializeWhiteBalanceModes with incandescent, 1.380000, 0.600000
03-30 15:05:42.541 V/EmulatedCamera_Device( 1331): initializeWhiteBalanceModes with daylight, 1.090000, 0.920000
03-30 15:05:42.541 V/EmulatedCamera_Device( 1331): initializeWhiteBalanceModes with twilight, 0.920000, 1.220000
03-30 15:05:42.541 V/EmulatedCamera_Device( 1331): setWhiteBalanceMode with white balance auto
03-30 15:05:42.595 I/CameraService( 1331): disconnect: Disconnected client for camera 0 for PID 1331
03-30 15:05:42.597 D/NuPlayerDriver( 1338): reset(0xeaa28cc0) at state 4
03-30 15:05:42.597 D/NuPlayerDriver( 1338): notifyListener_l(0xeaa28cc0), (8, 0, 0), loop setting(0, 0)
03-30 15:05:42.625 D/NuPlayerDriver( 1338): notifyResetComplete(0xeaa28cc0)
03-30 15:05:42.674 D/NuPlayerDriver( 1338): reset(0xe9212480) at state 4
03-30 15:05:42.675 D/NuPlayerDriver( 1338): notifyListener_l(0xe9212480), (8, 0, 0), loop setting(0, 0)
03-30 15:05:42.675 D/NuPlayerDriver( 1338): notifyResetComplete(0xe9212480)
03-30 15:05:42.690 D/NuPlayerDriver( 1338): reset(0xe9212780) at state 4
03-30 15:05:42.691 D/NuPlayerDriver( 1338): notifyListener_l(0xe9212780), (8, 0, 0), loop setting(0, 0)
03-30 15:05:42.695 D/NuPlayerDriver( 1338): notifyResetComplete(0xe9212780)
03-30 15:05:43.325 D/PhoneSwitcherNetworkRequstListener( 2474): got request NetworkRequest [ REQUEST id=1, [ Capabilities: INTERNET&NOT_RESTRICTED&TRUSTED&NOT_VPN] ] with score 0
03-30 15:05:43.352 D/TelephonyDebugService( 2474): TelephonyDebugService()
03-30 15:05:43.397 D/CarrierConfigLoader( 2474): mHandler: 12 phoneId: 0
03-30 15:05:44.376 E/ActivityThread( 1997): Failed to find provider info for com.android.calendar
03-30 15:05:44.427 E/ActivityThread( 1997): Failed to find provider info for com.android.calendar
03-30 15:05:46.693 W/WindowManager( 1997): ***** BOOT TIMEOUT: forcing display enabled
03-30 15:05:46.797 I/SurfaceFlinger( 1325): Boot is finished (224485 ms)
03-30 15:05:46.907 W/art     ( 1997): Long monitor contention with owner BackgroundDexOptService_PostBootUpdate (2618) at void com.android.server.power.PowerManagerService.acquireWakeLockInternal(android.os.IBinder, int, java.lang.String, java.lang.String, android.os.WorkSource, java.lang.String, int, int)(PowerManagerService.java:862) waiters=0 in void com.android.server.power.PowerManagerService.handleSandman() for 188ms
03-30 15:05:46.954 I/SystemServiceManager( 1997): Starting phase 1000
03-30 15:05:47.176 W/ActivityManager( 1997): Slow operation: 179ms so far, now at startProcess: returned from zygote!
03-30 15:05:47.176 W/ActivityManager( 1997): Slow operation: 179ms so far, now at startProcess: done updating battery stats
03-30 15:05:47.176 W/ActivityManager( 1997): Slow operation: 180ms so far, now at startProcess: building log message
03-30 15:05:47.177 I/ActivityManager( 1997): Start proc 2652:android.ext.services/u0a12 for on-hold
03-30 15:05:47.177 W/ActivityManager( 1997): Slow operation: 180ms so far, now at startProcess: starting to update pids map
03-30 15:05:47.177 W/ActivityManager( 1997): Slow operation: 180ms so far, now at startProcess: done updating pids map
03-30 15:05:47.264 W/art     ( 2652): Unexpected CPU variant for X86 using defaults: x86_64
03-30 15:05:47.355 D/ActivityManager( 1997): Finishing user boot 0
03-30 15:05:47.374 D/CryptdConnector( 1997): SND -> {3 cryptfs prepare_user_storage ! 0 0 2}
03-30 15:05:47.390 D/vold    ( 1280): e4crypt_prepare_user_storage for volume null, user 0, serial 0, flags 2
03-30 15:05:47.392 D/vold    ( 1280): Preparing: /data/system_ce/0
03-30 15:05:47.392 D/vold    ( 1280): Preparing: /data/misc_ce/0
03-30 15:05:47.392 D/vold    ( 1280): Preparing: /data/media/0
03-30 15:05:47.460 D/vold    ( 1280): Preparing: /data/data
03-30 15:05:47.463 D/CryptdConnector( 1997): RCV <- {200 3 Command succeeded}
03-30 15:05:47.467 V/UserManagerService( 1997): Found /data/user/0 with serial number 0
03-30 15:05:47.468 V/UserManagerService( 1997): Found /data/system_ce/0 with serial number 0
03-30 15:05:47.474 V/PackageManager( 1997): reconcileAppsData for null u0 0x2
03-30 15:05:48.197 W/System  ( 2596): ClassLoader referenced unknown path: /system/priv-app/CellBroadcastReceiver/lib/x86_64
03-30 15:05:48.293 W/art     ( 1997): Suspending all threads took: 158.035ms
03-30 15:05:48.535 I/art     ( 1997): Background sticky concurrent mark sweep GC freed 23422(2001KB) AllocSpace objects, 8(800KB) LOS objects, 23% free, 11MB/14MB, paused 161.327ms total 5.393s
03-30 15:05:50.281 D/ConnectivityService( 1997): ConnectivityService NetworkRequestInfo binderDied(NetworkRequest [ LISTEN id=4, [] ], android.os.BinderProxy@f8722f5)
03-30 15:05:50.307 I/WindowManager( 1997): WIN DEATH: Window{f72fc6c u0 DockedStackDivider}
03-30 15:05:50.411 W/AudioService( 1997): Current remote volume controller died, unregistering
03-30 15:05:50.506 W/art     ( 1997): Long monitor contention with owner Binder:1997_1 (2012) at boolean android.os.MessageQueue.enqueueMessage(android.os.Message, long)(MessageQueue.java:541) waiters=0 in android.os.Message android.os.MessageQueue.next() for 130ms
03-30 15:05:50.624 W/VolumeController( 1997): Error calling dismiss
03-30 15:05:50.624 W/VolumeController( 1997): android.os.DeadObjectException
03-30 15:05:50.624 W/VolumeController( 1997): 	at android.os.BinderProxy.transactNative(Native Method)
03-30 15:05:50.624 W/VolumeController( 1997): 	at android.os.BinderProxy.transact(Binder.java:615)
03-30 15:05:50.624 W/VolumeController( 1997): 	at android.media.IVolumeController$Stub$Proxy.dismiss(IVolumeController.java:162)
03-30 15:05:50.624 W/VolumeController( 1997): 	at com.android.server.audio.AudioService$VolumeController.postDismiss(AudioService.java:6138)
03-30 15:05:50.624 W/VolumeController( 1997): 	at com.android.server.audio.AudioService.setVolumeController(AudioService.java:5986)
03-30 15:05:50.624 W/VolumeController( 1997): 	at com.android.server.audio.AudioService$4.binderDied(AudioService.java:5995)
03-30 15:05:50.624 W/VolumeController( 1997): 	at android.os.BinderProxy.sendDeathNotice(Binder.java:688)
03-30 15:05:50.637 W/WallpaperManagerService( 1997): Wallpaper service gone: ComponentInfo{com.android.systemui/com.android.systemui.ImageWallpaper}
03-30 15:05:50.743 E/ConnectivityService( 1997): RemoteException caught trying to send a callback msg for NetworkRequest [ LISTEN id=4, [] ]
03-30 15:05:51.215 D/NotificationSQLiteLog( 1997): Pruned event entries: 5
03-30 15:05:51.829 V/PackageManager( 1997): reconcileAppsData finished 81 packages
03-30 15:05:51.844 W/art     ( 1997): Long monitor contention with owner android.display (2068) at void com.android.server.am.ActivityManagerService.finishBooting()(ActivityManagerService.java:6823) waiters=0 in android.content.Intent com.android.server.am.ActivityManagerService.registerReceiver(android.app.IApplicationThread, java.lang.String, android.content.IIntentReceiver, android.content.IntentFilter, java.lang.String, int) for 4.719s
03-30 15:05:51.852 W/art     ( 1997): Long monitor contention with owner android.display (2068) at void com.android.server.am.ActivityManagerService.finishBooting()(ActivityManagerService.java:6823) waiters=1 in void com.android.server.am.BroadcastQueue.processNextBroadcast(boolean) for 4.494s
03-30 15:05:51.866 W/art     ( 1997): Long monitor contention with owner android.display (2068) at void com.android.server.am.ActivityManagerService.finishBooting()(ActivityManagerService.java:6823) waiters=2 in void com.android.server.am.ActivityManagerService.attachApplication(android.app.IApplicationThread) for 4.406s
03-30 15:05:51.894 D/MountService( 1997): onUnlockUser 0
03-30 15:05:51.895 D/VoldConnector( 1997): SND -> {7 volume user_started 0}
03-30 15:05:52.152 D/vold    ( 1280): Linking /storage/emulated/0 to /mnt/user/0/primary
03-30 15:05:52.271 D/VoldConnector( 1997): RCV <- {200 7 Command succeeded}
03-30 15:05:52.297 W/art     ( 1997): Long monitor contention with owner android.display (2068) at void com.android.server.am.ActivityManagerService.finishBooting()(ActivityManagerService.java:6823) waiters=3 in boolean com.android.server.am.ActivityManagerService.isUserRunning(int, int) for 3.889s
03-30 15:05:52.297 W/art     ( 1997): Long monitor contention with owner android.display (2068) at void com.android.server.am.ActivityManagerService.finishBooting()(ActivityManagerService.java:6823) waiters=4 in void com.android.server.am.ActivityManagerService.publishContentProviders(android.app.IApplicationThread, java.util.List) for 2.986s
03-30 15:05:52.342 W/art     ( 1997): Long monitor contention with owner android.display (2068) at void com.android.server.am.ActivityManagerService.finishBooting()(ActivityManagerService.java:6823) waiters=5 in void com.android.server.am.ActivityManagerService$3.handleMessage(android.os.Message) for 2.993s
03-30 15:05:52.447 E/VoldConnector( 1997): NDC Command {7 volume user_started 0} took too long (552ms)
03-30 15:05:52.587 D/MountService( 1997): Volume emulated broadcasting mounted to UserHandle{0}
03-30 15:05:52.678 W/System  ( 2652): ClassLoader referenced unknown path: /system/priv-app/ExtServices/lib/x86_64
03-30 15:05:53.198 I/InputAttributes( 2253): InputType.TYPE_NULL is specified
03-30 15:05:53.339 W/art     ( 1997): Long monitor contention with owner android.display (2068) at void com.android.server.am.ActivityManagerService.finishBooting()(ActivityManagerService.java:6823) waiters=6 in android.app.IActivityManager$ContentProviderHolder com.android.server.am.ActivityManagerService.getContentProviderImpl(android.app.IApplicationThread, java.lang.String, android.os.IBinder, boolean, int) for 3.749s
03-30 15:05:53.744 W/art     ( 2673): Unexpected CPU variant for X86 using defaults: x86_64
03-30 15:05:53.854 W/ActivityManager( 1997): Slow operation: 487ms so far, now at startProcess: returned from zygote!
03-30 15:05:53.855 W/ActivityManager( 1997): Slow operation: 488ms so far, now at startProcess: done updating battery stats
03-30 15:05:53.856 W/ActivityManager( 1997): Slow operation: 489ms so far, now at startProcess: building log message
03-30 15:05:53.856 I/ActivityManager( 1997): Start proc 2673:android.process.acore/u0a1 for content provider com.android.providers.contacts/.ContactsProvider2
03-30 15:05:53.856 W/ActivityManager( 1997): Slow operation: 490ms so far, now at startProcess: starting to update pids map
03-30 15:05:53.857 W/ActivityManager( 1997): Slow operation: 490ms so far, now at startProcess: done updating pids map
03-30 15:05:53.857 W/ActivityManager( 1997): Slow operation: 491ms so far, now at startProcess: done starting proc!
03-30 15:05:53.857 W/ActivityManager( 1997): Slow operation: 517ms so far, now at getContentProviderImpl: after start process
03-30 15:05:53.857 W/ActivityManager( 1997): Slow operation: 518ms so far, now at getContentProviderImpl: updating data structures
03-30 15:05:53.858 W/ActivityManager( 1997): Slow operation: 518ms so far, now at getContentProviderImpl: done!
03-30 15:05:53.860 W/art     ( 1997): Long monitor contention with owner android.display (2068) at void com.android.server.am.ActivityManagerService.finishBooting()(ActivityManagerService.java:6823) waiters=7 in void com.android.server.am.ActivityManagerService$AppDeathRecipient.binderDied() for 3.366s
03-30 15:05:53.861 I/ActivityManager( 1997): Process com.android.systemui (pid 2261) has died
03-30 15:05:53.862 D/ActivityManager( 1997): cleanUpApplicationRecord -- 2261
03-30 15:05:53.875 W/ActivityManager( 1997): Scheduling restart of crashed service com.android.systemui/.ImageWallpaper in 0ms
03-30 15:05:53.875 W/ActivityManager( 1997): Scheduling restart of crashed service com.android.systemui/.SystemUIService in 0ms
03-30 15:05:53.876 W/ActivityManager( 1997): Scheduling restart of crashed service com.android.systemui/.keyguard.KeyguardService in 0ms
03-30 15:05:53.887 W/ActivityManager( 1997): Re-adding persistent process ProcessRecord{c78ada0 2261:com.android.systemui/u0a21}
03-30 15:05:53.982 W/libprocessgroup( 1997): failed to open /acct/uid_10021/pid_2261/cgroup.procs: No such file or directory
03-30 15:05:54.060 W/ActivityManager( 1997): Slow operation: 172ms so far, now at startProcess: returned from zygote!
03-30 15:05:54.060 W/ActivityManager( 1997): Slow operation: 172ms so far, now at startProcess: done updating battery stats
03-30 15:05:54.061 W/ActivityManager( 1997): Slow operation: 173ms so far, now at startProcess: building log message
03-30 15:05:54.061 I/ActivityManager( 1997): Start proc 2685:com.android.systemui/u0a21 for restart com.android.systemui
03-30 15:05:54.061 W/ActivityManager( 1997): Slow operation: 173ms so far, now at startProcess: starting to update pids map
03-30 15:05:54.061 W/ActivityManager( 1997): Slow operation: 173ms so far, now at startProcess: done updating pids map
03-30 15:05:54.107 W/art     ( 2685): Unexpected CPU variant for X86 using defaults: x86_64
03-30 15:05:54.115 W/art     ( 1997): Long monitor contention with owner Binder:1997_6 (2504) at void com.android.server.am.ActivityManagerService.attachApplication(android.app.IApplicationThread)(ActivityManagerService.java:6669) waiters=5 in void com.android.server.am.ActivityManagerService.updateConfiguration(android.content.res.Configuration) for 2.138s
03-30 15:05:54.144 W/art     ( 1997): Long monitor contention with owner Binder:1997_6 (2504) at void com.android.server.am.ActivityManagerService.attachApplication(android.app.IApplicationThread)(ActivityManagerService.java:6669) waiters=6 in void com.android.server.am.ActivityManagerService.dispatchProcessesChanged() for 2.050s
03-30 15:05:54.149 W/art     ( 1997): Long monitor contention with owner android.bg (2036) at void com.android.server.am.ActivityManagerService$3.handleMessage(android.os.Message)(ActivityManagerService.java:2443) waiters=7 in boolean com.android.server.am.ActivityManagerService.isUserRunning(int, int) for 1.529s
03-30 15:05:54.156 W/art     ( 1997): Long monitor contention with owner android.bg (2036) at void com.android.server.am.ActivityManagerService$3.handleMessage(android.os.Message)(ActivityManagerService.java:2443) waiters=7 in boolean com.android.server.am.ActivityManagerService.isUserRunning(int, int) for 1.010s
03-30 15:05:54.158 W/art     ( 1997): Long monitor contention with owner android.bg (2036) at void com.android.server.am.ActivityManagerService$3.handleMessage(android.os.Message)(ActivityManagerService.java:2443) waiters=6 in int com.android.server.am.ActivityManagerService.broadcastIntent(android.app.IApplicationThread, android.content.Intent, java.lang.String, android.content.IIntentReceiver, int, java.lang.String, android.os.Bundle, java.lang.String[], int, android.os.Bundle, boolean, boolean, int) for 1.568s
03-30 15:05:54.158 W/art     ( 1997): Long monitor contention with owner android.bg (2036) at void com.android.server.am.ActivityManagerService$3.handleMessage(android.os.Message)(ActivityManagerService.java:2443) waiters=5 in android.content.Intent com.android.server.am.ActivityManagerService.registerReceiver(android.app.IApplicationThread, java.lang.String, android.content.IIntentReceiver, android.content.IntentFilter, java.lang.String, int) for 1.609s
03-30 15:05:54.192 W/art     ( 1997): Long monitor contention with owner android.bg (2036) at void com.android.server.am.ActivityManagerService$3.handleMessage(android.os.Message)(ActivityManagerService.java:2443) waiters=8 in com.android.server.am.ProcessRecord com.android.server.am.ActivityManagerService.findAppProcess(android.os.IBinder, java.lang.String) for 913ms
03-30 15:05:54.530 W/art     ( 1997): Long monitor contention with owner Binder:1997_2 (2013) at android.app.IActivityManager$ContentProviderHolder com.android.server.am.ActivityManagerService.getContentProviderImpl(android.app.IApplicationThread, java.lang.String, android.os.IBinder, boolean, int)(ActivityManagerService.java:10666) waiters=9 in com.android.server.am.ProcessRecord com.android.server.am.ActivityManagerService.findAppProcess(android.os.IBinder, java.lang.String) for 1.045s
03-30 15:05:54.541 W/art     ( 1997): Long monitor contention with owner Binder:1997_5 (2463) at void com.android.server.am.ActivityManagerService$AppDeathRecipient.binderDied()(ActivityManagerService.java:1475) waiters=9 in void com.android.server.am.ActivityManagerService.attachApplication(android.app.IApplicationThread) for 519ms
03-30 15:05:54.725 W/art     ( 1997): Long monitor contention with owner AsyncTask #2 (2357) at boolean com.android.server.am.ActivityManagerService.isUserRunning(int, int)(ActivityManagerService.java:21741) waiters=5 in int com.android.server.am.ActivityManagerService.broadcastIntent(android.app.IApplicationThread, android.content.Intent, java.lang.String, android.content.IIntentReceiver, int, java.lang.String, android.os.Bundle, java.lang.String[], int, android.os.Bundle, boolean, boolean, int) for 567ms
03-30 15:05:54.732 W/art     ( 1997): Long monitor contention with owner AsyncTask #2 (2357) at boolean com.android.server.am.ActivityManagerService.isUserRunning(int, int)(ActivityManagerService.java:21741) waiters=5 in android.content.Intent com.android.server.am.ActivityManagerService.registerReceiver(android.app.IApplicationThread, java.lang.String, android.content.IIntentReceiver, android.content.IntentFilter, java.lang.String, int) for 573ms
03-30 15:05:54.738 W/art     ( 1997): Long monitor contention with owner AsyncTask #2 (2357) at boolean com.android.server.am.ActivityManagerService.isUserRunning(int, int)(ActivityManagerService.java:21741) waiters=6 in android.content.Intent com.android.server.am.ActivityManagerService.registerReceiver(android.app.IApplicationThread, java.lang.String, android.content.IIntentReceiver, android.content.IntentFilter, java.lang.String, int) for 548ms
03-30 15:05:54.744 W/art     ( 1997): Long monitor contention with owner AsyncTask #2 (2357) at boolean com.android.server.am.ActivityManagerService.isUserRunning(int, int)(ActivityManagerService.java:21741) waiters=7 in void com.android.server.am.ActivityManagerService.dispatchUidsChanged() for 553ms
03-30 15:05:54.750 W/art     ( 1997): Long monitor contention with owner Binder:1997_8 (2669) at void com.android.server.am.ActivityManagerService.attachApplication(android.app.IApplicationThread)(ActivityManagerService.java:6669) waiters=6 in com.android.server.am.ProcessRecord com.android.server.am.ActivityManagerService.findAppProcess(android.os.IBinder, java.lang.String) for 195ms
03-30 15:05:54.782 W/System  ( 2685): ClassLoader referenced unknown path: /system/priv-app/SystemUI/lib/x86_64
03-30 15:05:54.797 W/art     ( 1997): Long monitor contention with owner Binder:1997_2 (2013) at android.app.IActivityManager$ContentProviderHolder com.android.server.am.ActivityManagerService.getContentProviderImpl(android.app.IApplicationThread, java.lang.String, android.os.IBinder, boolean, int)(ActivityManagerService.java:10666) waiters=8 in void com.android.server.am.ActivityManagerService$3.handleMessage(android.os.Message) for 854ms
03-30 15:05:55.352 V/BackupManagerService( 1997): No ancestral data
03-30 15:05:55.455 W/System  ( 2673): ClassLoader referenced unknown path: /system/priv-app/ContactsProvider/lib/x86_64
03-30 15:05:55.641 W/WallpaperManagerService( 1997): Wallpaper reconnect timed out, reverting to built-in wallpaper!
03-30 15:05:55.671 I/BackupManagerService( 1997): Package jp.jaxa.iss.kibo.rpc.userleveltest not installed; dropping from full backup
03-30 15:05:55.806 V/BackupManagerService( 1997): Starting with transport android/com.android.internal.backup.LocalTransport
03-30 15:05:55.823 V/BackupManagerService( 1997): Found transports: 1
03-30 15:05:55.824 W/BackupManagerService( 1997): Proposed transport ComponentInfo{android/com.android.internal.backup.LocalTransportService} not whitelisted; ignoring
03-30 15:05:55.828 I/LatinIME( 2253): Timeout waiting for dictionary load
03-30 15:05:55.916 I/BackupManagerService( 1997): Backup enabled => false
03-30 15:05:55.415 W/ifconfig( 2692): type=1400 audit(0.0:10): avc: denied { ioctl } for path="socket:[14077]" dev="sockfs" ino=14077 ioctlcmd=8927 scontext=u:r:shell:s0 tcontext=u:r:shell:s0 tclass=udp_socket permissive=0
03-30 15:05:55.745 W/ifconfig( 2692): type=1400 audit(0.0:11): avc: denied { ioctl } for path="socket:[14077]" dev="sockfs" ino=14077 ioctlcmd=891d scontext=u:r:shell:s0 tcontext=u:r:shell:s0 tclass=udp_socket permissive=0
03-30 15:05:55.745 W/ifconfig( 2692): type=1400 audit(0.0:12): avc: denied { ioctl } for path="socket:[14077]" dev="sockfs" ino=14077 ioctlcmd=8970 scontext=u:r:shell:s0 tcontext=u:r:shell:s0 tclass=udp_socket permissive=0
03-30 15:05:56.247 W/art     ( 1997): Long monitor contention with owner main (1997) at void com.android.server.wallpaper.WallpaperManagerService$WallpaperConnection.onServiceConnected(android.content.ComponentName, android.os.IBinder)(WallpaperManagerService.java:636) waiters=0 in void com.android.server.wallpaper.WallpaperManagerService$WallpaperConnection.attachEngine(android.service.wallpaper.IWallpaperEngine) for 182ms
03-30 15:05:56.544 W/art     ( 1997): Long monitor contention with owner android.fg (2066) at int com.android.server.am.ActivityManagerService.bindService(android.app.IApplicationThread, android.os.IBinder, android.content.Intent, java.lang.String, android.app.IServiceConnection, int, java.lang.String, int)(ActivityManagerService.java:17301) waiters=0 in void com.android.server.am.ActivityManagerService$3.handleMessage(android.os.Message) for 716ms
03-30 15:05:57.325 W/ActivityManager( 1997): Slow operation: 407ms so far, now at startProcess: returned from zygote!
03-30 15:05:57.325 W/ActivityManager( 1997): Slow operation: 407ms so far, now at startProcess: done updating battery stats
03-30 15:05:57.325 W/ActivityManager( 1997): Slow operation: 408ms so far, now at startProcess: building log message
03-30 15:05:57.326 I/ActivityManager( 1997): Start proc 2710:com.android.deskclock/u0a31 for broadcast com.android.deskclock/.AlarmInitReceiver
03-30 15:05:57.326 W/ActivityManager( 1997): Slow operation: 408ms so far, now at startProcess: starting to update pids map
03-30 15:05:57.326 W/ActivityManager( 1997): Slow operation: 408ms so far, now at startProcess: done updating pids map
03-30 15:05:57.326 W/ActivityManager( 1997): Slow operation: 409ms so far, now at startProcess: done starting proc!
03-30 15:05:57.370 W/art     ( 2710): Unexpected CPU variant for X86 using defaults: x86_64
03-30 15:05:57.378 W/art     ( 1997): Long monitor contention with owner Binder:1997_5 (2463) at void com.android.server.am.BroadcastQueue.processNextBroadcast(boolean)(BroadcastQueue.java:760) waiters=0 in void com.android.server.am.ActivityManagerService.dispatchUidsChanged() for 401ms
03-30 15:05:57.662 W/VoiceInteractionManagerService( 1997): no available voice interaction services found for user 0
03-30 15:05:57.663 W/VoiceInteractionManagerService( 1997): no available voice recognition services found for user 0
03-30 15:05:57.669 I/ActivityManager( 1997): Loading recents for user 0 into memory.
03-30 15:05:58.086 D/ActivityManager( 1997): Sending BOOT_COMPLETE user #0
03-30 15:05:58.460 D/FallbackHome( 2506): User unlocked and real home found; let's go!
03-30 15:05:58.580 I/ActivityManager( 1997): START u0 {act=android.intent.action.MAIN cat=[android.intent.category.HOME] flg=0x10000100 cmp=com.android.launcher3/.Launcher} from uid 0 on display 0
03-30 15:05:58.610 D/CarrierSvcBindHelper( 2474): Received android.intent.action.USER_UNLOCKED
03-30 15:05:58.680 E/PhoneInterfaceManager( 2474): [PhoneIntfMgr] getCarrierPackageNamesForIntent: No UICC
03-30 15:05:58.680 D/CarrierSvcBindHelper( 2474): No carrier app for: 0
03-30 15:05:58.711 I/ContactsPerf( 2673): VoicemailContentProvider.onCreate start
03-30 15:05:58.820 I/ContactsPerf( 2673): VoicemailContentProvider.onCreate finish
03-30 15:05:59.333 W/art     ( 1997): Long monitor contention with owner Binder:1997_3 (2233) at boolean android.os.MessageQueue.enqueueMessage(android.os.Message, long)(MessageQueue.java:541) waiters=0 in android.os.Message android.os.MessageQueue.next() for 333ms
03-30 15:05:59.573 W/art     ( 1997): Long monitor contention with owner Binder:1997_8 (2669) at void android.content.res.AssetManager.applyThemeStyle(long, int, boolean)(AssetManager.java:-2) waiters=0 in com.android.server.AttributeCache$Entry com.android.server.AttributeCache.get(java.lang.String, int, int[], int) for 205ms
03-30 15:05:59.583 V/KeyValueBackupJob( 1997): Scheduling k/v pass in 243 minutes
03-30 15:05:59.619 W/art     ( 1997): Long monitor contention with owner Binder:1997_6 (2504) at int com.android.server.wm.WindowManagerService.relayoutWindow(com.android.server.wm.Session, android.view.IWindow, int, android.view.WindowManager$LayoutParams, int, int, int, int, android.graphics.Rect, android.graphics.Rect, android.graphics.Rect, android.graphics.Rect, android.graphics.Rect, android.graphics.Rect, android.graphics.Rect, android.content.res.Configuration, android.view.Surface)(WindowManagerService.java:2857) waiters=0 in void com.android.server.wm.WindowManagerService$H.handleMessage(android.os.Message) for 248ms
03-30 15:05:59.714 V/SystemUIService( 2685): Starting SystemUI services for user 0.
03-30 15:05:59.800 W/ActivityManager( 1997): Slow operation: 51ms so far, now at startProcess: building args
03-30 15:05:59.800 W/ActivityManager( 1997): Slow operation: 51ms so far, now at startProcess: asking zygote to start proc
03-30 15:05:59.875 W/ActivityManager( 1997): Slow operation: 126ms so far, now at startProcess: returned from zygote!
03-30 15:05:59.875 W/ActivityManager( 1997): Slow operation: 126ms so far, now at startProcess: done updating battery stats
03-30 15:05:59.875 W/ActivityManager( 1997): Slow operation: 126ms so far, now at startProcess: building log message
03-30 15:05:59.875 I/ActivityManager( 1997): Start proc 2754:com.android.launcher3/u0a42 for activity com.android.launcher3/.Launcher
03-30 15:05:59.875 W/ActivityManager( 1997): Slow operation: 127ms so far, now at startProcess: starting to update pids map
03-30 15:05:59.876 W/ActivityManager( 1997): Slow operation: 127ms so far, now at startProcess: done updating pids map
03-30 15:05:59.876 W/ActivityManager( 1997): Slow operation: 128ms so far, now at startProcess: done starting proc!
03-30 15:05:59.878 I/Choreographer( 2506): Skipped 81 frames!  The application may be doing too much work on its main thread.
03-30 15:05:59.884 W/art     ( 1997): Long monitor contention with owner Binder:1997_8 (2669) at void com.android.server.am.ActivityManagerService.activityPaused(android.os.IBinder)(ActivityManagerService.java:6916) waiters=0 in void com.android.server.am.ActivityManagerService.addPackageDependency(java.lang.String) for 1.041s
03-30 15:05:59.887 W/art     ( 1997): Long monitor contention with owner Binder:1997_8 (2669) at void com.android.server.am.ActivityManagerService.activityPaused(android.os.IBinder)(ActivityManagerService.java:6916) waiters=1 in java.lang.String com.android.server.am.ActivityManagerService.checkContentProviderAccess(java.lang.String, int) for 936ms
03-30 15:05:59.938 I/AccountManagerService( 1997): User 0 is unlocked - opening CE database
03-30 15:05:59.977 W/art     ( 2754): Unexpected CPU variant for X86 using defaults: x86_64
03-30 15:06:00.104 W/art     ( 1997): Long monitor contention with owner Binder:1997_8 (2669) at void com.android.server.am.ActivityManagerService.activityPaused(android.os.IBinder)(ActivityManagerService.java:6916) waiters=4 in android.content.Intent com.android.server.am.ActivityManagerService.registerReceiver(android.app.IApplicationThread, java.lang.String, android.content.IIntentReceiver, android.content.IntentFilter, java.lang.String, int) for 514ms
03-30 15:06:00.114 W/art     ( 1997): Long monitor contention with owner Binder:1997_8 (2669) at void com.android.server.am.ActivityManagerService.activityPaused(android.os.IBinder)(ActivityManagerService.java:6916) waiters=5 in void com.android.server.am.ActivityManagerService$MainHandler.handleMessage(android.os.Message) for 395ms
03-30 15:06:00.116 W/art     ( 1997): Long monitor contention with owner Binder:1997_8 (2669) at void com.android.server.am.ActivityManagerService.activityPaused(android.os.IBinder)(ActivityManagerService.java:6916) waiters=6 in void com.android.server.am.ActivityManagerService.dispatchUidsChanged() for 368ms
03-30 15:06:00.217 W/art     ( 1997): Long monitor contention with owner BackgroundDexOptService_PostBootUpdate (2618) at void com.android.server.power.PowerManagerService.acquireWakeLockInternal(android.os.IBinder, int, java.lang.String, java.lang.String, android.os.WorkSource, java.lang.String, int, int)(PowerManagerService.java:862) waiters=0 in void com.android.server.power.PowerManagerService.handleSandman() for 105ms
03-30 15:06:00.225 W/art     ( 1997): Long monitor contention with owner Binder:1997_8 (2669) at void com.android.server.am.ActivityManagerService.activityPaused(android.os.IBinder)(ActivityManagerService.java:6916) waiters=2 in boolean com.android.server.am.ActivityManagerService.isUserRunning(int, int) for 915ms
03-30 15:06:00.338 W/art     ( 1997): Long monitor contention with owner android.display (2068) at void com.android.server.wm.WindowAnimator$1.doFrame(long)(WindowAnimator.java:144) waiters=0 in void com.android.server.wm.WindowManagerService.prepareAppTransition(int, boolean) for 134ms
03-30 15:06:00.403 W/art     ( 1997): Long monitor contention with owner ActivityManager (2038) at void com.android.server.am.ActivityStackSupervisor$ActivityStackSupervisorHandler.handleMessage(android.os.Message)(ActivityStackSupervisor.java:3910) waiters=2 in void com.android.server.am.ActivityManagerService.dispatchUidsChanged() for 287ms
03-30 15:06:00.412 W/art     ( 1997): Long monitor contention with owner ActivityManager (2038) at void com.android.server.am.ActivityStackSupervisor$ActivityStackSupervisorHandler.handleMessage(android.os.Message)(ActivityStackSupervisor.java:3910) waiters=3 in android.content.pm.UserInfo com.android.server.am.UserController.getCurrentUser() for 288ms
03-30 15:06:00.850 W/art     ( 1997): Suspending all threads took: 38.290ms
03-30 15:06:01.177 W/System  ( 2710): ClassLoader referenced unknown path: /system/app/DeskClock/lib/x86_64
03-30 15:06:01.454 W/art     ( 1997): Long monitor contention with owner ActivityManager (2038) at void com.android.server.am.ActivityStackSupervisor$ActivityStackSupervisorHandler.handleMessage(android.os.Message)(ActivityStackSupervisor.java:3910) waiters=5 in android.content.Intent com.android.server.am.ActivityManagerService.registerReceiver(android.app.IApplicationThread, java.lang.String, android.content.IIntentReceiver, android.content.IntentFilter, java.lang.String, int) for 1.172s
03-30 15:06:01.521 W/System  ( 2754): ClassLoader referenced unknown path: /system/app/Launcher3/lib/x86_64
03-30 15:06:01.589 W/art     ( 1997): Long monitor contention with owner Binder:1997_4 (2287) at void com.android.server.am.ActivityManagerService.attachApplication(android.app.IApplicationThread)(ActivityManagerService.java:6669) waiters=4 in void com.android.server.am.ActivityManagerService$MainHandler.handleMessage(android.os.Message) for 1.156s
03-30 15:06:01.592 W/art     ( 1997): Long monitor contention with owner Binder:1997_4 (2287) at void com.android.server.am.ActivityManagerService.attachApplication(android.app.IApplicationThread)(ActivityManagerService.java:6669) waiters=6 in void com.android.server.am.ActivityManagerService.dispatchProcessesChanged() for 976ms
03-30 15:06:01.598 W/art     ( 1997): Long monitor contention with owner Binder:1997_4 (2287) at void com.android.server.am.ActivityManagerService.attachApplication(android.app.IApplicationThread)(ActivityManagerService.java:6669) waiters=4 in android.content.pm.UserInfo com.android.server.am.UserController.getCurrentUser() for 1.164s
03-30 15:06:01.598 W/art     ( 1997): Long monitor contention with owner Binder:1997_4 (2287) at void com.android.server.am.ActivityManagerService.attachApplication(android.app.IApplicationThread)(ActivityManagerService.java:6669) waiters=5 in void com.android.server.am.ActivityManagerService.monitor() for 1.118s
03-30 15:06:01.836 I/art     ( 1997): Background partial concurrent mark sweep GC freed 39840(2MB) AllocSpace objects, 12(1292KB) LOS objects, 28% free, 10MB/14MB, paused 57.402ms total 2.073s
03-30 15:06:01.858 V/MediaRouter( 2685): Adding route: RouteInfo{ name=Phone, description=null, status=null, category=RouteCategory{ name=null types=ROUTE_TYPE_LIVE_AUDIO ROUTE_TYPE_LIVE_VIDEO  groupable=false }, supportedTypes=ROUTE_TYPE_LIVE_AUDIO ROUTE_TYPE_LIVE_VIDEO , presentationDisplay=null }
03-30 15:06:02.040 V/MediaRouter( 2685): Updating audio routes: AudioRoutesInfo{ type=SPEAKER }
03-30 15:06:02.090 V/MediaRouter( 2685): Selecting route: RouteInfo{ name=Phone, description=null, status=null, category=RouteCategory{ name=null types=ROUTE_TYPE_LIVE_AUDIO ROUTE_TYPE_LIVE_VIDEO  groupable=false }, supportedTypes=ROUTE_TYPE_LIVE_AUDIO ROUTE_TYPE_LIVE_VIDEO , presentationDisplay=null }
03-30 15:06:02.201 D/LauncherProvider( 2754): Launcher process started
03-30 15:06:02.388 D/TrustManagerService( 1997): Removing dead TrustListener.
03-30 15:06:02.461 W/art     ( 1997): Long monitor contention with owner Binder:1997_8 (2669) at void com.android.server.am.ActivityManagerService.activityPaused(android.os.IBinder)(ActivityManagerService.java:6916) waiters=3 in int com.android.server.am.ActivityManagerService.getAppStartMode(int, java.lang.String) for 2.876s
03-30 15:06:02.474 W/art     ( 1997): Long monitor contention with owner ActivityManager (2038) at void com.android.server.am.ActivityStackSupervisor$ActivityStackSupervisorHandler.handleMessage(android.os.Message)(ActivityStackSupervisor.java:3910) waiters=3 in boolean com.android.server.am.ActivityManagerService.isUserRunning(int, int) for 2.237s
03-30 15:06:02.476 W/art     ( 1997): Long monitor contention with owner Binder:1997_4 (2287) at void com.android.server.am.ActivityManagerService.attachApplication(android.app.IApplicationThread)(ActivityManagerService.java:6669) waiters=7 in void com.android.server.am.ActivityManagerService$3.handleMessage(android.os.Message) for 1.365s
03-30 15:06:02.631 V/Launcher( 2754): LauncherAppState inited
03-30 15:06:03.458 E/WVMExtractor( 2685): Failed to open libwvm.so: dlopen failed: library "libwvm.so" not found
03-30 15:06:04.525 I/MediaPlayerService( 1338): MediaPlayerService::getOMX
03-30 15:06:04.534 I/OMXClient( 2685): MuxOMX ctor
03-30 15:06:04.560 I/OMXMaster( 1335): makeComponentInstance(OMX.google.vorbis.decoder) in mediacodec process
03-30 15:06:04.598 I/ActivityManager( 1997): Killing 2673:android.process.acore/u0a1 (adj 0): timeout publishing content providers
03-30 15:06:04.610 D/ActivityManager( 1997): cleanUpApplicationRecord -- 2673
03-30 15:06:04.919 E/NetdConnector( 1997): NDC event {600 Iface linkstate eth1 up} processed too late: 1516ms
03-30 15:06:05.019 W/ActivityManager( 1997): Unable to launch app com.android.providers.contacts/10001 for provider com.android.contacts: launching app became null
03-30 15:06:05.021 W/art     ( 1997): Long monitor contention with owner Binder:1997_2 (2013) at void java.lang.Object.wait!()(Object.java:-2) waiters=0 in boolean com.android.server.am.ActivityManagerService.removeDyingProviderLocked(com.android.server.am.ProcessRecord, com.android.server.am.ContentProviderRecord, boolean) for 395ms
03-30 15:06:05.054 E/NetdConnector( 1997): NDC event {600 Iface linkstate eth1 up} took too long: 2373ms
03-30 15:06:05.109 W/art     ( 1997): Long monitor contention with owner ActivityManager (2038) at void com.android.server.am.ActivityManagerService$MainHandler.handleMessage(android.os.Message)(ActivityManagerService.java:1862) waiters=0 in void com.android.server.am.ActivityManagerService.dispatchUidsChanged() for 530ms
03-30 15:06:05.110 E/ActivityThread( 2474): Failed to find provider info for com.android.contacts
03-30 15:06:05.110 W/CallerInfoCache( 2474): cursor is null
03-30 15:06:05.607 E/NetdConnector( 1997): NDC event {616 Route updated fe80::/64 dev eth1} processed too late: 4003ms
03-30 15:06:05.618 E/NetdConnector( 1997): NDC event {616 Route updated fe80::/64 dev eth1} took too long: 552ms
03-30 15:06:05.638 E/NetdConnector( 1997): NDC event {614 Address updated fe80::5054:ff:fe12:3457/64 eth1 196 253} processed too late: 4558ms
03-30 15:06:05.640 E/NetdConnector( 1997): NDC event {614 Address updated fe80::5054:ff:fe12:3457/64 eth1 128 253} processed too late: 3567ms
03-30 15:06:05.642 E/NetdConnector( 1997): NDC event {614 Address updated 10.42.0.36/24 eth1 128 0} processed too late: 1331ms
03-30 15:06:06.040 W/GnssLocationProvider( 1997): Could not open GPS configuration file /etc/gps.conf
03-30 15:06:06.041 E/GnssLocationProvider( 1997): no AGPS interface in set_agps_server
03-30 15:06:06.061 W/art     ( 2474): Long monitor contention with owner AsyncTask #2 (2668) at boolean android.os.MessageQueue.enqueueMessage(android.os.Message, long)(MessageQueue.java:541) waiters=0 in android.os.Message android.os.MessageQueue.next() for 949ms
03-30 15:06:06.105 W/art     ( 1997): Long monitor contention with owner Binder:1997_7 (2580) at android.content.Intent com.android.server.am.ActivityManagerService.registerReceiver(android.app.IApplicationThread, java.lang.String, android.content.IIntentReceiver, android.content.IntentFilter, java.lang.String, int)(ActivityManagerService.java:17625) waiters=2 in java.lang.String com.android.server.am.ActivityManagerService.checkContentProviderAccess(java.lang.String, int) for 478ms
