03-30 15:06:40.754 W/ActivityManager( 1997): Slow operation: 75ms so far, now at startProcess: done updating pids map
03-30 15:06:40.754 W/ActivityManager( 1997): Slow operation: 76ms so far, now at startProcess: done starting proc!
03-30 15:06:40.970 W/System  ( 3021): ClassLoader referenced unknown path: /system/priv-app/ManagedProvisioning/lib/x86_64
03-30 15:06:41.034 W/ActivityManager( 1997): Unable to start service Intent { cmp=com.android.email/.service.AttachmentService } U=0: not found
03-30 15:06:41.034 W/ActivityManager( 1997): Unable to start service Intent { act=com.android.email.EXCHANGE_INTENT pkg=com.android.exchange } U=0: not found
03-30 15:06:41.074 W/art     ( 2998): Long monitor contention with owner AsyncTask #2 (3016) at long android.database.sqlite.SQLiteConnection.nativePrepareStatement(long, java.lang.String)(SQLiteConnection.java:-2) waiters=0 in void com.android.email.provider.AccountReconciler.reconcileAccounts(android.content.Context) for 409ms
03-30 15:06:41.090 W/ActivityManager( 1997): Unable to start service Intent { cmp=com.android.email/.service.AttachmentService } U=0: not found
03-30 15:06:41.120 I/Email   ( 2998): Observing account changes for notifications
03-30 15:06:41.150 W/ActivityManager( 1997): Unable to start service Intent { act=com.android.email.EXCHANGE_INTENT pkg=com.android.exchange } U=0: not found
03-30 15:06:41.168 W/ActivityManager( 1997): Unable to start service Intent { act=com.android.email.EXCHANGE_INTENT pkg=com.android.exchange } U=0: not found
03-30 15:06:41.208 W/ActivityManager( 1997): Unable to start service Intent { act=com.android.email.EXCHANGE_INTENT pkg=com.android.exchange } U=0: not found
03-30 15:06:41.226 E/ActivityThread( 2998): Service com.android.email.service.EmailBroadcastProcessorService has leaked ServiceConnection com.android.emailcommon.service.ServiceProxy$ProxyConnection@e642cc that was originally bound here
03-30 15:06:41.226 E/ActivityThread( 2998): android.app.ServiceConnectionLeaked: Service com.android.email.service.EmailBroadcastProcessorService has leaked ServiceConnection com.android.emailcommon.service.ServiceProxy$ProxyConnection@e642cc that was originally bound here
03-30 15:06:41.226 E/ActivityThread( 2998): 	at android.app.LoadedApk$ServiceDispatcher.<init>(LoadedApk.java:1336)
03-30 15:06:41.226 E/ActivityThread( 2998): 	at android.app.LoadedApk.getServiceDispatcher(LoadedApk.java:1231)
03-30 15:06:41.226 E/ActivityThread( 2998): 	at android.app.ContextImpl.bindServiceCommon(ContextImpl.java:1450)
03-30 15:06:41.226 E/ActivityThread( 2998): 	at android.app.ContextImpl.bindService(ContextImpl.java:1422)
03-30 15:06:41.226 E/ActivityThread( 2998): 	at android.content.ContextWrapper.bindService(ContextWrapper.java:636)
03-30 15:06:41.226 E/ActivityThread( 2998): 	at com.android.emailcommon.service.ServiceProxy.setTask(ServiceProxy.java:181)
03-30 15:06:41.226 E/ActivityThread( 2998): 	at com.android.emailcommon.service.ServiceProxy.test(ServiceProxy.java:224)
03-30 15:06:41.226 E/ActivityThread( 2998): 	at com.android.email.service.EmailServiceUtils.isServiceAvailable(EmailServiceUtils.java:160)
03-30 15:06:41.226 E/ActivityThread( 2998): 	at com.android.email.provider.AccountReconciler.reconcileAccountsInternal(AccountReconciler.java:171)
03-30 15:06:41.226 E/ActivityThread( 2998): 	at com.android.email.provider.AccountReconciler.reconcileAccounts(AccountReconciler.java:115)
03-30 15:06:41.226 E/ActivityThread( 2998): 	at com.android.email.service.EmailBroadcastProcessorService.reconcileAndStartServices(EmailBroadcastProcessorService.java:305)
03-30 15:06:41.226 E/ActivityThread( 2998): 	at com.android.email.service.EmailBroadcastProcessorService.onBootCompleted(EmailBroadcastProcessorService.java:295)
03-30 15:06:41.226 E/ActivityThread( 2998): 	at com.android.email.service.EmailBroadcastProcessorService.onHandleIntent(EmailBroadcastProcessorService.java:130)
03-30 15:06:41.226 E/ActivityThread( 2998): 	at android.app.IntentService$ServiceHandler.handleMessage(IntentService.java:68)
03-30 15:06:41.226 E/ActivityThread( 2998): 	at android.os.Handler.dispatchMessage(Handler.java:102)
03-30 15:06:41.226 E/ActivityThread( 2998): 	at android.os.Looper.loop(Looper.java:154)
03-30 15:06:41.226 E/ActivityThread( 2998): 	at android.os.HandlerThread.run(HandlerThread.java:61)
03-30 15:06:41.259 W/ActivityManager( 1997): Unbind failed: could not find connection for android.os.BinderProxy@8d1cf14
03-30 15:06:41.318 I/ActivityManager( 1997): Start proc 3036:com.android.messaging/u0a54 for broadcast com.android.messaging/.receiver.BootAndPackageReplacedReceiver
03-30 15:06:41.331 W/art     ( 3036): Unexpected CPU variant for X86 using defaults: x86_64
03-30 15:06:41.341 W/ActivityManager( 1997): Unable to start service Intent { cmp=com.android.email/.service.AttachmentService } U=0: not found
03-30 15:06:41.342 W/ActivityManager( 1997): Unable to start service Intent { act=com.android.email.EXCHANGE_INTENT pkg=com.android.exchange } U=0: not found
03-30 15:06:41.476 W/System  ( 3036): ClassLoader referenced unknown path: /system/app/messaging/lib/x86_64
03-30 15:06:43.071 I/MessagingApp( 3036): Carrier config changed. Reloading MMS config.
03-30 15:06:43.090 V/VvmBootCompletedRcvr( 2474): processing subId list
03-30 15:06:43.138 E/VvmBootCompletedRcvr( 2474): phone account ComponentInfo{com.android.phone/com.android.services.telephony.TelephonyConnectionService}, [e2f7d48dd2b5ca523e7313cf4ba0f6ea830b6281], UserHandle{0} has invalid subId -1
03-30 15:06:43.191 I/MessagingAppDataModel( 3036): Fixup: Send failed - 0 Download failed - 0
03-30 15:06:43.715 I/VvmSimChangeReceiver( 2474): Received SIM change for invalid subscription id.
03-30 15:06:43.828 I/art     ( 1997): Background partial concurrent mark sweep GC freed 15657(1518KB) AllocSpace objects, 17(1040KB) LOS objects, 29% free, 9MB/13MB, paused 1.960ms total 257.320ms
03-30 15:06:43.902 I/art     ( 2998): Waiting for a blocking GC DisableMovingGc
03-30 15:06:43.924 I/art     ( 2998): WaitForGcToComplete blocked for 20.188ms for cause DisableMovingGc
03-30 15:06:43.924 I/art     ( 2998): Starting a blocking GC DisableMovingGc
03-30 15:06:43.978 I/MessagingAppDataModel( 3036): SyncMessagesAction: Starting batch for messages from 1582707646137 to 1585580802966 (message update limit = 80, message scan limit = 4000)
03-30 15:06:44.013 D/AlertReceiver( 2945): onReceive: a=android.intent.action.PROVIDER_CHANGED Intent { act=android.intent.action.PROVIDER_CHANGED dat=content://com.android.calendar flg=0x20000010 cmp=com.android.calendar/.alerts.AlertReceiver }
03-30 15:06:44.062 D/AlertService( 2945): 0 Action = android.intent.action.PROVIDER_CHANGED
03-30 15:06:45.256 I/MessagingAppDataModel( 3036): SyncMessagesAction: All messages now in sync
03-30 15:06:46.354 W/MediaScanner( 2852): Error opening directory '/oem/media/', skipping: No such file or directory.
03-30 15:06:46.690 V/MediaScanner( 2852): pruneDeadThumbnailFiles... android.content.ContentProviderClient$CursorWrapperInner@e076bef
03-30 15:06:46.692 V/MediaScanner( 2852): /pruneDeadThumbnailFiles... android.content.ContentProviderClient$CursorWrapperInner@e076bef
03-30 15:06:49.106 I/GlobalDismissManager( 2945): no sender configured
03-30 15:06:49.108 D/AlertService( 2945): Beginning updateAlertNotification
03-30 15:06:49.152 D/AlertService( 2945): No fired or scheduled alerts
03-30 15:06:49.194 D/AlertService( 2945): Scheduling next alarm with AlarmScheduler. sEventReminderReceived: null
03-30 15:06:49.234 D/AlarmScheduler( 2945): No events found starting within 1 week.
03-30 15:06:53.269 I/ActivityManager( 1997): Waited long enough for: ServiceRecord{1d6476f u0 com.android.calendar/.alerts.InitAlarmsService}
03-30 15:07:08.351 D/InitAlarmsService( 2945): Clearing and rescheduling alarms.
03-30 15:07:21.895 W//sbin/adbd( 1327): type=1400 audit(0.0:16): avc: denied { search } for comm=7365727669636520343031 name="security" dev="vdc" ino=35203 scontext=u:r:adbd:s0 tcontext=u:object_r:security_file:s0 tclass=dir permissive=0
03-30 15:08:16.507 D/AndroidRuntime( 3073): >>>>>> START com.android.internal.os.RuntimeInit uid 2000 <<<<<<
03-30 15:08:16.535 D/AndroidRuntime( 3073): CheckJNI is ON
03-30 15:08:16.940 W/art     ( 3073): Unexpected CPU variant for X86 using defaults: x86_64
03-30 15:08:16.983 D/ICU     ( 3073): No timezone override file found: /data/misc/zoneinfo/current/icu/icu_tzdata.dat
03-30 15:08:17.201 E/memtrack( 3073): Couldn't load memtrack module (No such file or directory)
03-30 15:08:17.201 E/android.os.Debug( 3073): failed to load memtrack module: -2
03-30 15:08:17.210 I/Radio-JNI( 3073): register_android_hardware_Radio DONE
03-30 15:08:17.349 D/AndroidRuntime( 3073): Calling main entry com.android.commands.pm.Pm
03-30 15:08:17.506 I/        ( 1333): free_cache(131379687) avail 743559168
03-30 15:08:46.784 W/art     ( 3083): Unexpected CPU variant for X86 using defaults: x86_64
03-30 15:08:46.803 W/ActivityManager( 1997): Slow operation: 102ms so far, now at startProcess: returned from zygote!
03-30 15:08:46.804 W/ActivityManager( 1997): Slow operation: 103ms so far, now at startProcess: done updating battery stats
03-30 15:08:46.804 W/ActivityManager( 1997): Slow operation: 103ms so far, now at startProcess: building log message
03-30 15:08:46.804 I/ActivityManager( 1997): Start proc 3083:com.android.defcontainer/u0a7 for service com.android.defcontainer/.DefaultContainerService
03-30 15:08:46.804 W/ActivityManager( 1997): Slow operation: 103ms so far, now at startProcess: starting to update pids map
03-30 15:08:46.804 W/ActivityManager( 1997): Slow operation: 103ms so far, now at startProcess: done updating pids map
03-30 15:08:46.804 W/ActivityManager( 1997): Slow operation: 104ms so far, now at startProcess: done starting proc!
03-30 15:08:47.690 I/PackageManager.DexOptimizer( 1997): Running dexopt (dex2oat) on: /data/app/vmdl899196083.tmp/base.apk pkg=jp.jaxa.iss.kibo.rpc.defaultapk isa=x86_64 vmSafeMode=false debuggable=true target-filter=interpret-only oatDir = /data/app/vmdl899196083.tmp/oat sharedLibraries=null
03-30 15:08:47.911 W/dex2oat ( 3099): Unexpected CPU variant for X86 using defaults: x86_64
03-30 15:08:47.930 I/dex2oat ( 3099): /system/bin/dex2oat --compiler-filter=interpret-only --debuggable
03-30 15:08:50.450 W/dex2oat ( 3099): Before Android 4.1, method int android.support.v7.widget.ListViewCompat.lookForSelectablePosition(int, boolean) would have incorrectly overridden the package-private method in android.widget.ListView
03-30 15:08:51.241 W/dex2oat ( 3099): Before Android 4.1, method android.graphics.PorterDuffColorFilter android.support.graphics.drawable.VectorDrawableCompat.updateTintFilter(android.graphics.PorterDuffColorFilter, android.content.res.ColorStateList, android.graphics.PorterDuff$Mode) would have incorrectly overridden the package-private method in android.graphics.drawable.Drawable
03-30 15:08:53.937 W/dex2oat ( 3099): Verification of void com.google.common.net.TldPatterns.<clinit>() took 114.864ms
03-30 15:09:00.995 W/dex2oat ( 3099): Verification of void org.opencv.ml.DTrees.setRegressionAccuracy(float) took 645.434ms
03-30 15:09:01.884 W/dex2oat ( 3099): Verification of void org.jboss.netty.handler.traffic.AbstractTrafficShapingHandler.configure(long, long) took 381.356ms
03-30 15:09:02.787 W/dex2oat ( 3099): Compilation of void org.opencv.android.Utils.nBitmapToMat2(android.graphics.Bitmap, long, boolean) took 231.583ms
03-30 15:09:02.793 W/dex2oat ( 3099): Compilation of java.lang.String org.opencv.android.StaticHelper.getLibraryList() took 238.745ms
03-30 15:09:06.091 I/dex2oat ( 3099): dex2oat took 18.191s (threads: 2) arena alloc=2MB (2127840B) java alloc=7MB (7351568B) native alloc=14MB (15503960B) free=5MB (5467560B)
03-30 15:09:06.497 D/installd( 1333): Detected label change from u:object_r:system_data_file:s0 to u:object_r:app_data_file:s0:c512,c768 at /data/data/jp.jaxa.iss.kibo.rpc.defaultapk; running recursive restorecon
03-30 15:09:06.511 D/installd( 1333): Detected label change from u:object_r:system_data_file:s0 to u:object_r:app_data_file:s0:c512,c768 at /data/user_de/0/jp.jaxa.iss.kibo.rpc.defaultapk; running recursive restorecon
03-30 15:09:06.531 V/BackupManagerService( 1997): restoreAtInstall pkg=jp.jaxa.iss.kibo.rpc.defaultapk token=1 restoreSet=0
03-30 15:09:06.533 W/BackupManagerService( 1997): Requested unavailable transport: android/com.android.internal.backup.LocalTransport
03-30 15:09:06.534 W/BackupManagerService( 1997): No transport
03-30 15:09:06.534 V/BackupManagerService( 1997): Finishing install immediately
03-30 15:09:06.566 D/VoldConnector( 1997): SND -> {8 volume remount_uid 10064 default}
03-30 15:09:06.578 I/GnssLocationProvider( 1997): WakeLock acquired by sendMessage(3, 0, com.android.server.location.GnssLocationProvider$GpsRequest@e7df347)
03-30 15:09:06.587 D/vold    ( 1280): Remounting 10064 as mode default
03-30 15:09:06.620 D/VoldConnector( 1997): RCV <- {200 8 Command succeeded}
03-30 15:09:06.639 I/GnssLocationProvider( 1997): WakeLock released by handleMessage(3, 0, com.android.server.location.GnssLocationProvider$GpsRequest@e7df347)
03-30 15:09:06.645 D/VoldConnector( 1997): SND -> {9 volume remount_uid 10064 write}
03-30 15:09:06.647 D/vold    ( 1280): Remounting 10064 as mode write
03-30 15:09:06.660 D/VoldConnector( 1997): RCV <- {200 9 Command succeeded}
03-30 15:09:06.664 I/GnssLocationProvider( 1997): WakeLock acquired by sendMessage(3, 0, com.android.server.location.GnssLocationProvider$GpsRequest@baa6774)
03-30 15:09:06.665 I/GnssLocationProvider( 1997): WakeLock released by handleMessage(3, 0, com.android.server.location.GnssLocationProvider$GpsRequest@baa6774)
03-30 15:09:06.694 I/art     ( 1997): Starting a blocking GC Explicit
03-30 15:09:06.827 I/art     ( 1997): Explicit concurrent mark sweep GC freed 21656(1379KB) AllocSpace objects, 12(288KB) LOS objects, 29% free, 9MB/13MB, paused 3.468ms total 127.391ms
03-30 15:09:06.843 E/        ( 1333): Couldn't opendir /data/app/vmdl899196083.tmp: No such file or directory
03-30 15:09:07.092 I/InputReader( 1997): Reconfiguring input devices.  changes=0x00000010
03-30 15:09:07.171 I/art     ( 3073): System.exit called, status: 0
03-30 15:09:07.172 I/AndroidRuntime( 3073): VM exiting with result code 0.
03-30 15:09:07.279 W/ActivityManager( 1997): Slow operation: 317ms so far, now at startProcess: returned from zygote!
03-30 15:09:07.294 W/ActivityManager( 1997): Slow operation: 332ms so far, now at startProcess: done updating battery stats
03-30 15:09:07.294 W/ActivityManager( 1997): Slow operation: 333ms so far, now at startProcess: building log message
03-30 15:09:07.295 I/ActivityManager( 1997): Start proc 3103:com.android.gallery3d/u0a39 for broadcast com.android.gallery3d/.app.PackagesMonitor
03-30 15:09:07.295 W/ActivityManager( 1997): Slow operation: 333ms so far, now at startProcess: starting to update pids map
03-30 15:09:07.295 W/ActivityManager( 1997): Slow operation: 333ms so far, now at startProcess: done updating pids map
03-30 15:09:07.295 W/ActivityManager( 1997): Slow operation: 338ms so far, now at startProcess: done starting proc!
03-30 15:09:07.397 W/art     ( 3103): Unexpected CPU variant for X86 using defaults: x86_64
03-30 15:09:07.469 E/PhoneInterfaceManager( 2474): [PhoneIntfMgr] getCarrierPackageNamesForIntent: No UICC
03-30 15:09:07.469 D/CarrierSvcBindHelper( 2474): No carrier app for: 0
03-30 15:09:07.481 D/CarrierConfigLoader( 2474): mHandler: 9 phoneId: 0
03-30 15:09:08.784 W/VoiceInteractionManagerService( 1997): no available voice recognition services found for user 0
03-30 15:09:09.358 W/ActivityManager( 1997): Slow operation: 100ms so far, now at startProcess: returned from zygote!
03-30 15:09:09.358 W/ActivityManager( 1997): Slow operation: 100ms so far, now at startProcess: done updating battery stats
03-30 15:09:09.358 W/ActivityManager( 1997): Slow operation: 101ms so far, now at startProcess: building log message
03-30 15:09:09.359 I/ActivityManager( 1997): Start proc 3123:com.svox.pico/u0a49 for broadcast com.svox.pico/.VoiceDataInstallerReceiver
03-30 15:09:09.359 W/ActivityManager( 1997): Slow operation: 101ms so far, now at startProcess: starting to update pids map
03-30 15:09:09.359 W/ActivityManager( 1997): Slow operation: 101ms so far, now at startProcess: done updating pids map
03-30 15:09:09.359 W/ActivityManager( 1997): Slow operation: 102ms so far, now at startProcess: done starting proc!
03-30 15:09:09.363 W/art     ( 3123): Unexpected CPU variant for X86 using defaults: x86_64
03-30 15:09:09.601 I/ActivityManager( 1997): Killing 2824:com.android.keychain/1000 (adj 906): empty #17
03-30 15:09:09.682 D/ActivityManager( 1997): cleanUpApplicationRecord -- 2824
03-30 15:09:41.357 D/AndroidRuntime( 3137): >>>>>> START com.android.internal.os.RuntimeInit uid 2000 <<<<<<
03-30 15:09:41.384 D/AndroidRuntime( 3137): CheckJNI is ON
03-30 15:09:41.797 W/art     ( 3137): Unexpected CPU variant for X86 using defaults: x86_64
03-30 15:09:41.844 D/ICU     ( 3137): No timezone override file found: /data/misc/zoneinfo/current/icu/icu_tzdata.dat
03-30 15:09:42.048 E/memtrack( 3137): Couldn't load memtrack module (No such file or directory)
03-30 15:09:42.048 E/android.os.Debug( 3137): failed to load memtrack module: -2
03-30 15:09:42.057 I/Radio-JNI( 3137): register_android_hardware_Radio DONE
03-30 15:09:42.194 D/AndroidRuntime( 3137): Calling main entry com.android.commands.am.Am
03-30 15:09:42.287 I/ActivityManager( 1997): Start proc 3147:gov.nasa.arc.astrobee.android.gs.manager/u0a63 for service gov.nasa.arc.astrobee.android.gs.manager/.ManagerService
03-30 15:09:42.290 D/AndroidRuntime( 3137): Shutting down VM
03-30 15:09:42.325 I/art     ( 3147): Not late-enabling -Xcheck:jni (already on)
03-30 15:09:42.326 W/art     ( 3147): Unexpected CPU variant for X86 using defaults: x86_64
03-30 15:09:42.614 W/System  ( 3147): ClassLoader referenced unknown path: /data/app/gov.nasa.arc.astrobee.android.gs.manager-1/lib/x86_64
03-30 15:09:43.736 E/Notification( 3147): setLatestEventInfo() is deprecated and you should feel deprecated.
03-30 15:09:43.736 E/Notification( 3147): java.lang.Throwable
03-30 15:09:43.736 E/Notification( 3147): 	at android.app.Notification.setLatestEventInfo(Notification.java:2076)
03-30 15:09:43.736 E/Notification( 3147): 	at org.ros.android.NodeMainExecutorService.onStartCommand(NodeMainExecutorService.java:220)
03-30 15:09:43.736 E/Notification( 3147): 	at android.app.ActivityThread.handleServiceArgs(ActivityThread.java:3326)
03-30 15:09:43.736 E/Notification( 3147): 	at android.app.ActivityThread.-wrap21(ActivityThread.java)
03-30 15:09:43.736 E/Notification( 3147): 	at android.app.ActivityThread$H.handleMessage(ActivityThread.java:1582)
03-30 15:09:43.736 E/Notification( 3147): 	at android.os.Handler.dispatchMessage(Handler.java:102)
03-30 15:09:43.736 E/Notification( 3147): 	at android.os.Looper.loop(Looper.java:154)
03-30 15:09:43.736 E/Notification( 3147): 	at android.app.ActivityThread.main(ActivityThread.java:6119)
03-30 15:09:43.736 E/Notification( 3147): 	at java.lang.reflect.Method.invoke(Native Method)
03-30 15:09:43.736 E/Notification( 3147): 	at com.android.internal.os.ZygoteInit$MethodAndArgsCaller.run(ZygoteInit.java:886)
03-30 15:09:43.736 E/Notification( 3147): 	at com.android.internal.os.ZygoteInit.main(ZygoteInit.java:776)
03-30 15:09:45.037 I/Registrar( 3147): MasterXmlRpcEndpoint URI: http://llp:11311
03-30 15:09:45.183 I/Registrar( 3147): Registering publisher: Publisher<PublisherDefinition<PublisherIdentifier<NodeIdentifier</guest_science_manager, http://hlp:35826/>, TopicIdentifier</rosout>>, Topic<TopicIdentifier</rosout>, TopicDescription<rosgraph_msgs/Log, acffd30cd6b6de30f120938c17c593fb>>>>
03-30 15:09:45.857 I/Registrar( 3147): Response<Success, Registered [/guest_science_manager] as publisher of [/rosout], [http://10.42.0.34:45801/]>
03-30 15:09:45.876 I/DefaultPublisher( 3147): Publisher registered: Publisher<PublisherDefinition<PublisherIdentifier<NodeIdentifier</guest_science_manager, http://hlp:35826/>, TopicIdentifier</rosout>>, Topic<TopicIdentifier</rosout>, TopicDescription<rosgraph_msgs/Log, acffd30cd6b6de30f120938c17c593fb>>>>
03-30 15:09:46.006 I/Registrar( 3147): Registering subscriber: Subscriber<Topic<TopicIdentifier</clock>, TopicDescription<rosgraph_msgs/Clock, a9c97c1d230cfc112e270351a944ee47>>>
03-30 15:09:46.059 I/Registrar( 3147): Response<Success, Subscribed to [/clock], [http://10.42.0.34:36159/]>
03-30 15:09:46.071 I/DefaultSubscriber( 3147): Subscriber registered: Subscriber<Topic<TopicIdentifier</clock>, TopicDescription<rosgraph_msgs/Clock, a9c97c1d230cfc112e270351a944ee47>>>
03-30 15:09:46.186 I/Registrar( 3147): Registering publisher: Publisher<PublisherDefinition<PublisherIdentifier<NodeIdentifier</guest_science_manager, http://hlp:35826/>, TopicIdentifier</gs/gs_manager/ack>>, Topic<TopicIdentifier</gs/gs_manager/ack>, TopicDescription<ff_msgs/AckStamped, cebddec69fd770df54633be444a9187d>>>>
03-30 15:09:46.421 I/Registrar( 3147): Response<Success, Registered [/guest_science_manager] as publisher of [/gs/gs_manager/ack], []>
03-30 15:09:46.445 I/DefaultPublisher( 3147): Publisher registered: Publisher<PublisherDefinition<PublisherIdentifier<NodeIdentifier</guest_science_manager, http://hlp:35826/>, TopicIdentifier</gs/gs_manager/ack>>, Topic<TopicIdentifier</gs/gs_manager/ack>, TopicDescription<ff_msgs/AckStamped, cebddec69fd770df54633be444a9187d>>>>
03-30 15:09:46.472 I/Registrar( 3147): Registering publisher: Publisher<PublisherDefinition<PublisherIdentifier<NodeIdentifier</guest_science_manager, http://hlp:35826/>, TopicIdentifier</gs/gs_manager/config>>, Topic<TopicIdentifier</gs/gs_manager/config>, TopicDescription<ff_msgs/GuestScienceConfig, c6f632ed2411de4159494a3e7754794e>>>>
03-30 15:09:46.595 I/Registrar( 3147): Registering publisher: Publisher<PublisherDefinition<PublisherIdentifier<NodeIdentifier</guest_science_manager, http://hlp:35826/>, TopicIdentifier</gs/data>>, Topic<TopicIdentifier</gs/data>, TopicDescription<ff_msgs/GuestScienceData, edd2c791ea93ffa7cb0ec80c5bb00972>>>>
03-30 15:09:46.716 I/Registrar( 3147): Response<Success, Registered [/guest_science_manager] as publisher of [/gs/gs_manager/config], [http://10.42.0.34:41072/]>
03-30 15:09:46.719 I/DefaultPublisher( 3147): Publisher registered: Publisher<PublisherDefinition<PublisherIdentifier<NodeIdentifier</guest_science_manager, http://hlp:35826/>, TopicIdentifier</gs/gs_manager/config>>, Topic<TopicIdentifier</gs/gs_manager/config>, TopicDescription<ff_msgs/GuestScienceConfig, c6f632ed2411de4159494a3e7754794e>>>>
03-30 15:09:46.744 I/Registrar( 3147): Registering publisher: Publisher<PublisherDefinition<PublisherIdentifier<NodeIdentifier</guest_science_manager, http://hlp:35826/>, TopicIdentifier</gs/gs_manager/state>>, Topic<TopicIdentifier</gs/gs_manager/state>, TopicDescription<ff_msgs/GuestScienceState, 24e5a1ba8527257cc710720a32de6e51>>>>
03-30 15:09:46.860 I/art     ( 3147): Background sticky concurrent mark sweep GC freed 25890(2MB) AllocSpace objects, 18(364KB) LOS objects, 26% free, 7MB/10MB, paused 6.171ms total 503.503ms
03-30 15:09:46.899 I/Registrar( 3147): Response<Success, Registered [/guest_science_manager] as publisher of [/gs/data], [http://10.42.0.34:34136/, http://10.42.0.34:41072/]>
03-30 15:09:46.910 I/DefaultPublisher( 3147): Publisher registered: Publisher<PublisherDefinition<PublisherIdentifier<NodeIdentifier</guest_science_manager, http://hlp:35826/>, TopicIdentifier</gs/data>>, Topic<TopicIdentifier</gs/data>, TopicDescription<ff_msgs/GuestScienceData, edd2c791ea93ffa7cb0ec80c5bb00972>>>>
03-30 15:09:47.038 I/Registrar( 3147): Response<Success, Registered [/guest_science_manager] as publisher of [/gs/gs_manager/state], [http://10.42.0.34:41072/]>
03-30 15:09:47.086 I/DefaultPublisher( 3147): Publisher registered: Publisher<PublisherDefinition<PublisherIdentifier<NodeIdentifier</guest_science_manager, http://hlp:35826/>, TopicIdentifier</gs/gs_manager/state>>, Topic<TopicIdentifier</gs/gs_manager/state>, TopicDescription<ff_msgs/GuestScienceState, 24e5a1ba8527257cc710720a32de6e51>>>>
03-30 15:09:47.106 I/Registrar( 3147): Registering subscriber: Subscriber<Topic<TopicIdentifier</mgt/executive/command>, TopicDescription<ff_msgs/CommandStamped, ac01350894b1be9e3a7b4f390a14812d>>>
03-30 15:09:47.335 I/Registrar( 3147): Response<Success, Subscribed to [/mgt/executive/command], []>
03-30 15:09:47.344 I/DefaultSubscriber( 3147): Subscriber registered: Subscriber<Topic<TopicIdentifier</mgt/executive/command>, TopicDescription<ff_msgs/CommandStamped, ac01350894b1be9e3a7b4f390a14812d>>>
03-30 15:09:47.423 W/ActivityManager( 1997): Slow operation: 59ms so far, now at startProcess: returned from zygote!
03-30 15:09:47.432 I/art     ( 3220): Not late-enabling -Xcheck:jni (already on)
03-30 15:09:47.437 W/ActivityManager( 1997): Slow operation: 63ms so far, now at startProcess: done updating battery stats
03-30 15:09:47.438 W/ActivityManager( 1997): Slow operation: 77ms so far, now at startProcess: building log message
03-30 15:09:47.438 I/ActivityManager( 1997): Start proc 3220:jp.jaxa.iss.kibo.rpc.defaultapk/u0a64 for broadcast jp.jaxa.iss.kibo.rpc.defaultapk/gov.nasa.arc.astrobee.android.gs.InfoInqueryBroadcastReceiver
03-30 15:09:47.438 W/ActivityManager( 1997): Slow operation: 77ms so far, now at startProcess: starting to update pids map
03-30 15:09:47.438 W/ActivityManager( 1997): Slow operation: 77ms so far, now at startProcess: done updating pids map
03-30 15:09:47.438 W/ActivityManager( 1997): Slow operation: 78ms so far, now at startProcess: done starting proc!
03-30 15:09:47.443 W/art     ( 3220): Unexpected CPU variant for X86 using defaults: x86_64
03-30 15:09:47.737 I/ActivityManager( 1997): Killing 2890:com.android.printspooler/u0a51 (adj 906): empty #17
03-30 15:09:47.850 D/ActivityManager( 1997): cleanUpApplicationRecord -- 2890
03-30 15:09:51.992 I/art     ( 3147): Background partial concurrent mark sweep GC freed 18061(1563KB) AllocSpace objects, 31(620KB) LOS objects, 37% free, 6MB/10MB, paused 1.854ms total 154.659ms
03-30 15:10:00.072 I/art     ( 3147): Do partial code cache collection, code=29KB, data=29KB
03-30 15:10:00.106 I/art     ( 3147): After code cache collection, code=28KB, data=28KB
03-30 15:10:00.106 I/art     ( 3147): Increasing code cache capacity to 128KB
03-30 15:10:03.766 D/ManagerTimeoutTimer( 3147): Still waiting for the apk to start or stop. 4965.0 milliseconds left.
03-30 15:10:04.169 D/OpenCV/StaticHelper( 3220): Trying to get library list
03-30 15:10:04.367 E/OpenCV/StaticHelper( 3220): OpenCV error: Cannot load info library for OpenCV
03-30 15:10:04.367 D/OpenCV/StaticHelper( 3220): Library list: ""
03-30 15:10:04.367 D/OpenCV/StaticHelper( 3220): First attempt to load libs
03-30 15:10:04.367 D/OpenCV/StaticHelper( 3220): Trying to init OpenCV libs
03-30 15:10:04.368 D/OpenCV/StaticHelper( 3220): Trying to load library opencv_java3
03-30 15:10:04.748 D/OpenCV/StaticHelper( 3220): Library opencv_java3 loaded
03-30 15:10:04.749 D/OpenCV/StaticHelper( 3220): First attempt to load libs is OK
03-30 15:10:04.801 I/OpenCV/StaticHelper( 3220): 
03-30 15:10:04.801 I/OpenCV/StaticHelper( 3220): General configuration for OpenCV 3.4.4 =====================================
03-30 15:10:04.801 I/OpenCV/StaticHelper( 3220):   Version control:               3.4.4
03-30 15:10:04.801 I/OpenCV/StaticHelper( 3220): 
03-30 15:10:04.802 I/OpenCV/StaticHelper( 3220):   Extra modules:
03-30 15:10:04.802 I/OpenCV/StaticHelper( 3220):     Location (extra):            /build/3_4-contrib_pack-contrib-android/opencv_contrib/modules
03-30 15:10:04.802 I/OpenCV/StaticHelper( 3220):     Version control (extra):     3.4.4
03-30 15:10:04.802 I/OpenCV/StaticHelper( 3220): 
03-30 15:10:04.802 I/OpenCV/StaticHelper( 3220):   Platform:
03-30 15:10:04.802 I/OpenCV/StaticHelper( 3220):     Timestamp:                   2018-11-17T00:27:32Z
03-30 15:10:04.802 I/OpenCV/StaticHelper( 3220):     Host:                        Linux 4.15.0-38-generic x86_64
03-30 15:10:04.802 I/OpenCV/StaticHelper( 3220):     Target:                      Linux 1 x86_64
03-30 15:10:04.802 I/OpenCV/StaticHelper( 3220):     CMake:                       2.8.12.2
03-30 15:10:04.802 I/OpenCV/StaticHelper( 3220):     CMake generator:             Ninja
03-30 15:10:04.848 I/OpenCV/StaticHelper( 3220):     CMake build tool:            /usr/bin/ninja
03-30 15:10:04.862 I/OpenCV/StaticHelper( 3220):     Configuration:               Release
03-30 15:10:04.865 I/OpenCV/StaticHelper( 3220): 
03-30 15:10:04.865 I/OpenCV/StaticHelper( 3220):   CPU/HW features:
03-30 15:10:04.865 I/OpenCV/StaticHelper( 3220):     Baseline:                    SSE SSE2 SSE3
03-30 15:10:04.865 I/OpenCV/StaticHelper( 3220):       requested:                 SSE3
03-30 15:10:04.866 I/OpenCV/StaticHelper( 3220):     Dispatched code generation:  SSE4_1 SSE4_2 FP16 AVX AVX2
03-30 15:10:04.866 I/OpenCV/StaticHelper( 3220):       requested:                 SSE4_1 SSE4_2 AVX FP16 AVX2 AVX512_SKX
03-30 15:10:04.866 I/OpenCV/StaticHelper( 3220):       SSE4_1 (4 files):          + SSSE3 SSE4_1
03-30 15:10:04.866 I/OpenCV/StaticHelper( 3220):       SSE4_2 (1 files):          + SSSE3 SSE4_1 POPCNT SSE4_2
03-30 15:10:04.866 I/OpenCV/StaticHelper( 3220):       FP16 (0 files):            + SSSE3 SSE4_1 POPCNT SSE4_2 FP16 AVX
03-30 15:10:04.866 I/OpenCV/StaticHelper( 3220):       AVX (5 files):             + SSSE3 SSE4_1 POPCNT SSE4_2 AVX
03-30 15:10:04.866 I/OpenCV/StaticHelper( 3220):       AVX2 (10 files):           + SSSE3 SSE4_1 POPCNT SSE4_2 FP16 FMA3 AVX AVX2
03-30 15:10:04.866 I/OpenCV/StaticHelper( 3220): 
03-30 15:10:04.866 I/OpenCV/StaticHelper( 3220):   C/C++:
03-30 15:10:04.866 I/OpenCV/StaticHelper( 3220):     Built as dynamic libs?:      NO
03-30 15:10:04.866 I/OpenCV/StaticHelper( 3220):     C++ Compiler:                /usr/bin/ccache /opt/android/android-ndk-r10e/toolchains/x86_64-4.9/prebuilt/linux-x86_64/bin/x86_64-linux-android-g++ (ver 4.9)
03-30 15:10:04.866 I/OpenCV/StaticHelper( 3220):     C++ flags (Release):         -fexceptions -frtti --sysroot=/opt/android/android-ndk-r10e/platforms/android-21/arch-x86_64 -funwind-tables -funswitch-loops -finline-limit=300 -fsigned-char -no-canonical-prefixes -fdata-sections -ffunction-sections -Wa,--noexecstack  -DANDROID -D__ANDROID_API__=21   -fsigned-char -W -Wall -Werror=return-type -Werror=non-virtual-dtor -Werror=address -Werror=sequence-point -Wformat -Werror=format-security -Wmissing-declarations -Wundef -Winit-self -Wpointer-arith -Wshadow -Wsign-promo -Wuninitialized -Winit-self -Wno-narrowing -Wno-delete-non-virtual-dtor -Wno-comment -Wno-missing-field-initializers -fdiagnostics-show-option -Wno-long-long -fomit-frame-pointer  -msse -msse2 -msse3 -fvisibility=hidden -fvisibility-inlines-hidden -fomit-frame-pointer -fstrict-aliasing -O3 -DNDEBUG  -DNDEBUG
03-30 15:10:04.867 I/OpenCV/StaticHelper( 3220):     C++ flags (Debug):           -fexceptions -frtti --sysroot=/opt/android/android-ndk-r10e/platforms/android-21/arch-x86_64 -funwind-tables -funswitch-loops -finline-limit=300 -fsigned-char -no-canonical-prefixes -fdata-sections -ffunction-sections -Wa,--noexecstack  -DANDROID -D__ANDROID_API__=21   -fsigned-char -W -Wall -Werror=return-type -Werror=non-virtual-dtor -Werror=address -Werror=sequence-point -Wformat -Werror=format-security -Wmissing-declarations -Wundef -Winit-self -Wpointer-arith -Wshadow -Wsign-promo -Wuninitialized -Winit-self -Wno-narrowing -Wno-delete-non-virtual-dtor -Wno-comment -Wno-missing-field-initializers -fdiagnostics-show-option -Wno-long-long -fomit-frame-pointer  -msse -msse2 -msse3 -fvisibility=hidden -fvisibility-inlines-hidden -fno-omit-frame-pointer -fno-strict-aliasing -O0 -g -DDEBUG -D_DEBUG  -DDEBUG -D_DEBUG
03-30 15:10:04.867 I/OpenCV/StaticHelper( 3220):     C Compiler:                  /usr/bin/ccache /opt/android/android-ndk-r10e/toolchains/x86_64-4.9/prebuilt/linux-x86_64/bin/x86_64-linux-android-gcc
03-30 15:10:04.867 I/OpenCV/StaticHelper( 3220):     C flags (Release):           -fexceptions --sysroot=/opt/android/android-ndk-r10e/platforms/android-21/arch-x86_64 -funwind-tables -funswitch-loops -finline-limit=300 -fsigned-char -no-canonical-prefixes -fdata-sections -ffunction-sections -Wa,--noexecstack  -DANDROID -D__ANDROID_API__=21   -fsigned-char -W -Wall -Werror=return-type -Werror=non-virtual-dtor -Werror=address -Werror=sequence-point -Wformat -Werror=format-security -Wmissing-declarations -Wmissing-prototypes -Wstrict-prototypes -Wundef -Winit-self -Wpointer-arith -Wshadow -Wuninitialized -Winit-self -Wno-narrowing -Wno-comment -Wno-missing-field-initializers -fdiagnostics-show-option -Wno-long-long -fomit-frame-pointer  -msse -msse2 -msse3 -fvisibility=hidden -fomit-frame-pointer -fstrict-aliasing -O3 -DNDEBUG  -DNDEBUG
03-30 15:10:04.867 I/OpenCV/StaticHelper( 3220):     C flags (Debug):             -fexceptions --sysroot=/opt/android/android-ndk-r10e/platforms/android-21/arch-x86_64 -funwind-tables -funswitch-loops -finline-limit=300 -fsigned-char -no-canonical-prefixes -fdata-sections -ffunction-sections -Wa,--noexecstack  -DANDROID -D__ANDROID_API__=21   -fsigned-char -W -Wall -Werror=return-type -Werror=non-virtual-dtor -Werror=address -Werror=sequence-point -Wformat -Werror=format-security -Wmissing-declarations -Wmissing-prototypes -Wstrict-prototypes -Wundef -Winit-self -Wpointer-arith -Wshadow -Wuninitialized -Winit-self -Wno-narrowing -Wno-comment -Wno-missing-field-initializers -fdiagnostics-show-option -Wno-long-long -fomit-frame-pointer  -msse -msse2 -msse3 -fvisibility=hidden -fno-omit-frame-pointer -fno-strict-aliasing -O0 -g -DDEBUG -D_DEBUG  -DDEBUG -D_DEBUG
03-30 15:10:04.867 I/OpenCV/StaticHelper( 3220):     Linker flags (Release):      -Wl,--exclude-libs,libippicv.a -Wl,--exclude-libs,libippiw.a  -Wl,--no-undefined -Wl,--gc-sections -Wl,-z,noexecstack -Wl,-z,relro -Wl,-z,now    
03-30 15:10:04.867 I/OpenCV/StaticHelper( 3220):     Linker flags (Debug):        -Wl,--exclude-libs,libippicv.a -Wl,--exclude-libs,libippiw.a  -Wl,--no-undefined -Wl,--gc-sections -Wl,-z,noexecstack -Wl,-z,relro -Wl,-z,now    
03-30 15:10:04.867 I/OpenCV/StaticHelper( 3220):     ccache:                      YES
03-30 15:10:04.867 I/OpenCV/StaticHelper( 3220):     Precompiled headers:         NO
03-30 15:10:04.867 I/OpenCV/StaticHelper( 3220):     Extra dependencies:          z dl m log
03-30 15:10:04.867 I/OpenCV/StaticHelper( 3220):     3rdparty dependencies:       tbb libcpufeatures ittnotify libjpeg-turbo libwebp libpng libtiff libjasper IlmImf libprotobuf quirc ippiw ippicv
03-30 15:10:04.867 I/OpenCV/StaticHelper( 3220): 
03-30 15:10:04.867 I/OpenCV/StaticHelper( 3220):   OpenCV modules:
03-30 15:10:04.867 I/OpenCV/StaticHelper( 3220):     To be built:                 aruco bgsegm bioinspired calib3d ccalib core datasets dnn dnn_objdetect dpm face features2d flann fuzzy hfs highgui img_hash imgcodecs imgproc java java_bindings_generator line_descriptor ml objdetect optflow phase_unwrapping photo plot reg rgbd saliency shape stereo stitching structured_light superres surface_matching text tracking video videoio videostab xfeatures2d ximgproc xobjdetect xphoto
03-30 15:10:04.867 I/OpenCV/StaticHelper( 3220):     Disabled:                    world
03-30 15:10:04.868 I/OpenCV/StaticHelper( 3220):     Disabled by dependency:      -
03-30 15:10:04.868 I/OpenCV/StaticHelper( 3220):     Unavailable:                 cnn_3dobj cudaarithm cudabgsegm cudacodec cudafeatures2d cudafilters cudaimgproc cudalegacy cudaobjdetect cudaoptflow cudastereo cudawarping cudev cvv freetype hdf js matlab ovis python2 python3 sfm ts viz
03-30 15:10:04.868 I/OpenCV/StaticHelper( 3220):     Applications:                android_examples
03-30 15:10:04.868 I/OpenCV/StaticHelper( 3220):     Documentation:               NO
03-30 15:10:04.868 I/OpenCV/StaticHelper( 3220):     Non-free algorithms:         NO
03-30 15:10:04.868 I/OpenCV/StaticHelper( 3220): 
03-30 15:10:04.868 I/OpenCV/StaticHelper( 3220):   Android NDK:                   location: /opt/android/android-ndk-r10e
03-30 15:10:04.868 I/OpenCV/StaticHelper( 3220):     Android ABI:                 x86_64
03-30 15:10:04.868 I/OpenCV/StaticHelper( 3220):     NDK toolchain:               x86_64-4.9
03-30 15:10:04.868 I/OpenCV/StaticHelper( 3220):     STL type:                    gnustl_static
03-30 15:10:04.868 I/OpenCV/StaticHelper( 3220):     Native API level:            21
03-30 15:10:04.868 I/OpenCV/StaticHelper( 3220):   Android SDK:                   /opt/android/android-sdk-java7 (tools: 25.2.2 build tools: 23.0.3)
03-30 15:10:04.868 I/OpenCV/StaticHelper( 3220):     android tool:                /opt/android/android-sdk-java7/tools/android
03-30 15:10:04.868 I/OpenCV/StaticHelper( 3220):     SDK target:                  android-21
03-30 15:10:04.869 I/OpenCV/StaticHelper( 3220):     Projects build scripts:      Ant/Eclipse compatible
03-30 15:10:04.869 I/OpenCV/StaticHelper( 3220): 
03-30 15:10:04.869 I/OpenCV/StaticHelper( 3220):   GUI: 
03-30 15:10:04.869 I/OpenCV/StaticHelper( 3220): 
03-30 15:10:04.869 I/OpenCV/StaticHelper( 3220):   Media I/O: 
03-30 15:10:04.869 I/OpenCV/StaticHelper( 3220):     ZLib:                        z (ver 1.2.3)
03-30 15:10:04.869 I/OpenCV/StaticHelper( 3220):     JPEG:                        build-libjpeg-turbo (ver 1.5.3-62)
03-30 15:10:04.869 I/OpenCV/StaticHelper( 3220):     WEBP:                        build (ver encoder: 0x020e)
03-30 15:10:04.869 I/OpenCV/StaticHelper( 3220):     PNG:                         build (ver 1.6.35)
03-30 15:10:04.869 I/OpenCV/StaticHelper( 3220):     TIFF:                        build (ver 42 - 4.0.9)
03-30 15:10:04.869 I/OpenCV/StaticHelper( 3220):     JPEG 2000:                   build (ver 1.900.1)
03-30 15:10:04.869 I/OpenCV/StaticHelper( 3220):     OpenEXR:                     build (ver 1.7.1)
03-30 15:10:04.870 I/OpenCV/StaticHelper( 3220):     HDR:                         YES
03-30 15:10:04.870 I/OpenCV/StaticHelper( 3220):     SUNRASTER:                   YES
03-30 15:10:04.870 I/OpenCV/StaticHelper( 3220):     PXM:                         YES
03-30 15:10:04.870 I/OpenCV/StaticHelper( 3220): 
03-30 15:10:04.870 I/OpenCV/StaticHelper( 3220):   Video I/O:
03-30 15:10:04.870 I/OpenCV/StaticHelper( 3220): 
03-30 15:10:04.870 I/OpenCV/StaticHelper( 3220):   Parallel framework:            TBB (ver 2018.0 interface 10001)
03-30 15:10:04.947 I/OpenCV/StaticHelper( 3220): 
03-30 15:10:04.948 I/OpenCV/StaticHelper( 3220):   Trace:                         YES (with Intel ITT)
03-30 15:10:04.948 I/OpenCV/StaticHelper( 3220): 
03-30 15:10:04.948 I/OpenCV/StaticHelper( 3220):   Other third-party libraries:
03-30 15:10:04.948 I/OpenCV/StaticHelper( 3220):     Intel IPP:                   2019.0.0 Gold [2019.0.0]
03-30 15:10:04.948 I/OpenCV/StaticHelper( 3220):            at:                   /build/3_4-contrib_pack-contrib-android/build/o4a/3rdparty/ippicv/ippicv_lnx/icv
03-30 15:10:04.948 I/OpenCV/StaticHelper( 3220):     Intel IPP IW:                sources (2019.0.0)
03-30 15:10:04.948 I/OpenCV/StaticHelper( 3220):               at:                /build/3_4-contrib_pack-contrib-android/build/o4a/3rdparty/ippicv/ippicv_lnx/iw
03-30 15:10:04.948 I/OpenCV/StaticHelper( 3220):     Custom HAL:                  NO
03-30 15:10:04.948 I/OpenCV/StaticHelper( 3220):     Protobuf:                    build (3.5.1)
03-30 15:10:04.948 I/OpenCV/StaticHelper( 3220): 
03-30 15:10:04.948 I/OpenCV/StaticHelper( 3220):   Python (for build):            /usr/bin/python2.7
03-30 15:10:04.948 I/OpenCV/StaticHelper( 3220): 
03-30 15:10:04.948 I/OpenCV/StaticHelper( 3220):   Java:                          export all functions
03-30 15:10:04.948 I/OpenCV/StaticHelper( 3220):     ant:                         /usr/bin/ant (ver 1.9.3)
03-30 15:10:04.948 I/OpenCV/StaticHelper( 3220):     Java wrappers:               YES
03-30 15:10:04.949 I/OpenCV/StaticHelper( 3220):     Java tests:                  NO
03-30 15:10:04.949 I/OpenCV/StaticHelper( 3220): 
03-30 15:10:04.949 I/OpenCV/StaticHelper( 3220):   Install to:                    /build/3_4-contrib_pack-contrib-android/build/o4a/install
03-30 15:10:04.949 I/OpenCV/StaticHelper( 3220): -----------------------------------------------------------------
03-30 15:10:04.949 D/OpenCv  ( 3220): OpenCV loaded
03-30 15:10:06.990 I/Registrar( 3220): MasterXmlRpcEndpoint URI: http://llp:11311
03-30 15:10:07.464 I/Registrar( 3220): Registering publisher: Publisher<PublisherDefinition<PublisherIdentifier<NodeIdentifier</kibo_rpc_api, http://hlp:36917/>, TopicIdentifier</rosout>>, Topic<TopicIdentifier</rosout>, TopicDescription<rosgraph_msgs/Log, acffd30cd6b6de30f120938c17c593fb>>>>
03-30 15:10:08.571 I/Registrar( 3220): Response<Success, Registered [/kibo_rpc_api] as publisher of [/rosout], [http://10.42.0.34:45801/, http://10.42.0.34:42125/]>
03-30 15:10:08.580 I/DefaultPublisher( 3220): Publisher registered: Publisher<PublisherDefinition<PublisherIdentifier<NodeIdentifier</kibo_rpc_api, http://hlp:36917/>, TopicIdentifier</rosout>>, Topic<TopicIdentifier</rosout>, TopicDescription<rosgraph_msgs/Log, acffd30cd6b6de30f120938c17c593fb>>>>
03-30 15:10:09.102 I/Registrar( 3220): Registering subscriber: Subscriber<Topic<TopicIdentifier</clock>, TopicDescription<rosgraph_msgs/Clock, a9c97c1d230cfc112e270351a944ee47>>>
03-30 15:10:09.515 I/Registrar( 3220): Response<Success, Subscribed to [/clock], [http://10.42.0.34:36159/]>
03-30 15:10:09.571 I/DefaultSubscriber( 3220): Subscriber registered: Subscriber<Topic<TopicIdentifier</clock>, TopicDescription<rosgraph_msgs/Clock, a9c97c1d230cfc112e270351a944ee47>>>
03-30 15:10:10.370 I/Registrar( 3220): Registering publisher: Publisher<PublisherDefinition<PublisherIdentifier<NodeIdentifier</kibo_rpc_api, http://hlp:36917/>, TopicIdentifier</command>>, Topic<TopicIdentifier</command>, TopicDescription<ff_msgs/CommandStamped, ac01350894b1be9e3a7b4f390a14812d>>>>
03-30 15:10:10.421 I/Registrar( 3220): MasterXmlRpcEndpoint URI: http://llp:11311
03-30 15:10:11.110 I/Registrar( 3220): Response<Success, Registered [/kibo_rpc_api] as publisher of [/command], [http://10.42.0.34:42125/, http://10.42.0.34:35086/]>
03-30 15:10:11.118 I/DefaultPublisher( 3220): Publisher registered: Publisher<PublisherDefinition<PublisherIdentifier<NodeIdentifier</kibo_rpc_api, http://hlp:36917/>, TopicIdentifier</command>>, Topic<TopicIdentifier</command>, TopicDescription<ff_msgs/CommandStamped, ac01350894b1be9e3a7b4f390a14812d>>>>
03-30 15:10:11.141 I/Registrar( 3220): Registering publisher: Publisher<PublisherDefinition<PublisherIdentifier<NodeIdentifier</GetterNode, http://hlp:49076/>, TopicIdentifier</rosout>>, Topic<TopicIdentifier</rosout>, TopicDescription<rosgraph_msgs/Log, acffd30cd6b6de30f120938c17c593fb>>>>
03-30 15:10:11.690 I/Registrar( 3220): Registering subscriber: Subscriber<Topic<TopicIdentifier</mgt/ack>, TopicDescription<ff_msgs/AckStamped, cebddec69fd770df54633be444a9187d>>>
03-30 15:10:12.418 I/Registrar( 3220): Response<Success, Registered [/GetterNode] as publisher of [/rosout], [http://10.42.0.34:45801/, http://10.42.0.34:42125/]>
03-30 15:10:12.657 I/Registrar( 3220): Response<Success, Subscribed to [/mgt/ack], [http://10.42.0.34:35086/]>
03-30 15:10:12.837 W/art     ( 3220): Suspending all threads took: 22.935ms
03-30 15:10:12.901 I/DefaultPublisher( 3220): Publisher registered: Publisher<PublisherDefinition<PublisherIdentifier<NodeIdentifier</GetterNode, http://hlp:49076/>, TopicIdentifier</rosout>>, Topic<TopicIdentifier</rosout>, TopicDescription<rosgraph_msgs/Log, acffd30cd6b6de30f120938c17c593fb>>>>
03-30 15:10:12.978 I/DefaultSubscriber( 3220): Subscriber registered: Subscriber<Topic<TopicIdentifier</mgt/ack>, TopicDescription<ff_msgs/AckStamped, cebddec69fd770df54633be444a9187d>>>
03-30 15:10:13.139 W/art     ( 3220): Suspending all threads took: 52.268ms
03-30 15:10:13.635 I/art     ( 3147): Background sticky concurrent mark sweep GC freed 102915(2MB) AllocSpace objects, 13(252KB) LOS objects, 34% free, 6MB/10MB, paused 3.123ms total 263.941ms
03-30 15:10:14.032 I/Registrar( 3220): Registering subscriber: Subscriber<Topic<TopicIdentifier</clock>, TopicDescription<rosgraph_msgs/Clock, a9c97c1d230cfc112e270351a944ee47>>>
03-30 15:10:14.948 I/Registrar( 3220): Response<Success, Subscribed to [/clock], [http://10.42.0.34:36159/]>
03-30 15:10:14.970 I/DefaultSubscriber( 3220): Subscriber registered: Subscriber<Topic<TopicIdentifier</clock>, TopicDescription<rosgraph_msgs/Clock, a9c97c1d230cfc112e270351a944ee47>>>
03-30 15:10:14.977 D/KiboRpcApi( 3220): GetterNode initialization started.
03-30 15:10:15.270 I/Registrar( 3220): Registering subscriber: Subscriber<Topic<TopicIdentifier</gnc/ekf>, TopicDescription<ff_msgs/EkfState, 543b97822b033d7199b506ad4005f134>>>
03-30 15:10:15.334 W/art     ( 3220): Long monitor contention with owner pool-1-thread-3 (3243) at void gov.nasa.arc.astrobee.ros.internal.RobotNodeMain.onStart(org.ros.node.ConnectedNode)(RobotNodeMain.java:-1) waiters=0 in org.ros.message.MessageFactory gov.nasa.arc.astrobee.ros.internal.RobotNodeMain.getTopicMessageFactory() for 5.142s
03-30 15:10:15.361 W/art     ( 3220): Long monitor contention with owner pool-1-thread-3 (3243) at void gov.nasa.arc.astrobee.ros.internal.RobotNodeMain.onStart(org.ros.node.ConnectedNode)(RobotNodeMain.java:-1) waiters=1 in void gov.nasa.arc.astrobee.ros.internal.RobotNodeMain$1.onNewSubscriber(org.ros.node.topic.Publisher, org.ros.internal.node.topic.SubscriberIdentifier) for 3.270s
03-30 15:10:15.832 W/art     ( 3220): Suspending all threads took: 12.324ms
03-30 15:10:16.027 W/art     ( 3220): Long monitor contention with owner New I/O  worker #9 (3283) at boolean org.ros.concurrent.CircularBlockingDeque.addLast(java.lang.Object)(CircularBlockingDeque.java:72) waiters=1 in void java.lang.Object.wait!() for 165ms
03-30 15:10:16.277 I/Registrar( 3220): Registering subscriber: Subscriber<Topic<TopicIdentifier</hw/imu>, TopicDescription<sensor_msgs/Imu, 6a62c6daae103f4ff57a132d6f95cec2>>>
03-30 15:10:16.594 I/Registrar( 3220): Response<Success, Subscribed to [/gnc/ekf], [http://10.42.0.34:37877/]>
03-30 15:10:16.657 I/DefaultSubscriber( 3220): Subscriber registered: Subscriber<Topic<TopicIdentifier</gnc/ekf>, TopicDescription<ff_msgs/EkfState, 543b97822b033d7199b506ad4005f134>>>
03-30 15:10:17.118 I/Registrar( 3220): Registering subscriber: Subscriber<Topic<TopicIdentifier</hw/cam_nav>, TopicDescription<sensor_msgs/Image, 060021388200f6f0f447d0fcd9c64743>>>
03-30 15:10:17.496 I/Registrar( 3220): Response<Success, Subscribed to [/hw/imu], [http://10.42.0.34:36159/]>
03-30 15:10:17.571 I/DefaultSubscriber( 3220): Subscriber registered: Subscriber<Topic<TopicIdentifier</hw/imu>, TopicDescription<sensor_msgs/Imu, 6a62c6daae103f4ff57a132d6f95cec2>>>
03-30 15:10:17.735 I/Registrar( 3220): Response<Success, Subscribed to [/hw/cam_nav], [http://10.42.0.34:36159/]>
03-30 15:10:18.019 I/DefaultSubscriber( 3220): Subscriber registered: Subscriber<Topic<TopicIdentifier</hw/cam_nav>, TopicDescription<sensor_msgs/Image, 060021388200f6f0f447d0fcd9c64743>>>
03-30 15:10:18.617 I/Registrar( 3220): Registering subscriber: Subscriber<Topic<TopicIdentifier</hw/cam_dock>, TopicDescription<sensor_msgs/Image, 060021388200f6f0f447d0fcd9c64743>>>
03-30 15:10:18.746 W/art     ( 3220): Suspending all threads took: 8.349ms
03-30 15:10:19.713 W/art     ( 3220): Long monitor contention with owner New I/O  worker #9 (3283) at boolean org.ros.concurrent.CircularBlockingDeque.addLast(java.lang.Object)(CircularBlockingDeque.java:72) waiters=1 in void java.lang.Object.wait!() for 177ms
03-30 15:10:20.091 W/art     ( 3220): Long monitor contention with owner New I/O  worker #9 (3283) at boolean org.ros.concurrent.CircularBlockingDeque.addLast(java.lang.Object)(CircularBlockingDeque.java:72) waiters=1 in void java.lang.Object.wait!() for 211ms
03-30 15:10:20.635 W/art     ( 3220): Long monitor contention with owner New I/O  worker #17 (3328) at boolean org.ros.concurrent.CircularBlockingDeque.addLast(java.lang.Object)(CircularBlockingDeque.java:72) waiters=1 in void java.lang.Object.wait!() for 391ms
03-30 15:10:21.469 I/Registrar( 3220): Response<Success, Subscribed to [/hw/cam_dock], [http://10.42.0.34:36159/]>
03-30 15:10:21.554 I/DefaultSubscriber( 3220): Subscriber registered: Subscriber<Topic<TopicIdentifier</hw/cam_dock>, TopicDescription<sensor_msgs/Image, 060021388200f6f0f447d0fcd9c64743>>>
03-30 15:10:21.567 W/art     ( 3220): Suspending all threads took: 6.684ms
03-30 15:10:21.906 I/Registrar( 3220): Registering subscriber: Subscriber<Topic<TopicIdentifier</hw/depth_haz/points>, TopicDescription<sensor_msgs/PointCloud2, 1158d486dd51d683ce2f1be655c3c181>>>
03-30 15:10:22.142 I/KiboRpcApi( 3220): [printLogCommandResult] Command status: OK(1)
03-30 15:10:22.142 I/KiboRpcApi( 3220): Done
03-30 15:10:22.175 I/KiboRpcApi( 3220): [setPlanner] Planner is set to trapezoidal
03-30 15:10:22.175 I/KiboRpcApi( 3220): [moveTo] Planner is set to trapezoidal.
03-30 15:10:22.728 W/art     ( 3220): Long monitor contention with owner New I/O  worker #25 (3336) at boolean org.ros.concurrent.CircularBlockingDeque.addLast(java.lang.Object)(CircularBlockingDeque.java:72) waiters=1 in void java.lang.Object.wait!() for 160ms
03-30 15:10:23.201 I/Registrar( 3220): Response<Success, Subscribed to [/hw/depth_haz/points], [http://10.42.0.34:36159/]>
03-30 15:10:23.307 I/DefaultSubscriber( 3220): Subscriber registered: Subscriber<Topic<TopicIdentifier</hw/depth_haz/points>, TopicDescription<sensor_msgs/PointCloud2, 1158d486dd51d683ce2f1be655c3c181>>>
03-30 15:10:23.328 I/KiboRpcApi( 3220): [printLogCommandResult] Command status: OK(1)
03-30 15:10:23.328 I/KiboRpcApi( 3220): Done
